Archive member included to satisfy reference by file (symbol)

d:/stmicroelectronics/stm32cubeide_1.10.1/stm32cubeide/plugins/com.st.stm32cube.ide.mcu.externaltools.gnu-tools-for-stm32.10.3-2021.10.win32_1.0.0.202111181127/tools/bin/../lib/gcc/arm-none-eabi/10.3.1/../../../../arm-none-eabi/lib/thumb/v6-m/nofp\libc_nano.a(lib_a-errno.o)
                              ./Application/SW4STM32/syscalls.o (__errno)
d:/stmicroelectronics/stm32cubeide_1.10.1/stm32cubeide/plugins/com.st.stm32cube.ide.mcu.externaltools.gnu-tools-for-stm32.10.3-2021.10.win32_1.0.0.202111181127/tools/bin/../lib/gcc/arm-none-eabi/10.3.1/../../../../arm-none-eabi/lib/thumb/v6-m/nofp\libc_nano.a(lib_a-exit.o)
                              d:/stmicroelectronics/stm32cubeide_1.10.1/stm32cubeide/plugins/com.st.stm32cube.ide.mcu.externaltools.gnu-tools-for-stm32.10.3-2021.10.win32_1.0.0.202111181127/tools/bin/../lib/gcc/arm-none-eabi/10.3.1/../../../../arm-none-eabi/lib/thumb/v6-m/nofp/crt0.o (exit)
d:/stmicroelectronics/stm32cubeide_1.10.1/stm32cubeide/plugins/com.st.stm32cube.ide.mcu.externaltools.gnu-tools-for-stm32.10.3-2021.10.win32_1.0.0.202111181127/tools/bin/../lib/gcc/arm-none-eabi/10.3.1/../../../../arm-none-eabi/lib/thumb/v6-m/nofp\libc_nano.a(lib_a-impure.o)
                              d:/stmicroelectronics/stm32cubeide_1.10.1/stm32cubeide/plugins/com.st.stm32cube.ide.mcu.externaltools.gnu-tools-for-stm32.10.3-2021.10.win32_1.0.0.202111181127/tools/bin/../lib/gcc/arm-none-eabi/10.3.1/../../../../arm-none-eabi/lib/thumb/v6-m/nofp\libc_nano.a(lib_a-exit.o) (_global_impure_ptr)
d:/stmicroelectronics/stm32cubeide_1.10.1/stm32cubeide/plugins/com.st.stm32cube.ide.mcu.externaltools.gnu-tools-for-stm32.10.3-2021.10.win32_1.0.0.202111181127/tools/bin/../lib/gcc/arm-none-eabi/10.3.1/../../../../arm-none-eabi/lib/thumb/v6-m/nofp\libc_nano.a(lib_a-init.o)
                              d:/stmicroelectronics/stm32cubeide_1.10.1/stm32cubeide/plugins/com.st.stm32cube.ide.mcu.externaltools.gnu-tools-for-stm32.10.3-2021.10.win32_1.0.0.202111181127/tools/bin/../lib/gcc/arm-none-eabi/10.3.1/../../../../arm-none-eabi/lib/thumb/v6-m/nofp/crt0.o (__libc_init_array)
d:/stmicroelectronics/stm32cubeide_1.10.1/stm32cubeide/plugins/com.st.stm32cube.ide.mcu.externaltools.gnu-tools-for-stm32.10.3-2021.10.win32_1.0.0.202111181127/tools/bin/../lib/gcc/arm-none-eabi/10.3.1/../../../../arm-none-eabi/lib/thumb/v6-m/nofp\libc_nano.a(lib_a-memcpy-stub.o)
                              ./Application/App/lora_driver.o (memcpy)
d:/stmicroelectronics/stm32cubeide_1.10.1/stm32cubeide/plugins/com.st.stm32cube.ide.mcu.externaltools.gnu-tools-for-stm32.10.3-2021.10.win32_1.0.0.202111181127/tools/bin/../lib/gcc/arm-none-eabi/10.3.1/../../../../arm-none-eabi/lib/thumb/v6-m/nofp\libc_nano.a(lib_a-memset.o)
                              d:/stmicroelectronics/stm32cubeide_1.10.1/stm32cubeide/plugins/com.st.stm32cube.ide.mcu.externaltools.gnu-tools-for-stm32.10.3-2021.10.win32_1.0.0.202111181127/tools/bin/../lib/gcc/arm-none-eabi/10.3.1/../../../../arm-none-eabi/lib/thumb/v6-m/nofp/crt0.o (memset)
d:/stmicroelectronics/stm32cubeide_1.10.1/stm32cubeide/plugins/com.st.stm32cube.ide.mcu.externaltools.gnu-tools-for-stm32.10.3-2021.10.win32_1.0.0.202111181127/tools/bin/../lib/gcc/arm-none-eabi/10.3.1/../../../../arm-none-eabi/lib/thumb/v6-m/nofp\libc_nano.a(lib_a-strchr.o)
                              ./Application/App/lora_driver.o (strchr)
d:/stmicroelectronics/stm32cubeide_1.10.1/stm32cubeide/plugins/com.st.stm32cube.ide.mcu.externaltools.gnu-tools-for-stm32.10.3-2021.10.win32_1.0.0.202111181127/tools/bin/../lib/gcc/arm-none-eabi/10.3.1/../../../../arm-none-eabi/lib/thumb/v6-m/nofp\libc_nano.a(lib_a-strcpy.o)
                              ./Drivers/BSP/MDM32WL/mdm32wl_atcmd.o (strcpy)
d:/stmicroelectronics/stm32cubeide_1.10.1/stm32cubeide/plugins/com.st.stm32cube.ide.mcu.externaltools.gnu-tools-for-stm32.10.3-2021.10.win32_1.0.0.202111181127/tools/bin/../lib/gcc/arm-none-eabi/10.3.1/../../../../arm-none-eabi/lib/thumb/v6-m/nofp\libc_nano.a(lib_a-strlen.o)
                              ./Application/App/lora_driver.o (strlen)
d:/stmicroelectronics/stm32cubeide_1.10.1/stm32cubeide/plugins/com.st.stm32cube.ide.mcu.externaltools.gnu-tools-for-stm32.10.3-2021.10.win32_1.0.0.202111181127/tools/bin/../lib/gcc/arm-none-eabi/10.3.1/../../../../arm-none-eabi/lib/thumb/v6-m/nofp\libc_nano.a(lib_a-strncmp.o)
                              ./Drivers/BSP/MDM32WL/mdm32wl_atcmd.o (strncmp)
d:/stmicroelectronics/stm32cubeide_1.10.1/stm32cubeide/plugins/com.st.stm32cube.ide.mcu.externaltools.gnu-tools-for-stm32.10.3-2021.10.win32_1.0.0.202111181127/tools/bin/../lib/gcc/arm-none-eabi/10.3.1/thumb/v6-m/nofp\libgcc.a(_thumb1_case_sqi.o)
                              ./Drivers/STM32L0xx_HAL_Driver/stm32l0xx_hal_uart.o (__gnu_thumb1_case_sqi)
[...]
Memory Configuration

Name             Origin             Length             Attributes
FLASH            0x0000000008000000 0x0000000000030000 xr
RAM              0x0000000020000000 0x0000000000005000 xrw
*default*        0x0000000000000000 0xffffffffffffffff

Linker script and memory map

LOAD d:/stmicroelectronics/stm32cubeide_1.10.1/stm32cubeide/plugins/com.st.stm32cube.ide.mcu.externaltools.gnu-tools-for-stm32.10.3-2021.10.win32_1.0.0.202111181127/tools/bin/../lib/gcc/arm-none-eabi/10.3.1/thumb/v6-m/nofp/crti.o
LOAD d:/stmicroelectronics/stm32cubeide_1.10.1/stm32cubeide/plugins/com.st.stm32cube.ide.mcu.externaltools.gnu-tools-for-stm32.10.3-2021.10.win32_1.0.0.202111181127/tools/bin/../lib/gcc/arm-none-eabi/10.3.1/thumb/v6-m/nofp/crtbegin.o
LOAD d:/stmicroelectronics/stm32cubeide_1.10.1/stm32cubeide/plugins/com.st.stm32cube.ide.mcu.externaltools.gnu-tools-for-stm32.10.3-2021.10.win32_1.0.0.202111181127/tools/bin/../lib/gcc/arm-none-eabi/10.3.1/../../../../arm-none-eabi/lib/thumb/v6-m/nofp/crt0.o
LOAD ./Application/App/app_master.o
LOAD ./Application/App/lora_driver.o
LOAD ./Application/App/master_app.o
LOAD ./Application/Core/adc.o
LOAD ./Application/Core/adc_if.o
LOAD ./Application/Core/ee.o
LOAD ./Application/Core/main.o
LOAD ./Application/Core/rtc.o
LOAD ./Application/Core/rtc_if.o
LOAD ./Application/Core/stm32_lpm_if.o
LOAD ./Application/Core/stm32l0xx_hal_msp.o
LOAD ./Application/Core/stm32l0xx_it.o
LOAD ./Application/Core/sys_app.o
LOAD ./Application/Core/sys_debug.o
LOAD ./Application/Core/sys_sensors.o
LOAD ./Application/Core/usart.o
LOAD ./Application/SW4STM32/startup_stm32l073xx.o
LOAD ./Application/SW4STM32/syscalls.o
LOAD ./Drivers/BSP/MDM32WL/mdm32wl_atcmd.o
LOAD ./Drivers/BSP/STM32L0xx_Nucleo/stm32l0xx_nucleo.o
LOAD ./Drivers/CMSIS/system_stm32l0xx.o
LOAD ./Drivers/STM32L0xx_HAL_Driver/stm32l0xx_hal.o
LOAD ./Drivers/STM32L0xx_HAL_Driver/stm32l0xx_hal_adc.o
LOAD ./Drivers/STM32L0xx_HAL_Driver/stm32l0xx_hal_adc_ex.o
LOAD ./Drivers/STM32L0xx_HAL_Driver/stm32l0xx_hal_cortex.o
LOAD ./Drivers/STM32L0xx_HAL_Driver/stm32l0xx_hal_dma.o
LOAD ./Drivers/STM32L0xx_HAL_Driver/stm32l0xx_hal_flash.o
LOAD ./Drivers/STM32L0xx_HAL_Driver/stm32l0xx_hal_flash_ex.o
LOAD ./Drivers/STM32L0xx_HAL_Driver/stm32l0xx_hal_flash_ramfunc.o
LOAD ./Drivers/STM32L0xx_HAL_Driver/stm32l0xx_hal_gpio.o
LOAD ./Drivers/STM32L0xx_HAL_Driver/stm32l0xx_hal_i2c.o
LOAD ./Drivers/STM32L0xx_HAL_Driver/stm32l0xx_hal_i2c_ex.o
LOAD ./Drivers/STM32L0xx_HAL_Driver/stm32l0xx_hal_pwr.o
LOAD ./Drivers/STM32L0xx_HAL_Driver/stm32l0xx_hal_pwr_ex.o
LOAD ./Drivers/STM32L0xx_HAL_Driver/stm32l0xx_hal_rcc.o
LOAD ./Drivers/STM32L0xx_HAL_Driver/stm32l0xx_hal_rcc_ex.o
LOAD ./Drivers/STM32L0xx_HAL_Driver/stm32l0xx_hal_rtc.o
LOAD ./Drivers/STM32L0xx_HAL_Driver/stm32l0xx_hal_rtc_ex.o
LOAD ./Drivers/STM32L0xx_HAL_Driver/stm32l0xx_hal_tim.o
LOAD ./Drivers/STM32L0xx_HAL_Driver/stm32l0xx_hal_tim_ex.o
LOAD ./Drivers/STM32L0xx_HAL_Driver/stm32l0xx_hal_uart.o
LOAD ./Drivers/STM32L0xx_HAL_Driver/stm32l0xx_hal_uart_ex.o
LOAD ./Utilities/stm32_lpm.o
LOAD ./Utilities/stm32_mem.o
LOAD ./Utilities/stm32_timer.o
LOAD ./Utilities/stm32_tiny_sscanf.o
LOAD ./Utilities/stm32_tiny_vsnprintf.o
START GROUP
LOAD d:/stmicroelectronics/stm32cubeide_1.10.1/stm32cubeide/plugins/com.st.stm32cube.ide.mcu.externaltools.gnu-tools-for-stm32.10.3-2021.10.win32_1.0.0.202111181127/tools/bin/../lib/gcc/arm-none-eabi/10.3.1/../../../../arm-none-eabi/lib/thumb/v6-m/nofp\libc_nano.a
LOAD d:/stmicroelectronics/stm32cubeide_1.10.1/stm32cubeide/plugins/com.st.stm32cube.ide.mcu.externaltools.gnu-tools-for-stm32.10.3-2021.10.win32_1.0.0.202111181127/tools/bin/../lib/gcc/arm-none-eabi/10.3.1/../../../../arm-none-eabi/lib/thumb/v6-m/nofp\libm.a
END GROUP
START GROUP
LOAD d:/stmicroelectronics/stm32cubeide_1.10.1/stm32cubeide/plugins/com.st.stm32cube.ide.mcu.externaltools.gnu-tools-for-stm32.10.3-2021.10.win32_1.0.0.202111181127/tools/bin/../lib/gcc/arm-none-eabi/10.3.1/thumb/v6-m/nofp\libgcc.a
LOAD d:/stmicroelectronics/stm32cubeide_1.10.1/stm32cubeide/plugins/com.st.stm32cube.ide.mcu.externaltools.gnu-tools-for-stm32.10.3-2021.10.win32_1.0.0.202111181127/tools/bin/../lib/gcc/arm-none-eabi/10.3.1/../../../../arm-none-eabi/lib/thumb/v6-m/nofp\libc_nano.a
END GROUP
START GROUP
LOAD d:/stmicroelectronics/stm32cubeide_1.10.1/stm32cubeide/plugins/com.st.stm32cube.ide.mcu.externaltools.gnu-tools-for-stm32.10.3-2021.10.win32_1.0.0.202111181127/tools/bin/../lib/gcc/arm-none-eabi/10.3.1/thumb/v6-m/nofp\libgcc.a
LOAD d:/stmicroelectronics/stm32cubeide_1.10.1/stm32cubeide/plugins/com.st.stm32cube.ide.mcu.externaltools.gnu-tools-for-stm32.10.3-2021.10.win32_1.0.0.202111181127/tools/bin/../lib/gcc/arm-none-eabi/10.3.1/../../../../arm-none-eabi/lib/thumb/v6-m/nofp\libc_nano.a
LOAD d:/stmicroelectronics/stm32cubeide_1.10.1/stm32cubeide/plugins/com.st.stm32cube.ide.mcu.externaltools.gnu-tools-for-stm32.10.3-2021.10.win32_1.0.0.202111181127/tools/bin/../lib/gcc/arm-none-eabi/10.3.1/../../../../arm-none-eabi/lib/thumb/v6-m/nofp\libnosys.a
END GROUP
START GROUP
LOAD d:/stmicroelectronics/stm32cubeide_1.10.1/stm32cubeide/plugins/com.st.stm32cube.ide.mcu.externaltools.gnu-tools-for-stm32.10.3-2021.10.win32_1.0.0.202111181127/tools/bin/../lib/gcc/arm-none-eabi/10.3.1/thumb/v6-m/nofp\libgcc.a
LOAD d:/stmicroelectronics/stm32cubeide_1.10.1/stm32cubeide/plugins/com.st.stm32cube.ide.mcu.externaltools.gnu-tools-for-stm32.10.3-2021.10.win32_1.0.0.202111181127/tools/bin/../lib/gcc/arm-none-eabi/10.3.1/../../../../arm-none-eabi/lib/thumb/v6-m/nofp\libc_nano.a
LOAD d:/stmicroelectronics/stm32cubeide_1.10.1/stm32cubeide/plugins/com.st.stm32cube.ide.mcu.externaltools.gnu-tools-for-stm32.10.3-2021.10.win32_1.0.0.202111181127/tools/bin/../lib/gcc/arm-none-eabi/10.3.1/../../../../arm-none-eabi/lib/thumb/v6-m/nofp\libnosys.a
END GROUP
LOAD d:/stmicroelectronics/stm32cubeide_1.10.1/stm32cubeide/plugins/com.st.stm32cube.ide.mcu.externaltools.gnu-tools-for-stm32.10.3-2021.10.win32_1.0.0.202111181127/tools/bin/../lib/gcc/arm-none-eabi/10.3.1/thumb/v6-m/nofp/crtend.o
LOAD d:/stmicroelectronics/stm32cubeide_1.10.1/stm32cubeide/plugins/com.st.stm32cube.ide.mcu.externaltools.gnu-tools-for-stm32.10.3-2021.10.win32_1.0.0.202111181127/tools/bin/../lib/gcc/arm-none-eabi/10.3.1/thumb/v6-m/nofp/crtn.o
                0x0000000020005000                _estack = 0x20005000
                0x0000000000000200                _Min_Heap_Size = 0x200
                0x0000000000000600                _Min_Stack_Size = 0x600

.isr_vector     0x0000000008000000       0xc0
                0x0000000008000000                . = ALIGN (0x4)
 *(.isr_vector)
 .isr_vector    0x0000000008000000       0xc0 ./Application/SW4STM32/startup_stm32l073xx.o
                0x0000000008000000                g_pfnVectors
                0x00000000080000c0                . = ALIGN (0x4)

.text           0x00000000080000c0     0x49bc
                0x00000000080000c0                . = ALIGN (0x4)
 *(.text)
 .text          0x00000000080000c0       0x48 d:/stmicroelectronics/stm32cubeide_1.10.1/stm32cubeide/plugins/com.st.stm32cube.ide.mcu.externaltools.gnu-tools-for-stm32.10.3-2021.10.win32_1.0.0.202111181127/tools/bin/../lib/gcc/arm-none-eabi/10.3.1/thumb/v6-m/nofp/crtbegin.o
 .text          0x0000000008000108        0xe d:/stmicroelectronics/stm32cubeide_1.10.1/stm32cubeide/plugins/com.st.stm32cube.ide.mcu.externaltools.gnu-tools-for-stm32.10.3-2021.10.win32_1.0.0.202111181127/tools/bin/../lib/gcc/arm-none-eabi/10.3.1/../../../../arm-none-eabi/lib/thumb/v6-m/nofp\libc_nano.a(lib_a-strlen.o)
                0x0000000008000108                strlen
 *fill*         0x0000000008000116        0x2 
 .text          0x0000000008000118       0x14 d:/stmicroelectronics/stm32cubeide_1.10.1/stm32cubeide/plugins/com.st.stm32cube.ide.mcu.externaltools.gnu-tools-for-stm32.10.3-2021.10.win32_1.0.0.202111181127/tools/bin/../lib/gcc/arm-none-eabi/10.3.1/thumb/v6-m/nofp\libgcc.a(_thumb1_case_sqi.o)
                0x0000000008000118                __gnu_thumb1_case_sqi
 .text          0x000000000800012c       0x14 d:/stmicroelectronics/stm32cubeide_1.10.1/stm32cubeide/plugins/com.st.stm32cube.ide.mcu.externaltools.gnu-tools-for-stm32.10.3-2021.10.win32_1.0.0.202111181127/tools/bin/../lib/gcc/arm-none-eabi/10.3.1/thumb/v6-m/nofp\libgcc.a(_thumb1_case_uqi.o)
                0x000000000800012c                __gnu_thumb1_case_uqi
 .text          0x0000000008000140       0x14 d:/stmicroelectronics/stm32cubeide_1.10.1/stm32cubeide/plugins/com.st.stm32cube.ide.mcu.externaltools.gnu-tools-for-stm32.10.3-2021.10.win32_1.0.0.202111181127/tools/bin/../lib/gcc/arm-none-eabi/10.3.1/thumb/v6-m/nofp\libgcc.a(_thumb1_case_shi.o)
                0x0000000008000140                __gnu_thumb1_case_shi
 .text          0x0000000008000154      0x114 d:/stmicroelectronics/stm32cubeide_1.10.1/stm32cubeide/plugins/com.st.stm32cube.ide.mcu.externaltools.gnu-tools-for-stm32.10.3-2021.10.win32_1.0.0.202111181127/tools/bin/../lib/gcc/arm-none-eabi/10.3.1/thumb/v6-m/nofp\libgcc.a(_udivsi3.o)
                0x0000000008000154                __aeabi_uidiv
                0x0000000008000154                __udivsi3
                0x0000000008000260                __aeabi_uidivmod
 .text          0x0000000008000268      0x1d4 d:/stmicroelectronics/stm32cubeide_1.10.1/stm32cubeide/plugins/com.st.stm32cube.ide.mcu.externaltools.gnu-tools-for-stm32.10.3-2021.10.win32_1.0.0.202111181127/tools/bin/../lib/gcc/arm-none-eabi/10.3.1/thumb/v6-m/nofp\libgcc.a(_divsi3.o)
                0x0000000008000268                __divsi3
                0x0000000008000268                __aeabi_idiv
                0x0000000008000434                __aeabi_idivmod
 .text          0x000000000800043c        0x4 d:/stmicroelectronics/stm32cubeide_1.10.1/stm32cubeide/plugins/com.st.stm32cube.ide.mcu.externaltools.gnu-tools-for-stm32.10.3-2021.10.win32_1.0.0.202111181127/tools/bin/../lib/gcc/arm-none-eabi/10.3.1/thumb/v6-m/nofp\libgcc.a(_dvmd_tls.o)
                0x000000000800043c                __aeabi_idiv0
                0x000000000800043c                __aeabi_ldiv0
 .text          0x0000000008000440       0x40 d:/stmicroelectronics/stm32cubeide_1.10.1/stm32cubeide/plugins/com.st.stm32cube.ide.mcu.externaltools.gnu-tools-for-stm32.10.3-2021.10.win32_1.0.0.202111181127/tools/bin/../lib/gcc/arm-none-eabi/10.3.1/thumb/v6-m/nofp\libgcc.a(_aeabi_uldivmod.o)
                0x0000000008000440                __aeabi_uldivmod
 .text          0x0000000008000480       0x5c d:/stmicroelectronics/stm32cubeide_1.10.1/stm32cubeide/plugins/com.st.stm32cube.ide.mcu.externaltools.gnu-tools-for-stm32.10.3-2021.10.win32_1.0.0.202111181127/tools/bin/../lib/gcc/arm-none-eabi/10.3.1/thumb/v6-m/nofp\libgcc.a(_muldi3.o)
                0x0000000008000480                __muldi3
                0x0000000008000480                __aeabi_lmul
 .text          0x00000000080004dc       0x30 d:/stmicroelectronics/stm32cubeide_1.10.1/stm32cubeide/plugins/com.st.stm32cube.ide.mcu.externaltools.gnu-tools-for-stm32.10.3-2021.10.win32_1.0.0.202111181127/tools/bin/../lib/gcc/arm-none-eabi/10.3.1/thumb/v6-m/nofp\libgcc.a(_fixunssfsi.o)
                0x00000000080004dc                __fixunssfsi
                0x00000000080004dc                __aeabi_f2uiz
 .text          0x000000000800050c      0x198 d:/stmicroelectronics/stm32cubeide_1.10.1/stm32cubeide/plugins/com.st.stm32cube.ide.mcu.externaltools.gnu-tools-for-stm32.10.3-2021.10.win32_1.0.0.202111181127/tools/bin/../lib/gcc/arm-none-eabi/10.3.1/thumb/v6-m/nofp\libgcc.a(_udivmoddi4.o)
                0x000000000800050c                __udivmoddi4
 .text          0x00000000080006a4      0x33c d:/stmicroelectronics/stm32cubeide_1.10.1/stm32cubeide/plugins/com.st.stm32cube.ide.mcu.externaltools.gnu-tools-for-stm32.10.3-2021.10.win32_1.0.0.202111181127/tools/bin/../lib/gcc/arm-none-eabi/10.3.1/thumb/v6-m/nofp\libgcc.a(addsf3.o)
                0x00000000080006a4                __aeabi_fadd
 .text          0x00000000080009e0      0x230 d:/stmicroelectronics/stm32cubeide_1.10.1/stm32cubeide/plugins/com.st.stm32cube.ide.mcu.externaltools.gnu-tools-for-stm32.10.3-2021.10.win32_1.0.0.202111181127/tools/bin/../lib/gcc/arm-none-eabi/10.3.1/thumb/v6-m/nofp\libgcc.a(divsf3.o)
                0x00000000080009e0                __aeabi_fdiv
 .text          0x0000000008000c10      0x24c d:/stmicroelectronics/stm32cubeide_1.10.1/stm32cubeide/plugins/com.st.stm32cube.ide.mcu.externaltools.gnu-tools-for-stm32.10.3-2021.10.win32_1.0.0.202111181127/tools/bin/../lib/gcc/arm-none-eabi/10.3.1/thumb/v6-m/nofp\libgcc.a(mulsf3.o)
                0x0000000008000c10                __aeabi_fmul
 .text          0x0000000008000e5c      0x35c d:/stmicroelectronics/stm32cubeide_1.10.1/stm32cubeide/plugins/com.st.stm32cube.ide.mcu.externaltools.gnu-tools-for-stm32.10.3-2021.10.win32_1.0.0.202111181127/tools/bin/../lib/gcc/arm-none-eabi/10.3.1/thumb/v6-m/nofp\libgcc.a(subsf3.o)
                0x0000000008000e5c                __aeabi_fsub
 .text          0x00000000080011b8       0x40 d:/stmicroelectronics/stm32cubeide_1.10.1/stm32cubeide/plugins/com.st.stm32cube.ide.mcu.externaltools.gnu-tools-for-stm32.10.3-2021.10.win32_1.0.0.202111181127/tools/bin/../lib/gcc/arm-none-eabi/10.3.1/thumb/v6-m/nofp\libgcc.a(fixsfsi.o)
                0x00000000080011b8                __aeabi_f2iz
 .text          0x00000000080011f8       0x74 d:/stmicroelectronics/stm32cubeide_1.10.1/stm32cubeide/plugins/com.st.stm32cube.ide.mcu.externaltools.gnu-tools-for-stm32.10.3-2021.10.win32_1.0.0.202111181127/tools/bin/../lib/gcc/arm-none-eabi/10.3.1/thumb/v6-m/nofp\libgcc.a(_arm_cmpsf2.o)
                0x00000000080011f8                __aeabi_cfrcmple
                0x0000000008001200                __aeabi_cfcmpeq
                0x0000000008001200                __aeabi_cfcmple
                0x0000000008001210                __aeabi_fcmpeq
                0x000000000800121c                __aeabi_fcmplt
                0x0000000008001230                __aeabi_fcmple
                0x0000000008001244                __aeabi_fcmpgt
                0x0000000008001258                __aeabi_fcmpge
 .text          0x000000000800126c       0x3c d:/stmicroelectronics/stm32cubeide_1.10.1/stm32cubeide/plugins/com.st.stm32cube.ide.mcu.externaltools.gnu-tools-for-stm32.10.3-2021.10.win32_1.0.0.202111181127/tools/bin/../lib/gcc/arm-none-eabi/10.3.1/thumb/v6-m/nofp\libgcc.a(_clzsi2.o)
                0x000000000800126c                __clzsi2
 .text          0x00000000080012a8       0x18 d:/stmicroelectronics/stm32cubeide_1.10.1/stm32cubeide/plugins/com.st.stm32cube.ide.mcu.externaltools.gnu-tools-for-stm32.10.3-2021.10.win32_1.0.0.202111181127/tools/bin/../lib/gcc/arm-none-eabi/10.3.1/thumb/v6-m/nofp\libgcc.a(_clzdi2.o)
                0x00000000080012a8                __clzdi2
 .text          0x00000000080012c0       0x4c d:/stmicroelectronics/stm32cubeide_1.10.1/stm32cubeide/plugins/com.st.stm32cube.ide.mcu.externaltools.gnu-tools-for-stm32.10.3-2021.10.win32_1.0.0.202111181127/tools/bin/../lib/gcc/arm-none-eabi/10.3.1/thumb/v6-m/nofp\libgcc.a(eqsf2.o)
                0x00000000080012c0                __eqsf2
                0x00000000080012c0                __nesf2
 .text          0x000000000800130c       0x8c d:/stmicroelectronics/stm32cubeide_1.10.1/stm32cubeide/plugins/com.st.stm32cube.ide.mcu.externaltools.gnu-tools-for-stm32.10.3-2021.10.win32_1.0.0.202111181127/tools/bin/../lib/gcc/arm-none-eabi/10.3.1/thumb/v6-m/nofp\libgcc.a(gesf2.o)
                0x000000000800130c                __gesf2
                0x000000000800130c                __gtsf2
 .text          0x0000000008001398       0x88 d:/stmicroelectronics/stm32cubeide_1.10.1/stm32cubeide/plugins/com.st.stm32cube.ide.mcu.externaltools.gnu-tools-for-stm32.10.3-2021.10.win32_1.0.0.202111181127/tools/bin/../lib/gcc/arm-none-eabi/10.3.1/thumb/v6-m/nofp\libgcc.a(lesf2.o)
                0x0000000008001398                __ltsf2
                0x0000000008001398                __lesf2
 *(.text*)
 .text.MX_Master_Init
                0x0000000008001420        0xc ./Application/App/app_master.o
                0x0000000008001420                MX_Master_Init
 .text.MX_Master_Process
                0x000000000800142c       0x18 ./Application/App/app_master.o
                0x000000000800142c                MX_Master_Process
 .text.Lora_OnLedTimerEvent
                0x0000000008001444        0xa ./Application/App/lora_driver.o
 *fill*         0x000000000800144e        0x2 
 .text.Lora_OnNextSensorMeasureTimerEvt
                0x0000000008001450       0x18 ./Application/App/lora_driver.o
 .text.Lora_Init
                0x0000000008001468       0x14 ./Application/App/lora_driver.o
                0x0000000008001468                Lora_Init
 .text.Lora_Join
                0x000000000800147c       0x2c ./Application/App/lora_driver.o
                0x000000000800147c                Lora_Join
 .text.Lora_JoinAccept
                0x00000000080014a8        0xe ./Application/App/lora_driver.o
                0x00000000080014a8                Lora_JoinAccept
 *fill*         0x00000000080014b6        0x2 
 .text.LoRa_GetAppID
                0x00000000080014b8       0x14 ./Application/App/lora_driver.o
                0x00000000080014b8                LoRa_GetAppID
 .text.LoRa_GetDeviceID
                0x00000000080014cc       0x14 ./Application/App/lora_driver.o
                0x00000000080014cc                LoRa_GetDeviceID
 .text.Lora_SetAdaptiveDataRate
                0x00000000080014e0       0x12 ./Application/App/lora_driver.o
                0x00000000080014e0                Lora_SetAdaptiveDataRate
 .text.Lora_SetDataRate
                0x00000000080014f2       0x12 ./Application/App/lora_driver.o
                0x00000000080014f2                Lora_SetDataRate
 .text.Lora_GetBatLevel
                0x0000000008001504       0x2c ./Application/App/lora_driver.o
                0x0000000008001504                Lora_GetBatLevel
 .text.Lora_SendData
                0x0000000008001530        0xe ./Application/App/lora_driver.o
                0x0000000008001530                Lora_SendData
 *fill*         0x000000000800153e        0x2 
 .text.Lora_fsm
                0x0000000008001540      0x190 ./Application/App/lora_driver.o
                0x0000000008001540                Lora_fsm
 .text.Lora_Ctx_Init
                0x00000000080016d0        0xc ./Application/App/lora_driver.o
                0x00000000080016d0                Lora_Ctx_Init
 .text.lora_getDeviceState
                0x00000000080016dc        0xc ./Application/App/lora_driver.o
                0x00000000080016dc                lora_getDeviceState
 .text.SensorMeasureData
                0x00000000080016e8       0xc8 ./Application/App/master_app.o
 .text.MasterApp_Init
                0x00000000080017b0       0x14 ./Application/App/master_app.o
                0x00000000080017b0                MasterApp_Init
 .text.SYS_InitMeasurement
                0x00000000080017c4       0x10 ./Application/Core/adc_if.o
                0x00000000080017c4                SYS_InitMeasurement
 .text.EE_Read  0x00000000080017d4       0x10 ./Application/Core/ee.o
                0x00000000080017d4                EE_Read
 .text.EE_Write
                0x00000000080017e4       0x20 ./Application/Core/ee.o
                0x00000000080017e4                EE_Write
 .text.EE_compareArrays
                0x0000000008001804       0x1c ./Application/Core/ee.o
                0x0000000008001804                EE_compareArrays
 .text.SystemClock_Config
                0x0000000008001820       0xcc ./Application/Core/main.o
                0x0000000008001820                SystemClock_Config
 .text.startup.main
                0x00000000080018ec       0x14 ./Application/Core/main.o
                0x00000000080018ec                main
 .text.Error_Handler
                0x0000000008001900        0x2 ./Application/Core/main.o
                0x0000000008001900                Error_Handler
 *fill*         0x0000000008001902        0x2 
 .text.MX_RTC_Init
                0x0000000008001904       0xc4 ./Application/Core/rtc.o
                0x0000000008001904                MX_RTC_Init
 .text.HAL_RTC_MspInit
                0x00000000080019c8       0x58 ./Application/Core/rtc.o
                0x00000000080019c8                HAL_RTC_MspInit
 .text.RTC_IF_GetTimerContext
                0x0000000008001a20        0xc ./Application/Core/rtc_if.o
                0x0000000008001a20                RTC_IF_GetTimerContext
 .text.RTC_IF_GetMinimumTimeout
                0x0000000008001a2c        0x4 ./Application/Core/rtc_if.o
                0x0000000008001a2c                RTC_IF_GetMinimumTimeout
 .text.RTC_IF_Convert_ms2Tick
                0x0000000008001a30       0x10 ./Application/Core/rtc_if.o
                0x0000000008001a30                RTC_IF_Convert_ms2Tick
 .text.RTC_IF_Convert_Tick2ms
                0x0000000008001a40       0x14 ./Application/Core/rtc_if.o
                0x0000000008001a40                RTC_IF_Convert_Tick2ms
 .text.RTC_IF_StopTimer
                0x0000000008001a54       0x24 ./Application/Core/rtc_if.o
                0x0000000008001a54                RTC_IF_StopTimer
 .text.RTC_GetCalendarValue
                0x0000000008001a78       0xb4 ./Application/Core/rtc_if.o
 .text.RTC_IF_SetTimerContext
                0x0000000008001b2c       0x18 ./Application/Core/rtc_if.o
                0x0000000008001b2c                RTC_IF_SetTimerContext
 .text.RTC_IF_GetTimerElapsedTime
                0x0000000008001b44       0x18 ./Application/Core/rtc_if.o
                0x0000000008001b44                RTC_IF_GetTimerElapsedTime
 .text.RTC_IF_StartTimer
                0x0000000008001b5c      0x13c ./Application/Core/rtc_if.o
                0x0000000008001b5c                RTC_IF_StartTimer
 .text.RTC_IF_GetTime
                0x0000000008001c98       0x28 ./Application/Core/rtc_if.o
                0x0000000008001c98                RTC_IF_GetTime
 .text.RTC_IF_BkUp_Write_Seconds
                0x0000000008001cc0       0x14 ./Application/Core/rtc_if.o
                0x0000000008001cc0                RTC_IF_BkUp_Write_Seconds
 .text.RTC_IF_BkUp_Write_SubSeconds
                0x0000000008001cd4       0x14 ./Application/Core/rtc_if.o
                0x0000000008001cd4                RTC_IF_BkUp_Write_SubSeconds
 .text.RTC_IF_BkUp_Read_Seconds
                0x0000000008001ce8       0x10 ./Application/Core/rtc_if.o
                0x0000000008001ce8                RTC_IF_BkUp_Read_Seconds
 .text.RTC_IF_BkUp_Read_SubSeconds
                0x0000000008001cf8       0x10 ./Application/Core/rtc_if.o
                0x0000000008001cf8                RTC_IF_BkUp_Read_SubSeconds
 .text.RTC_IF_Init
                0x0000000008001d08       0x50 ./Application/Core/rtc_if.o
                0x0000000008001d08                RTC_IF_Init
 .text.RTC_IF_GetTimerValue
                0x0000000008001d58       0x20 ./Application/Core/rtc_if.o
                0x0000000008001d58                RTC_IF_GetTimerValue
 .text.HAL_RTC_AlarmAEventCallback
                0x0000000008001d78        0x8 ./Application/Core/rtc_if.o
                0x0000000008001d78                HAL_RTC_AlarmAEventCallback
 .text.HAL_MspInit
                0x0000000008001d80       0x30 ./Application/Core/stm32l0xx_hal_msp.o
                0x0000000008001d80                HAL_MspInit
 .text.SysTick_Handler
                0x0000000008001db0        0xc ./Application/Core/stm32l0xx_it.o
                0x0000000008001db0                SysTick_Handler
 .text.RNG_LPUART1_IRQHandler
                0x0000000008001dbc       0x10 ./Application/Core/stm32l0xx_it.o
                0x0000000008001dbc                RNG_LPUART1_IRQHandler
 .text.RTC_IRQHandler
                0x0000000008001dcc       0x10 ./Application/Core/stm32l0xx_it.o
                0x0000000008001dcc                RTC_IRQHandler
 .text.Gpio_PreInit
                0x0000000008001ddc       0x98 ./Application/Core/sys_app.o
                0x0000000008001ddc                Gpio_PreInit
 .text.SystemApp_Init
                0x0000000008001e74       0x24 ./Application/Core/sys_app.o
                0x0000000008001e74                SystemApp_Init
 .text.HAL_InitTick
                0x0000000008001e98        0x4 ./Application/Core/sys_app.o
                0x0000000008001e98                HAL_InitTick
 .text.HAL_GetTick
                0x0000000008001e9c        0x8 ./Application/Core/sys_app.o
                0x0000000008001e9c                HAL_GetTick
 .text.DBG_Init
                0x0000000008001ea4       0x64 ./Application/Core/sys_debug.o
                0x0000000008001ea4                DBG_Init
 .text.EnvSensors_Read
                0x0000000008001f08       0x2c ./Application/Core/sys_sensors.o
                0x0000000008001f08                EnvSensors_Read
 .text.EnvSensors_Init
                0x0000000008001f34        0x2 ./Application/Core/sys_sensors.o
                0x0000000008001f34                EnvSensors_Init
 *fill*         0x0000000008001f36        0x2 
 .text.HW_UART_Modem_Init
                0x0000000008001f38       0x54 ./Application/Core/usart.o
                0x0000000008001f38                HW_UART_Modem_Init
 .text.HAL_UART_MspInit
                0x0000000008001f8c       0x54 ./Application/Core/usart.o
                0x0000000008001f8c                HAL_UART_MspInit
 .text.HW_UART_Modem_IRQHandler
                0x0000000008001fe0       0xd0 ./Application/Core/usart.o
                0x0000000008001fe0                HW_UART_Modem_IRQHandler
 .text.HW_UART_Modem_IsNewCharReceived
                0x00000000080020b0       0x24 ./Application/Core/usart.o
                0x00000000080020b0                HW_UART_Modem_IsNewCharReceived
 .text.HW_UART_Modem_GetNewChar
                0x00000000080020d4       0x28 ./Application/Core/usart.o
                0x00000000080020d4                HW_UART_Modem_GetNewChar
 .text.Reset_Handler
                0x00000000080020fc       0x50 ./Application/SW4STM32/startup_stm32l073xx.o
                0x00000000080020fc                Reset_Handler
 .text.Default_Handler
                0x000000000800214c        0x2 ./Application/SW4STM32/startup_stm32l073xx.o
                0x000000000800214c                TSC_IRQHandler
                0x000000000800214c                HardFault_Handler
                0x000000000800214c                ADC1_COMP_IRQHandler
                0x000000000800214c                PVD_IRQHandler
                0x000000000800214c                PendSV_Handler
                0x000000000800214c                NMI_Handler
                0x000000000800214c                I2C1_IRQHandler
                0x000000000800214c                RCC_CRS_IRQHandler
                0x000000000800214c                SPI1_IRQHandler
                0x000000000800214c                TIM6_DAC_IRQHandler
                0x000000000800214c                EXTI2_3_IRQHandler
                0x000000000800214c                I2C2_IRQHandler
                0x000000000800214c                LCD_IRQHandler
                0x000000000800214c                DMA1_Channel4_5_6_7_IRQHandler
                0x000000000800214c                TIM3_IRQHandler
                0x000000000800214c                EXTI4_15_IRQHandler
                0x000000000800214c                DMA1_Channel1_IRQHandler
                0x000000000800214c                USART4_5_IRQHandler
                0x000000000800214c                Default_Handler
                0x000000000800214c                TIM22_IRQHandler
                0x000000000800214c                TIM7_IRQHandler
                0x000000000800214c                EXTI0_1_IRQHandler
                0x000000000800214c                USB_IRQHandler
                0x000000000800214c                I2C3_IRQHandler
                0x000000000800214c                SPI2_IRQHandler
                0x000000000800214c                SVC_Handler
                0x000000000800214c                TIM21_IRQHandler
                0x000000000800214c                WWDG_IRQHandler
                0x000000000800214c                TIM2_IRQHandler
                0x000000000800214c                DMA1_Channel2_3_IRQHandler
                0x000000000800214c                USART2_IRQHandler
                0x000000000800214c                FLASH_IRQHandler
                0x000000000800214c                USART1_IRQHandler
                0x000000000800214c                LPTIM1_IRQHandler
 *fill*         0x000000000800214e        0x2 
 .text.at_cmd_AsyncEventAnalysing
                0x0000000008002150       0x48 ./Drivers/BSP/MDM32WL/mdm32wl_atcmd.o
 .text.at_cmd_responseAnalysing.constprop.0
                0x0000000008002198       0x38 ./Drivers/BSP/MDM32WL/mdm32wl_atcmd.o
 .text.at_cmd_receive
                0x00000000080021d0       0xac ./Drivers/BSP/MDM32WL/mdm32wl_atcmd.o
 .text.Modem_IO_Init
                0x000000000800227c       0x12 ./Drivers/BSP/MDM32WL/mdm32wl_atcmd.o
                0x000000000800227c                Modem_IO_Init
 *fill*         0x000000000800228e        0x2 
 .text.at_cmd_vprintf
                0x0000000008002290       0x2c ./Drivers/BSP/MDM32WL/mdm32wl_atcmd.o
                0x0000000008002290                at_cmd_vprintf
 .text.at_cmd_format
                0x00000000080022bc      0x230 ./Drivers/BSP/MDM32WL/mdm32wl_atcmd.o
 .text.Modem_AT_Cmd
                0x00000000080024ec      0x1b4 ./Drivers/BSP/MDM32WL/mdm32wl_atcmd.o
                0x00000000080024ec                Modem_AT_Cmd
 .text.BSP_LED_On
                0x00000000080026a0       0x18 ./Drivers/BSP/STM32L0xx_Nucleo/stm32l0xx_nucleo.o
                0x00000000080026a0                BSP_LED_On
 .text.BSP_LED_Off
                0x00000000080026b8       0x18 ./Drivers/BSP/STM32L0xx_Nucleo/stm32l0xx_nucleo.o
                0x00000000080026b8                BSP_LED_Off
 .text.SystemInit
                0x00000000080026d0        0x2 ./Drivers/CMSIS/system_stm32l0xx.o
                0x00000000080026d0                SystemInit
 *fill*         0x00000000080026d2        0x2 
 .text.HAL_Init
                0x00000000080026d4       0x28 ./Drivers/STM32L0xx_HAL_Driver/stm32l0xx_hal.o
                0x00000000080026d4                HAL_Init
 .text.HAL_IncTick
                0x00000000080026fc       0x18 ./Drivers/STM32L0xx_HAL_Driver/stm32l0xx_hal.o
                0x00000000080026fc                HAL_IncTick
 .text.HAL_DBGMCU_DisableDBGSleepMode
                0x0000000008002714       0x10 ./Drivers/STM32L0xx_HAL_Driver/stm32l0xx_hal.o
                0x0000000008002714                HAL_DBGMCU_DisableDBGSleepMode
 .text.HAL_DBGMCU_DisableDBGStopMode
                0x0000000008002724       0x10 ./Drivers/STM32L0xx_HAL_Driver/stm32l0xx_hal.o
                0x0000000008002724                HAL_DBGMCU_DisableDBGStopMode
 .text.HAL_DBGMCU_DisableDBGStandbyMode
                0x0000000008002734       0x10 ./Drivers/STM32L0xx_HAL_Driver/stm32l0xx_hal.o
                0x0000000008002734                HAL_DBGMCU_DisableDBGStandbyMode
 .text.HAL_NVIC_SetPriority
                0x0000000008002744       0x54 ./Drivers/STM32L0xx_HAL_Driver/stm32l0xx_hal_cortex.o
                0x0000000008002744                HAL_NVIC_SetPriority
 .text.HAL_NVIC_EnableIRQ
                0x0000000008002798       0x18 ./Drivers/STM32L0xx_HAL_Driver/stm32l0xx_hal_cortex.o
                0x0000000008002798                HAL_NVIC_EnableIRQ
 .text.HAL_SYSTICK_Config
                0x00000000080027b0       0x34 ./Drivers/STM32L0xx_HAL_Driver/stm32l0xx_hal_cortex.o
                0x00000000080027b0                HAL_SYSTICK_Config
 .text.HAL_SYSTICK_CLKSourceConfig
                0x00000000080027e4       0x1c ./Drivers/STM32L0xx_HAL_Driver/stm32l0xx_hal_cortex.o
                0x00000000080027e4                HAL_SYSTICK_CLKSourceConfig
 .text.HAL_SYSTICK_Callback
                0x0000000008002800        0x2 ./Drivers/STM32L0xx_HAL_Driver/stm32l0xx_hal_cortex.o
                0x0000000008002800                HAL_SYSTICK_Callback
 .text.HAL_SYSTICK_IRQHandler
                0x0000000008002802        0x8 ./Drivers/STM32L0xx_HAL_Driver/stm32l0xx_hal_cortex.o
                0x0000000008002802                HAL_SYSTICK_IRQHandler
 *fill*         0x000000000800280a        0x2 
 .text.HAL_FLASHEx_DATAEEPROM_Unlock
                0x000000000800280c       0x30 ./Drivers/STM32L0xx_HAL_Driver/stm32l0xx_hal_flash_ex.o
                0x000000000800280c                HAL_FLASHEx_DATAEEPROM_Unlock
 .text.HAL_FLASHEx_DATAEEPROM_Lock
                0x000000000800283c       0x14 ./Drivers/STM32L0xx_HAL_Driver/stm32l0xx_hal_flash_ex.o
                0x000000000800283c                HAL_FLASHEx_DATAEEPROM_Lock
 .text.HAL_FLASHEx_DATAEEPROM_EnableFixedTimeProgram
                0x0000000008002850       0x14 ./Drivers/STM32L0xx_HAL_Driver/stm32l0xx_hal_flash_ex.o
                0x0000000008002850                HAL_FLASHEx_DATAEEPROM_EnableFixedTimeProgram
 .text.HAL_GPIO_Init
                0x0000000008002864      0x18c ./Drivers/STM32L0xx_HAL_Driver/stm32l0xx_hal_gpio.o
                0x0000000008002864                HAL_GPIO_Init
 .text.HAL_GPIO_WritePin
                0x00000000080029f0        0xc ./Drivers/STM32L0xx_HAL_Driver/stm32l0xx_hal_gpio.o
                0x00000000080029f0                HAL_GPIO_WritePin
 .text.HAL_PWR_DisablePVD
                0x00000000080029fc       0x10 ./Drivers/STM32L0xx_HAL_Driver/stm32l0xx_hal_pwr.o
                0x00000000080029fc                HAL_PWR_DisablePVD
 .text.HAL_PWREx_DisableFastWakeUp
                0x0000000008002a0c       0x14 ./Drivers/STM32L0xx_HAL_Driver/stm32l0xx_hal_pwr_ex.o
                0x0000000008002a0c                HAL_PWREx_DisableFastWakeUp
 .text.HAL_PWREx_EnableUltraLowPower
                0x0000000008002a20       0x14 ./Drivers/STM32L0xx_HAL_Driver/stm32l0xx_hal_pwr_ex.o
                0x0000000008002a20                HAL_PWREx_EnableUltraLowPower
 .text.HAL_RCC_GetSysClockFreq
                0x0000000008002a34       0x90 ./Drivers/STM32L0xx_HAL_Driver/stm32l0xx_hal_rcc.o
                0x0000000008002a34                HAL_RCC_GetSysClockFreq
 .text.HAL_RCC_OscConfig
                0x0000000008002ac4      0x514 ./Drivers/STM32L0xx_HAL_Driver/stm32l0xx_hal_rcc.o
                0x0000000008002ac4                HAL_RCC_OscConfig
 .text.HAL_RCC_ClockConfig
                0x0000000008002fd8      0x19c ./Drivers/STM32L0xx_HAL_Driver/stm32l0xx_hal_rcc.o
                0x0000000008002fd8                HAL_RCC_ClockConfig
 .text.HAL_RCC_GetHCLKFreq
                0x0000000008003174        0xc ./Drivers/STM32L0xx_HAL_Driver/stm32l0xx_hal_rcc.o
                0x0000000008003174                HAL_RCC_GetHCLKFreq
 .text.HAL_RCC_GetPCLK1Freq
                0x0000000008003180       0x20 ./Drivers/STM32L0xx_HAL_Driver/stm32l0xx_hal_rcc.o
                0x0000000008003180                HAL_RCC_GetPCLK1Freq
 .text.HAL_RCC_GetPCLK2Freq
                0x00000000080031a0       0x20 ./Drivers/STM32L0xx_HAL_Driver/stm32l0xx_hal_rcc.o
                0x00000000080031a0                HAL_RCC_GetPCLK2Freq
 .text.HAL_RCCEx_PeriphCLKConfig
                0x00000000080031c0      0x1d4 ./Drivers/STM32L0xx_HAL_Driver/stm32l0xx_hal_rcc_ex.o
                0x00000000080031c0                HAL_RCCEx_PeriphCLKConfig
 .text.HAL_RTC_DeactivateAlarm
                0x0000000008003394       0xc4 ./Drivers/STM32L0xx_HAL_Driver/stm32l0xx_hal_rtc.o
                0x0000000008003394                HAL_RTC_DeactivateAlarm
 .text.HAL_RTC_AlarmIRQHandler
                0x0000000008003458       0x60 ./Drivers/STM32L0xx_HAL_Driver/stm32l0xx_hal_rtc.o
                0x0000000008003458                HAL_RTC_AlarmIRQHandler
 .text.HAL_RTC_WaitForSynchro
                0x00000000080034b8       0x34 ./Drivers/STM32L0xx_HAL_Driver/stm32l0xx_hal_rtc.o
                0x00000000080034b8                HAL_RTC_WaitForSynchro
 .text.RTC_EnterInitMode
                0x00000000080034ec       0x38 ./Drivers/STM32L0xx_HAL_Driver/stm32l0xx_hal_rtc.o
                0x00000000080034ec                RTC_EnterInitMode
 .text.HAL_RTC_Init
                0x0000000008003524       0xb8 ./Drivers/STM32L0xx_HAL_Driver/stm32l0xx_hal_rtc.o
                0x0000000008003524                HAL_RTC_Init
 .text.RTC_ByteToBcd2
                0x00000000080035dc       0x16 ./Drivers/STM32L0xx_HAL_Driver/stm32l0xx_hal_rtc.o
                0x00000000080035dc                RTC_ByteToBcd2
 *fill*         0x00000000080035f2        0x2 
 .text.HAL_RTC_SetTime
                0x00000000080035f4      0x108 ./Drivers/STM32L0xx_HAL_Driver/stm32l0xx_hal_rtc.o
                0x00000000080035f4                HAL_RTC_SetTime
 .text.HAL_RTC_SetDate
                0x00000000080036fc       0xd8 ./Drivers/STM32L0xx_HAL_Driver/stm32l0xx_hal_rtc.o
                0x00000000080036fc                HAL_RTC_SetDate
 .text.HAL_RTC_SetAlarm_IT
                0x00000000080037d4      0x1ac ./Drivers/STM32L0xx_HAL_Driver/stm32l0xx_hal_rtc.o
                0x00000000080037d4                HAL_RTC_SetAlarm_IT
 .text.RTC_Bcd2ToByte
                0x0000000008003980       0x12 ./Drivers/STM32L0xx_HAL_Driver/stm32l0xx_hal_rtc.o
                0x0000000008003980                RTC_Bcd2ToByte
 *fill*         0x0000000008003992        0x2 
 .text.HAL_RTC_GetTime
                0x0000000008003994       0x54 ./Drivers/STM32L0xx_HAL_Driver/stm32l0xx_hal_rtc.o
                0x0000000008003994                HAL_RTC_GetTime
 .text.HAL_RTC_GetDate
                0x00000000080039e8       0x44 ./Drivers/STM32L0xx_HAL_Driver/stm32l0xx_hal_rtc.o
                0x00000000080039e8                HAL_RTC_GetDate
 .text.HAL_RTCEx_BKUPWrite
                0x0000000008003a2c        0xc ./Drivers/STM32L0xx_HAL_Driver/stm32l0xx_hal_rtc_ex.o
                0x0000000008003a2c                HAL_RTCEx_BKUPWrite
 .text.HAL_RTCEx_BKUPRead
                0x0000000008003a38        0xc ./Drivers/STM32L0xx_HAL_Driver/stm32l0xx_hal_rtc_ex.o
                0x0000000008003a38                HAL_RTCEx_BKUPRead
 .text.HAL_RTCEx_EnableBypassShadow
                0x0000000008003a44       0x34 ./Drivers/STM32L0xx_HAL_Driver/stm32l0xx_hal_rtc_ex.o
                0x0000000008003a44                HAL_RTCEx_EnableBypassShadow
 .text.HAL_RTCEx_AlarmBEventCallback
                0x0000000008003a78        0x2 ./Drivers/STM32L0xx_HAL_Driver/stm32l0xx_hal_rtc_ex.o
                0x0000000008003a78                HAL_RTCEx_AlarmBEventCallback
 .text.HAL_UART_RxCpltCallback
                0x0000000008003a7a        0x2 ./Drivers/STM32L0xx_HAL_Driver/stm32l0xx_hal_uart.o
                0x0000000008003a7a                HAL_UART_RxCpltCallback
 .text.HAL_UARTEx_RxEventCallback
                0x0000000008003a7c        0x2 ./Drivers/STM32L0xx_HAL_Driver/stm32l0xx_hal_uart.o
                0x0000000008003a7c                HAL_UARTEx_RxEventCallback
 *fill*         0x0000000008003a7e        0x2 
 .text.UART_RxISR_8BIT
                0x0000000008003a80       0x84 ./Drivers/STM32L0xx_HAL_Driver/stm32l0xx_hal_uart.o
 .text.UART_RxISR_16BIT
                0x0000000008003b04       0x80 ./Drivers/STM32L0xx_HAL_Driver/stm32l0xx_hal_uart.o
 .text.UART_SetConfig
                0x0000000008003b84      0x238 ./Drivers/STM32L0xx_HAL_Driver/stm32l0xx_hal_uart.o
                0x0000000008003b84                UART_SetConfig
 .text.UART_AdvFeatureConfig
                0x0000000008003dbc       0xd0 ./Drivers/STM32L0xx_HAL_Driver/stm32l0xx_hal_uart.o
                0x0000000008003dbc                UART_AdvFeatureConfig
 .text.UART_WaitOnFlagUntilTimeout
                0x0000000008003e8c       0x90 ./Drivers/STM32L0xx_HAL_Driver/stm32l0xx_hal_uart.o
                0x0000000008003e8c                UART_WaitOnFlagUntilTimeout
 .text.HAL_UART_Transmit
                0x0000000008003f1c       0xe2 ./Drivers/STM32L0xx_HAL_Driver/stm32l0xx_hal_uart.o
                0x0000000008003f1c                HAL_UART_Transmit
 *fill*         0x0000000008003ffe        0x2 
 .text.UART_CheckIdleState
                0x0000000008004000       0x64 ./Drivers/STM32L0xx_HAL_Driver/stm32l0xx_hal_uart.o
                0x0000000008004000                UART_CheckIdleState
 .text.HAL_UART_Init
                0x0000000008004064       0x64 ./Drivers/STM32L0xx_HAL_Driver/stm32l0xx_hal_uart.o
                0x0000000008004064                HAL_UART_Init
 .text.UART_Start_Receive_IT
                0x00000000080040c8       0x94 ./Drivers/STM32L0xx_HAL_Driver/stm32l0xx_hal_uart.o
                0x00000000080040c8                UART_Start_Receive_IT
 .text.HAL_UART_Receive_IT
                0x000000000800415c       0x68 ./Drivers/STM32L0xx_HAL_Driver/stm32l0xx_hal_uart.o
                0x000000000800415c                HAL_UART_Receive_IT
 .text.HAL_UARTEx_EnableStopMode
                0x00000000080041c4       0x20 ./Drivers/STM32L0xx_HAL_Driver/stm32l0xx_hal_uart_ex.o
                0x00000000080041c4                HAL_UARTEx_EnableStopMode
 .text.UTIL_LPM_Init
                0x00000000080041e4       0x10 ./Utilities/stm32_lpm.o
                0x00000000080041e4                UTIL_LPM_Init
 .text.UTIL_LPM_SetStopMode
                0x00000000080041f4       0x2c ./Utilities/stm32_lpm.o
                0x00000000080041f4                UTIL_LPM_SetStopMode
 .text.UTIL_LPM_SetOffMode
                0x0000000008004220       0x2c ./Utilities/stm32_lpm.o
                0x0000000008004220                UTIL_LPM_SetOffMode
 .text.UTIL_LPM_GetMode
                0x000000000800424c       0x24 ./Utilities/stm32_lpm.o
                0x000000000800424c                UTIL_LPM_GetMode
 .text.UTIL_TIMER_Init
                0x0000000008004270       0x18 ./Utilities/stm32_timer.o
                0x0000000008004270                UTIL_TIMER_Init
 .text.UTIL_TIMER_Create
                0x0000000008004288       0x38 ./Utilities/stm32_timer.o
                0x0000000008004288                UTIL_TIMER_Create
 .text.TimerExists
                0x00000000080042c0       0x1c ./Utilities/stm32_timer.o
                0x00000000080042c0                TimerExists
 .text.TimerSetTimeout
                0x00000000080042dc       0x38 ./Utilities/stm32_timer.o
                0x00000000080042dc                TimerSetTimeout
 .text.UTIL_TIMER_Stop
                0x0000000008004314       0x60 ./Utilities/stm32_timer.o
                0x0000000008004314                UTIL_TIMER_Stop
 .text.TimerInsertTimer
                0x0000000008004374       0x2c ./Utilities/stm32_timer.o
                0x0000000008004374                TimerInsertTimer
 .text.TimerInsertNewHeadTimer
                0x00000000080043a0       0x1c ./Utilities/stm32_timer.o
                0x00000000080043a0                TimerInsertNewHeadTimer
 .text.UTIL_TIMER_Start
                0x00000000080043bc       0x84 ./Utilities/stm32_timer.o
                0x00000000080043bc                UTIL_TIMER_Start
 .text.UTIL_TIMER_SetPeriod
                0x0000000008004440       0x38 ./Utilities/stm32_timer.o
                0x0000000008004440                UTIL_TIMER_SetPeriod
 .text.UTIL_TIMER_IRQ_Handler
                0x0000000008004478       0x8c ./Utilities/stm32_timer.o
                0x0000000008004478                UTIL_TIMER_IRQ_Handler
 .text.tiny_vfscanf
                0x0000000008004504      0x24c ./Utilities/stm32_tiny_sscanf.o
 .text.tiny_sscanf
                0x0000000008004750       0x16 ./Utilities/stm32_tiny_sscanf.o
                0x0000000008004750                tiny_sscanf
 *fill*         0x0000000008004766        0x2 
 .text.tiny_vsnprintf_like
                0x0000000008004768      0x254 ./Utilities/stm32_tiny_vsnprintf.o
                0x0000000008004768                tiny_vsnprintf_like
 .text.__libc_init_array
                0x00000000080049bc       0x48 d:/stmicroelectronics/stm32cubeide_1.10.1/stm32cubeide/plugins/com.st.stm32cube.ide.mcu.externaltools.gnu-tools-for-stm32.10.3-2021.10.win32_1.0.0.202111181127/tools/bin/../lib/gcc/arm-none-eabi/10.3.1/../../../../arm-none-eabi/lib/thumb/v6-m/nofp\libc_nano.a(lib_a-init.o)
                0x00000000080049bc                __libc_init_array
 .text.memset   0x0000000008004a04       0x10 d:/stmicroelectronics/stm32cubeide_1.10.1/stm32cubeide/plugins/com.st.stm32cube.ide.mcu.externaltools.gnu-tools-for-stm32.10.3-2021.10.win32_1.0.0.202111181127/tools/bin/../lib/gcc/arm-none-eabi/10.3.1/../../../../arm-none-eabi/lib/thumb/v6-m/nofp\libc_nano.a(lib_a-memset.o)
                0x0000000008004a04                memset
 .text.strchr   0x0000000008004a14       0x1c d:/stmicroelectronics/stm32cubeide_1.10.1/stm32cubeide/plugins/com.st.stm32cube.ide.mcu.externaltools.gnu-tools-for-stm32.10.3-2021.10.win32_1.0.0.202111181127/tools/bin/../lib/gcc/arm-none-eabi/10.3.1/../../../../arm-none-eabi/lib/thumb/v6-m/nofp\libc_nano.a(lib_a-strchr.o)
                0x0000000008004a14                strchr
 .text.strcpy   0x0000000008004a30       0x10 d:/stmicroelectronics/stm32cubeide_1.10.1/stm32cubeide/plugins/com.st.stm32cube.ide.mcu.externaltools.gnu-tools-for-stm32.10.3-2021.10.win32_1.0.0.202111181127/tools/bin/../lib/gcc/arm-none-eabi/10.3.1/../../../../arm-none-eabi/lib/thumb/v6-m/nofp\libc_nano.a(lib_a-strcpy.o)
                0x0000000008004a30                strcpy
 .text.strncmp  0x0000000008004a40       0x24 d:/stmicroelectronics/stm32cubeide_1.10.1/stm32cubeide/plugins/com.st.stm32cube.ide.mcu.externaltools.gnu-tools-for-stm32.10.3-2021.10.win32_1.0.0.202111181127/tools/bin/../lib/gcc/arm-none-eabi/10.3.1/../../../../arm-none-eabi/lib/thumb/v6-m/nofp\libc_nano.a(lib_a-strncmp.o)
                0x0000000008004a40                strncmp
 *(.glue_7)
 .glue_7        0x0000000008004a64        0x0 linker stubs
 *(.glue_7t)
 .glue_7t       0x0000000008004a64        0x0 linker stubs
 *(.eh_frame)
 .eh_frame      0x0000000008004a64        0x0 d:/stmicroelectronics/stm32cubeide_1.10.1/stm32cubeide/plugins/com.st.stm32cube.ide.mcu.externaltools.gnu-tools-for-stm32.10.3-2021.10.win32_1.0.0.202111181127/tools/bin/../lib/gcc/arm-none-eabi/10.3.1/thumb/v6-m/nofp/crtbegin.o
 *(.init)
 .init          0x0000000008004a64        0x4 d:/stmicroelectronics/stm32cubeide_1.10.1/stm32cubeide/plugins/com.st.stm32cube.ide.mcu.externaltools.gnu-tools-for-stm32.10.3-2021.10.win32_1.0.0.202111181127/tools/bin/../lib/gcc/arm-none-eabi/10.3.1/thumb/v6-m/nofp/crti.o
                0x0000000008004a64                _init
 .init          0x0000000008004a68        0x8 d:/stmicroelectronics/stm32cubeide_1.10.1/stm32cubeide/plugins/com.st.stm32cube.ide.mcu.externaltools.gnu-tools-for-stm32.10.3-2021.10.win32_1.0.0.202111181127/tools/bin/../lib/gcc/arm-none-eabi/10.3.1/thumb/v6-m/nofp/crtn.o
 *(.fini)
 .fini          0x0000000008004a70        0x4 d:/stmicroelectronics/stm32cubeide_1.10.1/stm32cubeide/plugins/com.st.stm32cube.ide.mcu.externaltools.gnu-tools-for-stm32.10.3-2021.10.win32_1.0.0.202111181127/tools/bin/../lib/gcc/arm-none-eabi/10.3.1/thumb/v6-m/nofp/crti.o
                0x0000000008004a70                _fini
 .fini          0x0000000008004a74        0x8 d:/stmicroelectronics/stm32cubeide_1.10.1/stm32cubeide/plugins/com.st.stm32cube.ide.mcu.externaltools.gnu-tools-for-stm32.10.3-2021.10.win32_1.0.0.202111181127/tools/bin/../lib/gcc/arm-none-eabi/10.3.1/thumb/v6-m/nofp/crtn.o
                0x0000000008004a7c                . = ALIGN (0x4)
                0x0000000008004a7c                _etext = .

.vfp11_veneer   0x0000000008004a7c        0x0
 .vfp11_veneer  0x0000000008004a7c        0x0 linker stubs

.v4_bx          0x0000000008004a7c        0x0
 .v4_bx         0x0000000008004a7c        0x0 linker stubs

.iplt           0x0000000008004a7c        0x0
 .iplt          0x0000000008004a7c        0x0 d:/stmicroelectronics/stm32cubeide_1.10.1/stm32cubeide/plugins/com.st.stm32cube.ide.mcu.externaltools.gnu-tools-for-stm32.10.3-2021.10.win32_1.0.0.202111181127/tools/bin/../lib/gcc/arm-none-eabi/10.3.1/thumb/v6-m/nofp/crtbegin.o

.rodata         0x0000000008004a7c      0x604
                0x0000000008004a7c                . = ALIGN (0x4)
 *(.rodata)
 .rodata        0x0000000008004a7c       0x58 ./Application/Core/rtc_if.o
                0x0000000008004a94                UTIL_SYSTIMDriver
                0x0000000008004aa8                UTIL_TimerDriver
 .rodata        0x0000000008004ad4      0x11c ./Drivers/BSP/MDM32WL/mdm32wl_atcmd.o
 .rodata        0x0000000008004bf0       0x21 ./Drivers/CMSIS/system_stm32l0xx.o
                0x0000000008004bf0                PLLMulTable
                0x0000000008004bf9                AHBPrescTable
                0x0000000008004c09                APBPrescTable
 .rodata        0x0000000008004c11       0x10 ./Drivers/STM32L0xx_HAL_Driver/stm32l0xx_hal_uart.o
 *fill*         0x0000000008004c21        0x3 
 .rodata        0x0000000008004c24       0x80 d:/stmicroelectronics/stm32cubeide_1.10.1/stm32cubeide/plugins/com.st.stm32cube.ide.mcu.externaltools.gnu-tools-for-stm32.10.3-2021.10.win32_1.0.0.202111181127/tools/bin/../lib/gcc/arm-none-eabi/10.3.1/thumb/v6-m/nofp\libgcc.a(divsf3.o)
 .rodata        0x0000000008004ca4       0x40 d:/stmicroelectronics/stm32cubeide_1.10.1/stm32cubeide/plugins/com.st.stm32cube.ide.mcu.externaltools.gnu-tools-for-stm32.10.3-2021.10.win32_1.0.0.202111181127/tools/bin/../lib/gcc/arm-none-eabi/10.3.1/thumb/v6-m/nofp\libgcc.a(mulsf3.o)
 *(.rodata*)
 .rodata.str1.1
                0x0000000008004ce4       0x62 ./Application/App/lora_driver.o
                                         0x7b (size before relaxing)
 .rodata.str1.1
                0x0000000008004d46      0x2e8 ./Drivers/BSP/MDM32WL/mdm32wl_atcmd.o
                                        0x2f8 (size before relaxing)
 .rodata.str1.1
                0x000000000800502e       0x51 ./Utilities/stm32_tiny_vsnprintf.o
                0x0000000008005080                . = ALIGN (0x4)
 *fill*         0x000000000800507f        0x1 

.ARM.extab
 *(.ARM.extab* .gnu.linkonce.armextab.*)

.ARM            0x0000000008005080        0x8
                0x0000000008005080                __exidx_start = .
 *(.ARM.exidx*)
 .ARM.exidx     0x0000000008005080        0x8 d:/stmicroelectronics/stm32cubeide_1.10.1/stm32cubeide/plugins/com.st.stm32cube.ide.mcu.externaltools.gnu-tools-for-stm32.10.3-2021.10.win32_1.0.0.202111181127/tools/bin/../lib/gcc/arm-none-eabi/10.3.1/thumb/v6-m/nofp\libgcc.a(_udivmoddi4.o)
                0x0000000008005088                __exidx_end = .

.rel.dyn        0x0000000008005088        0x0
 .rel.iplt      0x0000000008005088        0x0 d:/stmicroelectronics/stm32cubeide_1.10.1/stm32cubeide/plugins/com.st.stm32cube.ide.mcu.externaltools.gnu-tools-for-stm32.10.3-2021.10.win32_1.0.0.202111181127/tools/bin/../lib/gcc/arm-none-eabi/10.3.1/thumb/v6-m/nofp/crtbegin.o

.preinit_array  0x0000000008005088        0x0
                0x0000000008005088                PROVIDE (__preinit_array_start = .)
 *(.preinit_array*)
                0x0000000008005088                PROVIDE (__preinit_array_end = .)

.init_array     0x0000000008005088        0x4
                0x0000000008005088                PROVIDE (__init_array_start = .)
 *(SORT_BY_NAME(.init_array.*))
 *(.init_array*)
 .init_array    0x0000000008005088        0x4 d:/stmicroelectronics/stm32cubeide_1.10.1/stm32cubeide/plugins/com.st.stm32cube.ide.mcu.externaltools.gnu-tools-for-stm32.10.3-2021.10.win32_1.0.0.202111181127/tools/bin/../lib/gcc/arm-none-eabi/10.3.1/thumb/v6-m/nofp/crtbegin.o
                0x000000000800508c                PROVIDE (__init_array_end = .)

.fini_array     0x000000000800508c        0x4
                [!provide]                        PROVIDE (__fini_array_start = .)
 *(SORT_BY_NAME(.fini_array.*))
 *(.fini_array*)
 .fini_array    0x000000000800508c        0x4 d:/stmicroelectronics/stm32cubeide_1.10.1/stm32cubeide/plugins/com.st.stm32cube.ide.mcu.externaltools.gnu-tools-for-stm32.10.3-2021.10.win32_1.0.0.202111181127/tools/bin/../lib/gcc/arm-none-eabi/10.3.1/thumb/v6-m/nofp/crtbegin.o
                [!provide]                        PROVIDE (__fini_array_end = .)
                0x0000000008005090                _sidata = LOADADDR (.data)

.data           0x0000000020000000       0x2c load address 0x0000000008005090
                0x0000000020000000                . = ALIGN (0x4)
                0x0000000020000000                _sdata = .
 *(.data)
 .data          0x0000000020000000        0x9 ./Application/App/lora_driver.o
                0x0000000020000008                gFlagException
 *fill*         0x0000000020000009        0x3 
 .data          0x000000002000000c        0xc ./Application/App/master_app.o
 .data          0x0000000020000018        0x8 ./Drivers/BSP/STM32L0xx_Nucleo/stm32l0xx_nucleo.o
                0x0000000020000018                LED_PORT
                0x000000002000001c                BUTTON_PORT
 .data          0x0000000020000020        0x4 ./Drivers/CMSIS/system_stm32l0xx.o
                0x0000000020000020                SystemCoreClock
 .data          0x0000000020000024        0x8 ./Drivers/STM32L0xx_HAL_Driver/stm32l0xx_hal.o
                0x0000000020000024                uwTickFreq
                0x0000000020000028                uwTickPrio
 *(.data*)
                0x000000002000002c                . = ALIGN (0x4)
                0x000000002000002c                _edata = .

.igot.plt       0x000000002000002c        0x0 load address 0x00000000080050bc
 .igot.plt      0x000000002000002c        0x0 d:/stmicroelectronics/stm32cubeide_1.10.1/stm32cubeide/plugins/com.st.stm32cube.ide.mcu.externaltools.gnu-tools-for-stm32.10.3-2021.10.win32_1.0.0.202111181127/tools/bin/../lib/gcc/arm-none-eabi/10.3.1/thumb/v6-m/nofp/crtbegin.o
                0x000000002000002c                . = ALIGN (0x4)

.bss            0x000000002000002c      0x5a4 load address 0x00000000080050bc
                0x000000002000002c                _sbss = .
                0x000000002000002c                __bss_start__ = _sbss
 *(.bss)
 .bss           0x000000002000002c       0x1c d:/stmicroelectronics/stm32cubeide_1.10.1/stm32cubeide/plugins/com.st.stm32cube.ide.mcu.externaltools.gnu-tools-for-stm32.10.3-2021.10.win32_1.0.0.202111181127/tools/bin/../lib/gcc/arm-none-eabi/10.3.1/thumb/v6-m/nofp/crtbegin.o
 .bss           0x0000000020000048      0x121 ./Application/App/lora_driver.o
                0x0000000020000060                SensorTimerWakeup
 *fill*         0x0000000020000169        0x3 
 .bss           0x000000002000016c       0x18 ./Application/App/master_app.o
 .bss           0x0000000020000184       0xa4 ./Application/Core/adc.o
                0x0000000020000184                hadc1
                0x00000000200001e0                hdma_adc1
 .bss           0x0000000020000228       0x24 ./Application/Core/rtc.o
                0x0000000020000228                hrtc
 .bss           0x000000002000024c       0x45 ./Application/Core/rtc_if.o
 *fill*         0x0000000020000291        0x3 
 .bss           0x0000000020000294      0x294 ./Application/Core/usart.o
                0x0000000020000294                huart2
 .bss           0x0000000020000528       0x96 ./Drivers/BSP/MDM32WL/mdm32wl_atcmd.o
                0x0000000020000570                LoRa_AT_Cmd_Buff
 *fill*         0x00000000200005be        0x2 
 .bss           0x00000000200005c0        0x4 ./Drivers/STM32L0xx_HAL_Driver/stm32l0xx_hal.o
                0x00000000200005c0                uwTick
 .bss           0x00000000200005c4        0x8 ./Utilities/stm32_lpm.o
 .bss           0x00000000200005cc        0x4 ./Utilities/stm32_timer.o
 *(.bss*)
 *(COMMON)
                0x00000000200005d0                . = ALIGN (0x4)
                0x00000000200005d0                _ebss = .
                0x00000000200005d0                __bss_end__ = _ebss

._user_heap_stack
                0x00000000200005d0      0x800 load address 0x00000000080050bc
                0x00000000200005d0                . = ALIGN (0x8)
                0x00000000200005d0                PROVIDE (end = .)
                [!provide]                        PROVIDE (_end = .)
                0x00000000200007d0                . = (. + _Min_Heap_Size)
 *fill*         0x00000000200005d0      0x200 
                0x0000000020000dd0                . = (. + _Min_Stack_Size)
 *fill*         0x00000000200007d0      0x600 
                0x0000000020000dd0                . = ALIGN (0x8)

/DISCARD/
 libc.a(*)
 libm.a(*)
 libgcc.a(*)

.ARM.attributes
                0x0000000000000000       0x28
 *(.ARM.attributes)
 .ARM.attributes
                0x0000000000000000       0x1e d:/stmicroelectronics/stm32cubeide_1.10.1/stm32cubeide/plugins/com.st.stm32cube.ide.mcu.externaltools.gnu-tools-for-stm32.10.3-2021.10.win32_1.0.0.202111181127/tools/bin/../lib/gcc/arm-none-eabi/10.3.1/thumb/v6-m/nofp/crti.o
 .ARM.attributes
                0x000000000000001e       0x2c d:/stmicroelectronics/stm32cubeide_1.10.1/stm32cubeide/plugins/com.st.stm32cube.ide.mcu.externaltools.gnu-tools-for-stm32.10.3-2021.10.win32_1.0.0.202111181127/tools/bin/../lib/gcc/arm-none-eabi/10.3.1/thumb/v6-m/nofp/crtbegin.o
 .ARM.attributes
                0x000000000000004a       0x2c ./Application/App/app_master.o
 .ARM.attributes
                0x0000000000000076       0x2c ./Application/App/lora_driver.o
 .ARM.attributes
                0x00000000000000a2       0x2c ./Application/App/master_app.o
 .ARM.attributes
                0x00000000000000ce       0x2c ./Application/Core/adc.o
 .ARM.attributes
                0x00000000000000fa       0x2c ./Application/Core/adc_if.o
 .ARM.attributes
                0x0000000000000126       0x2c ./Application/Core/ee.o
 .ARM.attributes
                0x0000000000000152       0x2c ./Application/Core/main.o
 .ARM.attributes
                0x000000000000017e       0x2c ./Application/Core/rtc.o
 .ARM.attributes
                0x00000000000001aa       0x2c ./Application/Core/rtc_if.o
 .ARM.attributes
                0x00000000000001d6       0x2c ./Application/Core/stm32l0xx_hal_msp.o
 .ARM.attributes
                0x0000000000000202       0x2c ./Application/Core/stm32l0xx_it.o
 .ARM.attributes
                0x000000000000022e       0x2c ./Application/Core/sys_app.o
 .ARM.attributes
                0x000000000000025a       0x2c ./Application/Core/sys_debug.o
 .ARM.attributes
                0x0000000000000286       0x2c ./Application/Core/sys_sensors.o
 .ARM.attributes
                0x00000000000002b2       0x2c ./Application/Core/usart.o
 .ARM.attributes
                0x00000000000002de       0x22 ./Application/SW4STM32/startup_stm32l073xx.o
 .ARM.attributes
                0x0000000000000300       0x2c ./Drivers/BSP/MDM32WL/mdm32wl_atcmd.o
 .ARM.attributes
                0x000000000000032c       0x2c ./Drivers/BSP/STM32L0xx_Nucleo/stm32l0xx_nucleo.o
 .ARM.attributes
                0x0000000000000358       0x2c ./Drivers/CMSIS/system_stm32l0xx.o
 .ARM.attributes
                0x0000000000000384       0x2c ./Drivers/STM32L0xx_HAL_Driver/stm32l0xx_hal.o
 .ARM.attributes
                0x00000000000003b0       0x2c ./Drivers/STM32L0xx_HAL_Driver/stm32l0xx_hal_cortex.o
 .ARM.attributes
                0x00000000000003dc       0x2c ./Drivers/STM32L0xx_HAL_Driver/stm32l0xx_hal_flash_ex.o
 .ARM.attributes
                0x0000000000000408       0x2c ./Drivers/STM32L0xx_HAL_Driver/stm32l0xx_hal_gpio.o
 .ARM.attributes
                0x0000000000000434       0x2c ./Drivers/STM32L0xx_HAL_Driver/stm32l0xx_hal_pwr.o
 .ARM.attributes
                0x0000000000000460       0x2c ./Drivers/STM32L0xx_HAL_Driver/stm32l0xx_hal_pwr_ex.o
 .ARM.attributes
                0x000000000000048c       0x2c ./Drivers/STM32L0xx_HAL_Driver/stm32l0xx_hal_rcc.o
 .ARM.attributes
                0x00000000000004b8       0x2c ./Drivers/STM32L0xx_HAL_Driver/stm32l0xx_hal_rcc_ex.o
 .ARM.attributes
                0x00000000000004e4       0x2c ./Drivers/STM32L0xx_HAL_Driver/stm32l0xx_hal_rtc.o
 .ARM.attributes
                0x0000000000000510       0x2c ./Drivers/STM32L0xx_HAL_Driver/stm32l0xx_hal_rtc_ex.o
 .ARM.attributes
                0x000000000000053c       0x2c ./Drivers/STM32L0xx_HAL_Driver/stm32l0xx_hal_uart.o
 .ARM.attributes
                0x0000000000000568       0x2c ./Drivers/STM32L0xx_HAL_Driver/stm32l0xx_hal_uart_ex.o
 .ARM.attributes
                0x0000000000000594       0x2c ./Utilities/stm32_lpm.o
 .ARM.attributes
                0x00000000000005c0       0x2c ./Utilities/stm32_timer.o
 .ARM.attributes
                0x00000000000005ec       0x2c ./Utilities/stm32_tiny_sscanf.o
 .ARM.attributes
                0x0000000000000618       0x2c ./Utilities/stm32_tiny_vsnprintf.o
 .ARM.attributes
                0x0000000000000644       0x2c d:/stmicroelectronics/stm32cubeide_1.10.1/stm32cubeide/plugins/com.st.stm32cube.ide.mcu.externaltools.gnu-tools-for-stm32.10.3-2021.10.win32_1.0.0.202111181127/tools/bin/../lib/gcc/arm-none-eabi/10.3.1/../../../../arm-none-eabi/lib/thumb/v6-m/nofp\libc_nano.a(lib_a-init.o)
 .ARM.attributes
                0x0000000000000670       0x2c d:/stmicroelectronics/stm32cubeide_1.10.1/stm32cubeide/plugins/com.st.stm32cube.ide.mcu.externaltools.gnu-tools-for-stm32.10.3-2021.10.win32_1.0.0.202111181127/tools/bin/../lib/gcc/arm-none-eabi/10.3.1/../../../../arm-none-eabi/lib/thumb/v6-m/nofp\libc_nano.a(lib_a-memset.o)
 .ARM.attributes
                0x000000000000069c       0x2c d:/stmicroelectronics/stm32cubeide_1.10.1/stm32cubeide/plugins/com.st.stm32cube.ide.mcu.externaltools.gnu-tools-for-stm32.10.3-2021.10.win32_1.0.0.202111181127/tools/bin/../lib/gcc/arm-none-eabi/10.3.1/../../../../arm-none-eabi/lib/thumb/v6-m/nofp\libc_nano.a(lib_a-strchr.o)
 .ARM.attributes
                0x00000000000006c8       0x2c d:/stmicroelectronics/stm32cubeide_1.10.1/stm32cubeide/plugins/com.st.stm32cube.ide.mcu.externaltools.gnu-tools-for-stm32.10.3-2021.10.win32_1.0.0.202111181127/tools/bin/../lib/gcc/arm-none-eabi/10.3.1/../../../../arm-none-eabi/lib/thumb/v6-m/nofp\libc_nano.a(lib_a-strcpy.o)
 .ARM.attributes
                0x00000000000006f4       0x1c d:/stmicroelectronics/stm32cubeide_1.10.1/stm32cubeide/plugins/com.st.stm32cube.ide.mcu.externaltools.gnu-tools-for-stm32.10.3-2021.10.win32_1.0.0.202111181127/tools/bin/../lib/gcc/arm-none-eabi/10.3.1/../../../../arm-none-eabi/lib/thumb/v6-m/nofp\libc_nano.a(lib_a-strlen.o)
 .ARM.attributes
                0x0000000000000710       0x2c d:/stmicroelectronics/stm32cubeide_1.10.1/stm32cubeide/plugins/com.st.stm32cube.ide.mcu.externaltools.gnu-tools-for-stm32.10.3-2021.10.win32_1.0.0.202111181127/tools/bin/../lib/gcc/arm-none-eabi/10.3.1/../../../../arm-none-eabi/lib/thumb/v6-m/nofp\libc_nano.a(lib_a-strncmp.o)
 .ARM.attributes
                0x000000000000073c       0x1e d:/stmicroelectronics/stm32cubeide_1.10.1/stm32cubeide/plugins/com.st.stm32cube.ide.mcu.externaltools.gnu-tools-for-stm32.10.3-2021.10.win32_1.0.0.202111181127/tools/bin/../lib/gcc/arm-none-eabi/10.3.1/thumb/v6-m/nofp\libgcc.a(_thumb1_case_sqi.o)
 .ARM.attributes
                0x000000000000075a       0x1e d:/stmicroelectronics/stm32cubeide_1.10.1/stm32cubeide/plugins/com.st.stm32cube.ide.mcu.externaltools.gnu-tools-for-stm32.10.3-2021.10.win32_1.0.0.202111181127/tools/bin/../lib/gcc/arm-none-eabi/10.3.1/thumb/v6-m/nofp\libgcc.a(_thumb1_case_uqi.o)
 .ARM.attributes
                0x0000000000000778       0x1e d:/stmicroelectronics/stm32cubeide_1.10.1/stm32cubeide/plugins/com.st.stm32cube.ide.mcu.externaltools.gnu-tools-for-stm32.10.3-2021.10.win32_1.0.0.202111181127/tools/bin/../lib/gcc/arm-none-eabi/10.3.1/thumb/v6-m/nofp\libgcc.a(_thumb1_case_shi.o)
 .ARM.attributes
                0x0000000000000796       0x1e d:/stmicroelectronics/stm32cubeide_1.10.1/stm32cubeide/plugins/com.st.stm32cube.ide.mcu.externaltools.gnu-tools-for-stm32.10.3-2021.10.win32_1.0.0.202111181127/tools/bin/../lib/gcc/arm-none-eabi/10.3.1/thumb/v6-m/nofp\libgcc.a(_udivsi3.o)
 .ARM.attributes
                0x00000000000007b4       0x1e d:/stmicroelectronics/stm32cubeide_1.10.1/stm32cubeide/plugins/com.st.stm32cube.ide.mcu.externaltools.gnu-tools-for-stm32.10.3-2021.10.win32_1.0.0.202111181127/tools/bin/../lib/gcc/arm-none-eabi/10.3.1/thumb/v6-m/nofp\libgcc.a(_divsi3.o)
 .ARM.attributes
                0x00000000000007d2       0x1e d:/stmicroelectronics/stm32cubeide_1.10.1/stm32cubeide/plugins/com.st.stm32cube.ide.mcu.externaltools.gnu-tools-for-stm32.10.3-2021.10.win32_1.0.0.202111181127/tools/bin/../lib/gcc/arm-none-eabi/10.3.1/thumb/v6-m/nofp\libgcc.a(_dvmd_tls.o)
 .ARM.attributes
                0x00000000000007f0       0x1e d:/stmicroelectronics/stm32cubeide_1.10.1/stm32cubeide/plugins/com.st.stm32cube.ide.mcu.externaltools.gnu-tools-for-stm32.10.3-2021.10.win32_1.0.0.202111181127/tools/bin/../lib/gcc/arm-none-eabi/10.3.1/thumb/v6-m/nofp\libgcc.a(_aeabi_uldivmod.o)
 .ARM.attributes
                0x000000000000080e       0x2c d:/stmicroelectronics/stm32cubeide_1.10.1/stm32cubeide/plugins/com.st.stm32cube.ide.mcu.externaltools.gnu-tools-for-stm32.10.3-2021.10.win32_1.0.0.202111181127/tools/bin/../lib/gcc/arm-none-eabi/10.3.1/thumb/v6-m/nofp\libgcc.a(_muldi3.o)
 .ARM.attributes
                0x000000000000083a       0x2c d:/stmicroelectronics/stm32cubeide_1.10.1/stm32cubeide/plugins/com.st.stm32cube.ide.mcu.externaltools.gnu-tools-for-stm32.10.3-2021.10.win32_1.0.0.202111181127/tools/bin/../lib/gcc/arm-none-eabi/10.3.1/thumb/v6-m/nofp\libgcc.a(_fixunssfsi.o)
 .ARM.attributes
                0x0000000000000866       0x2c d:/stmicroelectronics/stm32cubeide_1.10.1/stm32cubeide/plugins/com.st.stm32cube.ide.mcu.externaltools.gnu-tools-for-stm32.10.3-2021.10.win32_1.0.0.202111181127/tools/bin/../lib/gcc/arm-none-eabi/10.3.1/thumb/v6-m/nofp\libgcc.a(_udivmoddi4.o)
 .ARM.attributes
                0x0000000000000892       0x2c d:/stmicroelectronics/stm32cubeide_1.10.1/stm32cubeide/plugins/com.st.stm32cube.ide.mcu.externaltools.gnu-tools-for-stm32.10.3-2021.10.win32_1.0.0.202111181127/tools/bin/../lib/gcc/arm-none-eabi/10.3.1/thumb/v6-m/nofp\libgcc.a(addsf3.o)
 .ARM.attributes
                0x00000000000008be       0x2c d:/stmicroelectronics/stm32cubeide_1.10.1/stm32cubeide/plugins/com.st.stm32cube.ide.mcu.externaltools.gnu-tools-for-stm32.10.3-2021.10.win32_1.0.0.202111181127/tools/bin/../lib/gcc/arm-none-eabi/10.3.1/thumb/v6-m/nofp\libgcc.a(divsf3.o)
 .ARM.attributes
                0x00000000000008ea       0x2c d:/stmicroelectronics/stm32cubeide_1.10.1/stm32cubeide/plugins/com.st.stm32cube.ide.mcu.externaltools.gnu-tools-for-stm32.10.3-2021.10.win32_1.0.0.202111181127/tools/bin/../lib/gcc/arm-none-eabi/10.3.1/thumb/v6-m/nofp\libgcc.a(mulsf3.o)
 .ARM.attributes
                0x0000000000000916       0x2c d:/stmicroelectronics/stm32cubeide_1.10.1/stm32cubeide/plugins/com.st.stm32cube.ide.mcu.externaltools.gnu-tools-for-stm32.10.3-2021.10.win32_1.0.0.202111181127/tools/bin/../lib/gcc/arm-none-eabi/10.3.1/thumb/v6-m/nofp\libgcc.a(subsf3.o)
 .ARM.attributes
                0x0000000000000942       0x2c d:/stmicroelectronics/stm32cubeide_1.10.1/stm32cubeide/plugins/com.st.stm32cube.ide.mcu.externaltools.gnu-tools-for-stm32.10.3-2021.10.win32_1.0.0.202111181127/tools/bin/../lib/gcc/arm-none-eabi/10.3.1/thumb/v6-m/nofp\libgcc.a(fixsfsi.o)
 .ARM.attributes
                0x000000000000096e       0x1e d:/stmicroelectronics/stm32cubeide_1.10.1/stm32cubeide/plugins/com.st.stm32cube.ide.mcu.externaltools.gnu-tools-for-stm32.10.3-2021.10.win32_1.0.0.202111181127/tools/bin/../lib/gcc/arm-none-eabi/10.3.1/thumb/v6-m/nofp\libgcc.a(_arm_cmpsf2.o)
 .ARM.attributes
                0x000000000000098c       0x1e d:/stmicroelectronics/stm32cubeide_1.10.1/stm32cubeide/plugins/com.st.stm32cube.ide.mcu.externaltools.gnu-tools-for-stm32.10.3-2021.10.win32_1.0.0.202111181127/tools/bin/../lib/gcc/arm-none-eabi/10.3.1/thumb/v6-m/nofp\libgcc.a(_clzsi2.o)
 .ARM.attributes
                0x00000000000009aa       0x1e d:/stmicroelectronics/stm32cubeide_1.10.1/stm32cubeide/plugins/com.st.stm32cube.ide.mcu.externaltools.gnu-tools-for-stm32.10.3-2021.10.win32_1.0.0.202111181127/tools/bin/../lib/gcc/arm-none-eabi/10.3.1/thumb/v6-m/nofp\libgcc.a(_clzdi2.o)
 .ARM.attributes
                0x00000000000009c8       0x2c d:/stmicroelectronics/stm32cubeide_1.10.1/stm32cubeide/plugins/com.st.stm32cube.ide.mcu.externaltools.gnu-tools-for-stm32.10.3-2021.10.win32_1.0.0.202111181127/tools/bin/../lib/gcc/arm-none-eabi/10.3.1/thumb/v6-m/nofp\libgcc.a(eqsf2.o)
 .ARM.attributes
                0x00000000000009f4       0x2c d:/stmicroelectronics/stm32cubeide_1.10.1/stm32cubeide/plugins/com.st.stm32cube.ide.mcu.externaltools.gnu-tools-for-stm32.10.3-2021.10.win32_1.0.0.202111181127/tools/bin/../lib/gcc/arm-none-eabi/10.3.1/thumb/v6-m/nofp\libgcc.a(gesf2.o)
 .ARM.attributes
                0x0000000000000a20       0x2c d:/stmicroelectronics/stm32cubeide_1.10.1/stm32cubeide/plugins/com.st.stm32cube.ide.mcu.externaltools.gnu-tools-for-stm32.10.3-2021.10.win32_1.0.0.202111181127/tools/bin/../lib/gcc/arm-none-eabi/10.3.1/thumb/v6-m/nofp\libgcc.a(lesf2.o)
 .ARM.attributes
                0x0000000000000a4c       0x1e d:/stmicroelectronics/stm32cubeide_1.10.1/stm32cubeide/plugins/com.st.stm32cube.ide.mcu.externaltools.gnu-tools-for-stm32.10.3-2021.10.win32_1.0.0.202111181127/tools/bin/../lib/gcc/arm-none-eabi/10.3.1/thumb/v6-m/nofp/crtn.o
OUTPUT(MDM32WL.elf elf32-littlearm)
LOAD linker stubs
LOAD d:/stmicroelectronics/stm32cubeide_1.10.1/stm32cubeide/plugins/com.st.stm32cube.ide.mcu.externaltools.gnu-tools-for-stm32.10.3-2021.10.win32_1.0.0.202111181127/tools/bin/../lib/gcc/arm-none-eabi/10.3.1/../../../../arm-none-eabi/lib/thumb/v6-m/nofp\libc.a
LOAD d:/stmicroelectronics/stm32cubeide_1.10.1/stm32cubeide/plugins/com.st.stm32cube.ide.mcu.externaltools.gnu-tools-for-stm32.10.3-2021.10.win32_1.0.0.202111181127/tools/bin/../lib/gcc/arm-none-eabi/10.3.1/../../../../arm-none-eabi/lib/thumb/v6-m/nofp\libm.a
LOAD d:/stmicroelectronics/stm32cubeide_1.10.1/stm32cubeide/plugins/com.st.stm32cube.ide.mcu.externaltools.gnu-tools-for-stm32.10.3-2021.10.win32_1.0.0.202111181127/tools/bin/../lib/gcc/arm-none-eabi/10.3.1/thumb/v6-m/nofp\libgcc.a

.debug_info     0x0000000000000000    0x1707d
 .debug_info    0x0000000000000000      0x68c ./Application/App/app_master.o
 .debug_info    0x000000000000068c     0x23bb ./Application/App/lora_driver.o
 .debug_info    0x0000000000002a47      0x505 ./Application/App/master_app.o
 .debug_info    0x0000000000002f4c      0x807 ./Application/Core/adc.o
 .debug_info    0x0000000000003753      0xb07 ./Application/Core/adc_if.o
 .debug_info    0x000000000000425a      0x2cb ./Application/Core/ee.o
 .debug_info    0x0000000000004525      0x79d ./Application/Core/main.o
 .debug_info    0x0000000000004cc2      0xadf ./Application/Core/rtc.o
 .debug_info    0x00000000000057a1     0x1226 ./Application/Core/rtc_if.o
 .debug_info    0x00000000000069c7      0x2de ./Application/Core/stm32l0xx_hal_msp.o
 .debug_info    0x0000000000006ca5      0x951 ./Application/Core/stm32l0xx_it.o
 .debug_info    0x00000000000075f6      0x8e9 ./Application/Core/sys_app.o
 .debug_info    0x0000000000007edf      0x3be ./Application/Core/sys_debug.o
 .debug_info    0x000000000000829d      0x188 ./Application/Core/sys_sensors.o
 .debug_info    0x0000000000008425      0xf55 ./Application/Core/usart.o
 .debug_info    0x000000000000937a       0x22 ./Application/SW4STM32/startup_stm32l073xx.o
 .debug_info    0x000000000000939c     0x176f ./Drivers/BSP/MDM32WL/mdm32wl_atcmd.o
 .debug_info    0x000000000000ab0b     0x1248 ./Drivers/BSP/STM32L0xx_Nucleo/stm32l0xx_nucleo.o
 .debug_info    0x000000000000bd53      0x334 ./Drivers/CMSIS/system_stm32l0xx.o
 .debug_info    0x000000000000c087      0x9ce ./Drivers/STM32L0xx_HAL_Driver/stm32l0xx_hal.o
 .debug_info    0x000000000000ca55      0xa9c ./Drivers/STM32L0xx_HAL_Driver/stm32l0xx_hal_cortex.o
 .debug_info    0x000000000000d4f1      0xf9c ./Drivers/STM32L0xx_HAL_Driver/stm32l0xx_hal_flash_ex.o
 .debug_info    0x000000000000e48d      0x6f0 ./Drivers/STM32L0xx_HAL_Driver/stm32l0xx_hal_gpio.o
 .debug_info    0x000000000000eb7d      0x679 ./Drivers/STM32L0xx_HAL_Driver/stm32l0xx_hal_pwr.o
 .debug_info    0x000000000000f1f6      0x1b7 ./Drivers/STM32L0xx_HAL_Driver/stm32l0xx_hal_pwr_ex.o
 .debug_info    0x000000000000f3ad      0xd5a ./Drivers/STM32L0xx_HAL_Driver/stm32l0xx_hal_rcc.o
 .debug_info    0x0000000000010107      0x956 ./Drivers/STM32L0xx_HAL_Driver/stm32l0xx_hal_rcc_ex.o
 .debug_info    0x0000000000010a5d      0xec5 ./Drivers/STM32L0xx_HAL_Driver/stm32l0xx_hal_rtc.o
 .debug_info    0x0000000000011922     0x1186 ./Drivers/STM32L0xx_HAL_Driver/stm32l0xx_hal_rtc_ex.o
 .debug_info    0x0000000000012aa8     0x204e ./Drivers/STM32L0xx_HAL_Driver/stm32l0xx_hal_uart.o
 .debug_info    0x0000000000014af6      0xc78 ./Drivers/STM32L0xx_HAL_Driver/stm32l0xx_hal_uart_ex.o
 .debug_info    0x000000000001576e      0x49b ./Utilities/stm32_lpm.o
 .debug_info    0x0000000000015c09      0xcc0 ./Utilities/stm32_timer.o
 .debug_info    0x00000000000168c9      0x355 ./Utilities/stm32_tiny_sscanf.o
 .debug_info    0x0000000000016c1e      0x45f ./Utilities/stm32_tiny_vsnprintf.o

.debug_abbrev   0x0000000000000000     0x4ee9
 .debug_abbrev  0x0000000000000000      0x232 ./Application/App/app_master.o
 .debug_abbrev  0x0000000000000232      0x2fc ./Application/App/lora_driver.o
 .debug_abbrev  0x000000000000052e      0x1c1 ./Application/App/master_app.o
 .debug_abbrev  0x00000000000006ef      0x205 ./Application/Core/adc.o
 .debug_abbrev  0x00000000000008f4      0x25b ./Application/Core/adc_if.o
 .debug_abbrev  0x0000000000000b4f      0x12c ./Application/Core/ee.o
 .debug_abbrev  0x0000000000000c7b      0x21c ./Application/Core/main.o
 .debug_abbrev  0x0000000000000e97      0x1ba ./Application/Core/rtc.o
 .debug_abbrev  0x0000000000001051      0x3de ./Application/Core/rtc_if.o
 .debug_abbrev  0x000000000000142f       0xe0 ./Application/Core/stm32l0xx_hal_msp.o
 .debug_abbrev  0x000000000000150f      0x192 ./Application/Core/stm32l0xx_it.o
 .debug_abbrev  0x00000000000016a1      0x28a ./Application/Core/sys_app.o
 .debug_abbrev  0x000000000000192b      0x169 ./Application/Core/sys_debug.o
 .debug_abbrev  0x0000000000001a94       0xbd ./Application/Core/sys_sensors.o
 .debug_abbrev  0x0000000000001b51      0x392 ./Application/Core/usart.o
 .debug_abbrev  0x0000000000001ee3       0x12 ./Application/SW4STM32/startup_stm32l073xx.o
 .debug_abbrev  0x0000000000001ef5      0x437 ./Drivers/BSP/MDM32WL/mdm32wl_atcmd.o
 .debug_abbrev  0x000000000000232c      0x378 ./Drivers/BSP/STM32L0xx_Nucleo/stm32l0xx_nucleo.o
 .debug_abbrev  0x00000000000026a4      0x134 ./Drivers/CMSIS/system_stm32l0xx.o
 .debug_abbrev  0x00000000000027d8      0x301 ./Drivers/STM32L0xx_HAL_Driver/stm32l0xx_hal.o
 .debug_abbrev  0x0000000000002ad9      0x2a1 ./Drivers/STM32L0xx_HAL_Driver/stm32l0xx_hal_cortex.o
 .debug_abbrev  0x0000000000002d7a      0x354 ./Drivers/STM32L0xx_HAL_Driver/stm32l0xx_hal_flash_ex.o
 .debug_abbrev  0x00000000000030ce      0x1ec ./Drivers/STM32L0xx_HAL_Driver/stm32l0xx_hal_gpio.o
 .debug_abbrev  0x00000000000032ba      0x17e ./Drivers/STM32L0xx_HAL_Driver/stm32l0xx_hal_pwr.o
 .debug_abbrev  0x0000000000003438      0x121 ./Drivers/STM32L0xx_HAL_Driver/stm32l0xx_hal_pwr_ex.o
 .debug_abbrev  0x0000000000003559      0x2ea ./Drivers/STM32L0xx_HAL_Driver/stm32l0xx_hal_rcc.o
 .debug_abbrev  0x0000000000003843      0x242 ./Drivers/STM32L0xx_HAL_Driver/stm32l0xx_hal_rcc_ex.o
 .debug_abbrev  0x0000000000003a85      0x220 ./Drivers/STM32L0xx_HAL_Driver/stm32l0xx_hal_rtc.o
 .debug_abbrev  0x0000000000003ca5      0x247 ./Drivers/STM32L0xx_HAL_Driver/stm32l0xx_hal_rtc_ex.o
 .debug_abbrev  0x0000000000003eec      0x340 ./Drivers/STM32L0xx_HAL_Driver/stm32l0xx_hal_uart.o
 .debug_abbrev  0x000000000000422c      0x28f ./Drivers/STM32L0xx_HAL_Driver/stm32l0xx_hal_uart_ex.o
 .debug_abbrev  0x00000000000044bb      0x21e ./Utilities/stm32_lpm.o
 .debug_abbrev  0x00000000000046d9      0x40c ./Utilities/stm32_timer.o
 .debug_abbrev  0x0000000000004ae5      0x20c ./Utilities/stm32_tiny_sscanf.o
 .debug_abbrev  0x0000000000004cf1      0x1f8 ./Utilities/stm32_tiny_vsnprintf.o

.debug_loc      0x0000000000000000     0xacf2
 .debug_loc     0x0000000000000000       0xae ./Application/App/app_master.o
 .debug_loc     0x00000000000000ae      0xedf ./Application/App/lora_driver.o
 .debug_loc     0x0000000000000f8d      0x1fc ./Application/App/master_app.o
 .debug_loc     0x0000000000001189      0x110 ./Application/Core/adc_if.o
 .debug_loc     0x0000000000001299      0x150 ./Application/Core/ee.o
 .debug_loc     0x00000000000013e9       0x57 ./Application/Core/rtc.o
 .debug_loc     0x0000000000001440      0x916 ./Application/Core/rtc_if.o
 .debug_loc     0x0000000000001d56      0x105 ./Application/Core/sys_app.o
 .debug_loc     0x0000000000001e5b      0x2a0 ./Application/Core/usart.o
 .debug_loc     0x00000000000020fb      0xab7 ./Drivers/BSP/MDM32WL/mdm32wl_atcmd.o
 .debug_loc     0x0000000000002bb2      0x238 ./Drivers/BSP/STM32L0xx_Nucleo/stm32l0xx_nucleo.o
 .debug_loc     0x0000000000002dea      0x178 ./Drivers/CMSIS/system_stm32l0xx.o
 .debug_loc     0x0000000000002f62      0x13e ./Drivers/STM32L0xx_HAL_Driver/stm32l0xx_hal.o
 .debug_loc     0x00000000000030a0      0x467 ./Drivers/STM32L0xx_HAL_Driver/stm32l0xx_hal_cortex.o
 .debug_loc     0x0000000000003507      0xdc8 ./Drivers/STM32L0xx_HAL_Driver/stm32l0xx_hal_flash_ex.o
 .debug_loc     0x00000000000042cf      0x3eb ./Drivers/STM32L0xx_HAL_Driver/stm32l0xx_hal_gpio.o
 .debug_loc     0x00000000000046ba      0x1f9 ./Drivers/STM32L0xx_HAL_Driver/stm32l0xx_hal_pwr.o
 .debug_loc     0x00000000000048b3       0x30 ./Drivers/STM32L0xx_HAL_Driver/stm32l0xx_hal_pwr_ex.o
 .debug_loc     0x00000000000048e3      0x74d ./Drivers/STM32L0xx_HAL_Driver/stm32l0xx_hal_rcc.o
 .debug_loc     0x0000000000005030      0x5fd ./Drivers/STM32L0xx_HAL_Driver/stm32l0xx_hal_rcc_ex.o
 .debug_loc     0x000000000000562d      0xca7 ./Drivers/STM32L0xx_HAL_Driver/stm32l0xx_hal_rtc.o
 .debug_loc     0x00000000000062d4     0x10b4 ./Drivers/STM32L0xx_HAL_Driver/stm32l0xx_hal_rtc_ex.o
 .debug_loc     0x0000000000007388     0x1919 ./Drivers/STM32L0xx_HAL_Driver/stm32l0xx_hal_uart.o
 .debug_loc     0x0000000000008ca1      0x70b ./Drivers/STM32L0xx_HAL_Driver/stm32l0xx_hal_uart_ex.o
 .debug_loc     0x00000000000093ac      0x19c ./Utilities/stm32_lpm.o
 .debug_loc     0x0000000000009548      0x862 ./Utilities/stm32_timer.o
 .debug_loc     0x0000000000009daa      0x6bf ./Utilities/stm32_tiny_sscanf.o
 .debug_loc     0x000000000000a469      0x889 ./Utilities/stm32_tiny_vsnprintf.o

.debug_aranges  0x0000000000000000     0x1028
 .debug_aranges
                0x0000000000000000       0x48 ./Application/App/app_master.o
 .debug_aranges
                0x0000000000000048      0x1c0 ./Application/App/lora_driver.o
 .debug_aranges
                0x0000000000000208       0x28 ./Application/App/master_app.o
 .debug_aranges
                0x0000000000000230       0x30 ./Application/Core/adc.o
 .debug_aranges
                0x0000000000000260       0x40 ./Application/Core/adc_if.o
 .debug_aranges
                0x00000000000002a0       0x40 ./Application/Core/ee.o
 .debug_aranges
                0x00000000000002e0       0x30 ./Application/Core/main.o
 .debug_aranges
                0x0000000000000310       0x30 ./Application/Core/rtc.o
 .debug_aranges
                0x0000000000000340       0xa8 ./Application/Core/rtc_if.o
 .debug_aranges
                0x00000000000003e8       0x20 ./Application/Core/stm32l0xx_hal_msp.o
 .debug_aranges
                0x0000000000000408       0x30 ./Application/Core/stm32l0xx_it.o
 .debug_aranges
                0x0000000000000438       0x88 ./Application/Core/sys_app.o
 .debug_aranges
                0x00000000000004c0       0x20 ./Application/Core/sys_debug.o
 .debug_aranges
                0x00000000000004e0       0x28 ./Application/Core/sys_sensors.o
 .debug_aranges
                0x0000000000000508       0x48 ./Application/Core/usart.o
 .debug_aranges
                0x0000000000000550       0x28 ./Application/SW4STM32/startup_stm32l073xx.o
 .debug_aranges
                0x0000000000000578       0x58 ./Drivers/BSP/MDM32WL/mdm32wl_atcmd.o
 .debug_aranges
                0x00000000000005d0       0x78 ./Drivers/BSP/STM32L0xx_Nucleo/stm32l0xx_nucleo.o
 .debug_aranges
                0x0000000000000648       0x28 ./Drivers/CMSIS/system_stm32l0xx.o
 .debug_aranges
                0x0000000000000670      0x108 ./Drivers/STM32L0xx_HAL_Driver/stm32l0xx_hal.o
 .debug_aranges
                0x0000000000000778       0x90 ./Drivers/STM32L0xx_HAL_Driver/stm32l0xx_hal_cortex.o
 .debug_aranges
                0x0000000000000808       0x98 ./Drivers/STM32L0xx_HAL_Driver/stm32l0xx_hal_flash_ex.o
 .debug_aranges
                0x00000000000008a0       0x58 ./Drivers/STM32L0xx_HAL_Driver/stm32l0xx_hal_gpio.o
 .debug_aranges
                0x00000000000008f8       0xa0 ./Drivers/STM32L0xx_HAL_Driver/stm32l0xx_hal_pwr.o
 .debug_aranges
                0x0000000000000998       0x50 ./Drivers/STM32L0xx_HAL_Driver/stm32l0xx_hal_pwr_ex.o
 .debug_aranges
                0x00000000000009e8       0x80 ./Drivers/STM32L0xx_HAL_Driver/stm32l0xx_hal_rcc.o
 .debug_aranges
                0x0000000000000a68       0x98 ./Drivers/STM32L0xx_HAL_Driver/stm32l0xx_hal_rcc_ex.o
 .debug_aranges
                0x0000000000000b00       0xa8 ./Drivers/STM32L0xx_HAL_Driver/stm32l0xx_hal_rtc.o
 .debug_aranges
                0x0000000000000ba8      0x108 ./Drivers/STM32L0xx_HAL_Driver/stm32l0xx_hal_rtc_ex.o
 .debug_aranges
                0x0000000000000cb0      0x1d0 ./Drivers/STM32L0xx_HAL_Driver/stm32l0xx_hal_uart.o
 .debug_aranges
                0x0000000000000e80       0x70 ./Drivers/STM32L0xx_HAL_Driver/stm32l0xx_hal_uart_ex.o
 .debug_aranges
                0x0000000000000ef0       0x48 ./Utilities/stm32_lpm.o
 .debug_aranges
                0x0000000000000f38       0xa8 ./Utilities/stm32_timer.o
 .debug_aranges
                0x0000000000000fe0       0x28 ./Utilities/stm32_tiny_sscanf.o
 .debug_aranges
                0x0000000000001008       0x20 ./Utilities/stm32_tiny_vsnprintf.o

.debug_ranges   0x0000000000000000     0x1308
 .debug_ranges  0x0000000000000000       0x38 ./Application/App/app_master.o
 .debug_ranges  0x0000000000000038      0x1b0 ./Application/App/lora_driver.o
 .debug_ranges  0x00000000000001e8       0x18 ./Application/App/master_app.o
 .debug_ranges  0x0000000000000200       0x20 ./Application/Core/adc.o
 .debug_ranges  0x0000000000000220       0x30 ./Application/Core/adc_if.o
 .debug_ranges  0x0000000000000250       0x30 ./Application/Core/ee.o
 .debug_ranges  0x0000000000000280       0x20 ./Application/Core/main.o
 .debug_ranges  0x00000000000002a0       0x20 ./Application/Core/rtc.o
 .debug_ranges  0x00000000000002c0      0x138 ./Application/Core/rtc_if.o
 .debug_ranges  0x00000000000003f8       0x10 ./Application/Core/stm32l0xx_hal_msp.o
 .debug_ranges  0x0000000000000408       0x20 ./Application/Core/stm32l0xx_it.o
 .debug_ranges  0x0000000000000428       0xd8 ./Application/Core/sys_app.o
 .debug_ranges  0x0000000000000500       0x40 ./Application/Core/sys_debug.o
 .debug_ranges  0x0000000000000540       0x18 ./Application/Core/sys_sensors.o
 .debug_ranges  0x0000000000000558       0x70 ./Application/Core/usart.o
 .debug_ranges  0x00000000000005c8       0x20 ./Application/SW4STM32/startup_stm32l073xx.o
 .debug_ranges  0x00000000000005e8       0xc0 ./Drivers/BSP/MDM32WL/mdm32wl_atcmd.o
 .debug_ranges  0x00000000000006a8      0x120 ./Drivers/BSP/STM32L0xx_Nucleo/stm32l0xx_nucleo.o
 .debug_ranges  0x00000000000007c8       0x18 ./Drivers/CMSIS/system_stm32l0xx.o
 .debug_ranges  0x00000000000007e0       0xf8 ./Drivers/STM32L0xx_HAL_Driver/stm32l0xx_hal.o
 .debug_ranges  0x00000000000008d8      0x120 ./Drivers/STM32L0xx_HAL_Driver/stm32l0xx_hal_cortex.o
 .debug_ranges  0x00000000000009f8      0x118 ./Drivers/STM32L0xx_HAL_Driver/stm32l0xx_hal_flash_ex.o
 .debug_ranges  0x0000000000000b10       0x48 ./Drivers/STM32L0xx_HAL_Driver/stm32l0xx_hal_gpio.o
 .debug_ranges  0x0000000000000b58       0x90 ./Drivers/STM32L0xx_HAL_Driver/stm32l0xx_hal_pwr.o
 .debug_ranges  0x0000000000000be8       0x40 ./Drivers/STM32L0xx_HAL_Driver/stm32l0xx_hal_pwr_ex.o
 .debug_ranges  0x0000000000000c28       0xd0 ./Drivers/STM32L0xx_HAL_Driver/stm32l0xx_hal_rcc.o
 .debug_ranges  0x0000000000000cf8       0x88 ./Drivers/STM32L0xx_HAL_Driver/stm32l0xx_hal_rcc_ex.o
 .debug_ranges  0x0000000000000d80       0x98 ./Drivers/STM32L0xx_HAL_Driver/stm32l0xx_hal_rtc.o
 .debug_ranges  0x0000000000000e18       0xf8 ./Drivers/STM32L0xx_HAL_Driver/stm32l0xx_hal_rtc_ex.o
 .debug_ranges  0x0000000000000f10      0x1c0 ./Drivers/STM32L0xx_HAL_Driver/stm32l0xx_hal_uart.o
 .debug_ranges  0x00000000000010d0       0x60 ./Drivers/STM32L0xx_HAL_Driver/stm32l0xx_hal_uart_ex.o
 .debug_ranges  0x0000000000001130       0x80 ./Utilities/stm32_lpm.o
 .debug_ranges  0x00000000000011b0      0x110 ./Utilities/stm32_timer.o
 .debug_ranges  0x00000000000012c0       0x18 ./Utilities/stm32_tiny_sscanf.o
 .debug_ranges  0x00000000000012d8       0x30 ./Utilities/stm32_tiny_vsnprintf.o

.debug_macro    0x0000000000000000    0x19b04
 .debug_macro   0x0000000000000000      0x275 ./Application/App/app_master.o
 .debug_macro   0x0000000000000275      0xa60 ./Application/App/app_master.o
 .debug_macro   0x0000000000000cd5       0x22 ./Application/App/app_master.o
 .debug_macro   0x0000000000000cf7       0x8e ./Application/App/app_master.o
 .debug_macro   0x0000000000000d85       0x51 ./Application/App/app_master.o
 .debug_macro   0x0000000000000dd6      0x103 ./Application/App/app_master.o
 .debug_macro   0x0000000000000ed9       0x6a ./Application/App/app_master.o
 .debug_macro   0x0000000000000f43      0x1df ./Application/App/app_master.o
 .debug_macro   0x0000000000001122       0x2e ./Application/App/app_master.o
 .debug_macro   0x0000000000001150       0x22 ./Application/App/app_master.o
 .debug_macro   0x0000000000001172       0x2e ./Application/App/app_master.o
 .debug_macro   0x00000000000011a0       0x28 ./Application/App/app_master.o
 .debug_macro   0x00000000000011c8       0x1c ./Application/App/app_master.o
 .debug_macro   0x00000000000011e4       0x22 ./Application/App/app_master.o
 .debug_macro   0x0000000000001206       0xd1 ./Application/App/app_master.o
 .debug_macro   0x00000000000012d7      0x4da ./Application/App/app_master.o
 .debug_macro   0x00000000000017b1      0x11f ./Application/App/app_master.o
 .debug_macro   0x00000000000018d0     0xa445 ./Application/App/app_master.o
 .debug_macro   0x000000000000bd15       0x3c ./Application/App/app_master.o
 .debug_macro   0x000000000000bd51       0xa6 ./Application/App/app_master.o
 .debug_macro   0x000000000000bdf7     0x352b ./Application/App/app_master.o
 .debug_macro   0x000000000000f322      0x174 ./Application/App/app_master.o
 .debug_macro   0x000000000000f496       0x5b ./Application/App/app_master.o
 .debug_macro   0x000000000000f4f1      0x8eb ./Application/App/app_master.o
 .debug_macro   0x000000000000fddc      0xbb4 ./Application/App/app_master.o
 .debug_macro   0x0000000000010990      0x13f ./Application/App/app_master.o
 .debug_macro   0x0000000000010acf      0x1d1 ./Application/App/app_master.o
 .debug_macro   0x0000000000010ca0      0x28e ./Application/App/app_master.o
 .debug_macro   0x0000000000010f2e      0x1e9 ./Application/App/app_master.o
 .debug_macro   0x0000000000011117      0x4ef ./Application/App/app_master.o
 .debug_macro   0x0000000000011606       0x6b ./Application/App/app_master.o
 .debug_macro   0x0000000000011671      0x13e ./Application/App/app_master.o
 .debug_macro   0x00000000000117af      0x4b5 ./Application/App/app_master.o
 .debug_macro   0x0000000000011c64      0x22c ./Application/App/app_master.o
 .debug_macro   0x0000000000011e90       0x5b ./Application/App/app_master.o
 .debug_macro   0x0000000000011eeb       0xa5 ./Application/App/app_master.o
 .debug_macro   0x0000000000011f90      0x18d ./Application/App/app_master.o
 .debug_macro   0x000000000001211d       0x16 ./Application/App/app_master.o
 .debug_macro   0x0000000000012133      0x30c ./Application/App/app_master.o
 .debug_macro   0x000000000001243f      0x418 ./Application/App/app_master.o
 .debug_macro   0x0000000000012857       0xdd ./Application/App/app_master.o
 .debug_macro   0x0000000000012934      0x5ba ./Application/App/app_master.o
 .debug_macro   0x0000000000012eee       0x44 ./Application/App/app_master.o
 .debug_macro   0x0000000000012f32      0x1a2 ./Application/App/app_master.o
 .debug_macro   0x00000000000130d4       0x88 ./Application/App/app_master.o
 .debug_macro   0x000000000001315c      0x134 ./Application/App/app_master.o
 .debug_macro   0x0000000000013290       0x81 ./Application/App/app_master.o
 .debug_macro   0x0000000000013311       0x28 ./Application/App/app_master.o
 .debug_macro   0x0000000000013339       0x42 ./Application/App/app_master.o
 .debug_macro   0x000000000001337b       0x12 ./Application/App/app_master.o
 .debug_macro   0x000000000001338d       0xd7 ./Application/App/app_master.o
 .debug_macro   0x0000000000013464       0x10 ./Application/App/app_master.o
 .debug_macro   0x0000000000013474       0x16 ./Application/App/app_master.o
 .debug_macro   0x000000000001348a      0x34e ./Application/App/lora_driver.o
 .debug_macro   0x00000000000137d8       0x52 ./Application/App/lora_driver.o
 .debug_macro   0x000000000001382a       0x18 ./Application/App/lora_driver.o
 .debug_macro   0x0000000000013842       0x3c ./Application/App/lora_driver.o
 .debug_macro   0x000000000001387e       0x34 ./Application/App/lora_driver.o
 .debug_macro   0x00000000000138b2       0x16 ./Application/App/lora_driver.o
 .debug_macro   0x00000000000138c8       0x43 ./Application/App/lora_driver.o
 .debug_macro   0x000000000001390b       0x34 ./Application/App/lora_driver.o
 .debug_macro   0x000000000001393f       0x10 ./Application/App/lora_driver.o
 .debug_macro   0x000000000001394f       0x58 ./Application/App/lora_driver.o
 .debug_macro   0x00000000000139a7       0x71 ./Application/App/lora_driver.o
 .debug_macro   0x0000000000013a18       0x1c ./Application/App/lora_driver.o
 .debug_macro   0x0000000000013a34      0x12a ./Application/App/lora_driver.o
 .debug_macro   0x0000000000013b5e      0x341 ./Application/App/lora_driver.o
 .debug_macro   0x0000000000013e9f       0x10 ./Application/App/lora_driver.o
 .debug_macro   0x0000000000013eaf       0x35 ./Application/App/lora_driver.o
 .debug_macro   0x0000000000013ee4       0x20 ./Application/App/lora_driver.o
 .debug_macro   0x0000000000013f04       0x55 ./Application/App/lora_driver.o
 .debug_macro   0x0000000000013f59       0xee ./Application/App/lora_driver.o
 .debug_macro   0x0000000000014047       0x16 ./Application/App/lora_driver.o
 .debug_macro   0x000000000001405d      0x457 ./Application/App/master_app.o
 .debug_macro   0x00000000000144b4       0x16 ./Application/App/master_app.o
 .debug_macro   0x00000000000144ca       0x10 ./Application/App/master_app.o
 .debug_macro   0x00000000000144da       0x10 ./Application/App/master_app.o
 .debug_macro   0x00000000000144ea       0x10 ./Application/App/master_app.o
 .debug_macro   0x00000000000144fa       0x10 ./Application/App/master_app.o
 .debug_macro   0x000000000001450a       0x1c ./Application/App/master_app.o
 .debug_macro   0x0000000000014526       0x52 ./Application/App/master_app.o
 .debug_macro   0x0000000000014578       0x22 ./Application/App/master_app.o
 .debug_macro   0x000000000001459a       0x10 ./Application/App/master_app.o
 .debug_macro   0x00000000000145aa       0x52 ./Application/App/master_app.o
 .debug_macro   0x00000000000145fc       0xd5 ./Application/App/master_app.o
 .debug_macro   0x00000000000146d1       0x1c ./Application/App/master_app.o
 .debug_macro   0x00000000000146ed       0x3d ./Application/App/master_app.o
 .debug_macro   0x000000000001472a       0x35 ./Application/App/master_app.o
 .debug_macro   0x000000000001475f       0xa6 ./Application/App/master_app.o
 .debug_macro   0x0000000000014805       0x1c ./Application/App/master_app.o
 .debug_macro   0x0000000000014821       0x10 ./Application/App/master_app.o
 .debug_macro   0x0000000000014831       0x10 ./Application/App/master_app.o
 .debug_macro   0x0000000000014841       0x16 ./Application/App/master_app.o
 .debug_macro   0x0000000000014857      0x145 ./Application/App/master_app.o
 .debug_macro   0x000000000001499c      0x1f1 ./Application/Core/adc.o
 .debug_macro   0x0000000000014b8d       0x82 ./Application/Core/adc.o
 .debug_macro   0x0000000000014c0f      0x25c ./Application/Core/adc_if.o
 .debug_macro   0x0000000000014e6b       0x1c ./Application/Core/adc_if.o
 .debug_macro   0x0000000000014e87      0x210 ./Application/Core/ee.o
 .debug_macro   0x0000000000015097      0x43d ./Application/Core/main.o
 .debug_macro   0x00000000000154d4       0x16 ./Application/Core/main.o
 .debug_macro   0x00000000000154ea       0x16 ./Application/Core/main.o
 .debug_macro   0x0000000000015500       0x29 ./Application/Core/main.o
 .debug_macro   0x0000000000015529       0x58 ./Application/Core/main.o
 .debug_macro   0x0000000000015581       0x16 ./Application/Core/main.o
 .debug_macro   0x0000000000015597      0x1f1 ./Application/Core/rtc.o
 .debug_macro   0x0000000000015788      0x427 ./Application/Core/rtc_if.o
 .debug_macro   0x0000000000015baf       0x4c ./Application/Core/rtc_if.o
 .debug_macro   0x0000000000015bfb       0x94 ./Application/Core/rtc_if.o
 .debug_macro   0x0000000000015c8f       0x57 ./Application/Core/rtc_if.o
 .debug_macro   0x0000000000015ce6      0x19b ./Application/Core/rtc_if.o
 .debug_macro   0x0000000000015e81      0x3fe ./Application/Core/rtc_if.o
 .debug_macro   0x000000000001627f      0x215 ./Application/Core/stm32l0xx_hal_msp.o
 .debug_macro   0x0000000000016494      0x210 ./Application/Core/stm32l0xx_it.o
 .debug_macro   0x00000000000166a4      0x445 ./Application/Core/sys_app.o
 .debug_macro   0x0000000000016ae9       0x16 ./Application/Core/sys_app.o
 .debug_macro   0x0000000000016aff       0x97 ./Application/Core/sys_app.o
 .debug_macro   0x0000000000016b96       0xfd ./Application/Core/sys_app.o
 .debug_macro   0x0000000000016c93      0x219 ./Application/Core/sys_debug.o
 .debug_macro   0x0000000000016eac       0x9f ./Application/Core/sys_sensors.o