C:/Users/kosty/STM32CubeIDE/CubeProjectmodem/Cleanrykami/STM32CubeExpansion_LRWAN_V2.0.0/Projects/B-L072Z-LRWAN1/Applications/LoRaWAN/LoRaWAN_End_Node/Core/Src/main.c:95:5:main	2
C:/Users/kosty/STM32CubeIDE/CubeProjectmodem/Cleanrykami/STM32CubeExpansion_LRWAN_V2.0.0/Projects/B-L072Z-LRWAN1/Applications/LoRaWAN/LoRaWAN_End_Node/Core/Src/main.c:217:6:SystemClock_Config	5
C:/Users/kosty/STM32CubeIDE/CubeProjectmodem/Cleanrykami/STM32CubeExpansion_LRWAN_V2.0.0/Projects/B-L072Z-LRWAN1/Applications/LoRaWAN/LoRaWAN_End_Node/Core/Src/main.c:280:6:Error_Handler	1
