Archive member included to satisfy reference by file (symbol)

c:/st/stm32cubeide_1.5.1/stm32cubeide/plugins/com.st.stm32cube.ide.mcu.externaltools.gnu-tools-for-stm32.7-2018-q2-update.win32_1.5.0.202011040924/tools/bin/../lib/gcc/arm-none-eabi/7.3.1/../../../../arm-none-eabi/lib/thumb/v6-m\libc_nano.a(lib_a-errno.o)
                              Application/SW4STM32/syscalls.o (__errno)
c:/st/stm32cubeide_1.5.1/stm32cubeide/plugins/com.st.stm32cube.ide.mcu.externaltools.gnu-tools-for-stm32.7-2018-q2-update.win32_1.5.0.202011040924/tools/bin/../lib/gcc/arm-none-eabi/7.3.1/../../../../arm-none-eabi/lib/thumb/v6-m\libc_nano.a(lib_a-exit.o)
                              c:/st/stm32cubeide_1.5.1/stm32cubeide/plugins/com.st.stm32cube.ide.mcu.externaltools.gnu-tools-for-stm32.7-2018-q2-update.win32_1.5.0.202011040924/tools/bin/../lib/gcc/arm-none-eabi/7.3.1/../../../../arm-none-eabi/lib/thumb/v6-m/crt0.o (exit)
c:/st/stm32cubeide_1.5.1/stm32cubeide/plugins/com.st.stm32cube.ide.mcu.externaltools.gnu-tools-for-stm32.7-2018-q2-update.win32_1.5.0.202011040924/tools/bin/../lib/gcc/arm-none-eabi/7.3.1/../../../../arm-none-eabi/lib/thumb/v6-m\libc_nano.a(lib_a-impure.o)
                              c:/st/stm32cubeide_1.5.1/stm32cubeide/plugins/com.st.stm32cube.ide.mcu.externaltools.gnu-tools-for-stm32.7-2018-q2-update.win32_1.5.0.202011040924/tools/bin/../lib/gcc/arm-none-eabi/7.3.1/../../../../arm-none-eabi/lib/thumb/v6-m\libc_nano.a(lib_a-exit.o) (_global_impure_ptr)
c:/st/stm32cubeide_1.5.1/stm32cubeide/plugins/com.st.stm32cube.ide.mcu.externaltools.gnu-tools-for-stm32.7-2018-q2-update.win32_1.5.0.202011040924/tools/bin/../lib/gcc/arm-none-eabi/7.3.1/../../../../arm-none-eabi/lib/thumb/v6-m\libc_nano.a(lib_a-init.o)
                              c:/st/stm32cubeide_1.5.1/stm32cubeide/plugins/com.st.stm32cube.ide.mcu.externaltools.gnu-tools-for-stm32.7-2018-q2-update.win32_1.5.0.202011040924/tools/bin/../lib/gcc/arm-none-eabi/7.3.1/../../../../arm-none-eabi/lib/thumb/v6-m/crt0.o (__libc_init_array)
c:/st/stm32cubeide_1.5.1/stm32cubeide/plugins/com.st.stm32cube.ide.mcu.externaltools.gnu-tools-for-stm32.7-2018-q2-update.win32_1.5.0.202011040924/tools/bin/../lib/gcc/arm-none-eabi/7.3.1/../../../../arm-none-eabi/lib/thumb/v6-m\libc_nano.a(lib_a-memcpy-stub.o)
                              Application/App/subghz_phy_app.o (memcpy)
c:/st/stm32cubeide_1.5.1/stm32cubeide/plugins/com.st.stm32cube.ide.mcu.externaltools.gnu-tools-for-stm32.7-2018-q2-update.win32_1.5.0.202011040924/tools/bin/../lib/gcc/arm-none-eabi/7.3.1/../../../../arm-none-eabi/lib/thumb/v6-m\libc_nano.a(lib_a-memset.o)
                              c:/st/stm32cubeide_1.5.1/stm32cubeide/plugins/com.st.stm32cube.ide.mcu.externaltools.gnu-tools-for-stm32.7-2018-q2-update.win32_1.5.0.202011040924/tools/bin/../lib/gcc/arm-none-eabi/7.3.1/../../../../arm-none-eabi/lib/thumb/v6-m/crt0.o (memset)
c:/st/stm32cubeide_1.5.1/stm32cubeide/plugins/com.st.stm32cube.ide.mcu.externaltools.gnu-tools-for-stm32.7-2018-q2-update.win32_1.5.0.202011040924/tools/bin/../lib/gcc/arm-none-eabi/7.3.1/../../../../arm-none-eabi/lib/thumb/v6-m\libc_nano.a(lib_a-strlen.o)
                              Application/Core/sys_app.o (strlen)
c:/st/stm32cubeide_1.5.1/stm32cubeide/plugins/com.st.stm32cube.ide.mcu.externaltools.gnu-tools-for-stm32.7-2018-q2-update.win32_1.5.0.202011040924/tools/bin/../lib/gcc/arm-none-eabi/7.3.1/../../../../arm-none-eabi/lib/thumb/v6-m\libc_nano.a(lib_a-strncmp.o)
                              Application/App/subghz_phy_app.o (strncmp)
c:/st/stm32cubeide_1.5.1/stm32cubeide/plugins/com.st.stm32cube.ide.mcu.externaltools.gnu-tools-for-stm32.7-2018-q2-update.win32_1.5.0.202011040924/tools/bin/../lib/gcc/arm-none-eabi/7.3.1/thumb/v6-m\libgcc.a(_thumb1_case_sqi.o)
                              Drivers/STM32L0xx_HAL_Driver/stm32l0xx_hal_uart.o (__gnu_thumb1_case_sqi)
c:/st/stm32cubeide_1.5.1/stm32cubeide/plugins/com.st.stm32cube.ide.mcu.externaltools.gnu-tools-for-stm32.7-2018-q2-update.win32_1.5.0.202011040924/tools/bin/../lib/gcc/arm-none-eabi/7.3.1/thumb/v6-m\libgcc.a(_thumb1_case_uqi.o)
                              Drivers/BSP/B-L072Z-LRWAN1/b-l072z-lrwan1.o (__gnu_thumb1_case_uqi)
c:/st/stm32cubeide_1.5.1/stm32cubeide/plugins/com.st.stm32cube.ide.mcu.externaltools.gnu-tools-for-stm32.7-2018-q2-update.win32_1.5.0.202011040924/tools/bin/../lib/gcc/arm-none-eabi/7.3.1/thumb/v6-m\libgcc.a(_thumb1_case_uhi.o)
                              Application/App/subghz_phy_app.o (__gnu_thumb1_case_uhi)
c:/st/stm32cubeide_1.5.1/stm32cubeide/plugins/com.st.stm32cube.ide.mcu.externaltools.gnu-tools-for-stm32.7-2018-q2-update.win32_1.5.0.202011040924/tools/bin/../lib/gcc/arm-none-eabi/7.3.1/thumb/v6-m\libgcc.a(_udivsi3.o)
                              Drivers/CMSIS/system_stm32l0xx.o (__aeabi_uidiv)
[...]
Memory Configuration

Name             Origin             Length             Attributes
FLASH            0x0000000008000000 0x0000000000030000 xr
RAM              0x0000000020000000 0x0000000000005000 xrw
*default*        0x0000000000000000 0xffffffffffffffff

Linker script and memory map

LOAD c:/st/stm32cubeide_1.5.1/stm32cubeide/plugins/com.st.stm32cube.ide.mcu.externaltools.gnu-tools-for-stm32.7-2018-q2-update.win32_1.5.0.202011040924/tools/bin/../lib/gcc/arm-none-eabi/7.3.1/thumb/v6-m/crti.o
LOAD c:/st/stm32cubeide_1.5.1/stm32cubeide/plugins/com.st.stm32cube.ide.mcu.externaltools.gnu-tools-for-stm32.7-2018-q2-update.win32_1.5.0.202011040924/tools/bin/../lib/gcc/arm-none-eabi/7.3.1/thumb/v6-m/crtbegin.o
LOAD c:/st/stm32cubeide_1.5.1/stm32cubeide/plugins/com.st.stm32cube.ide.mcu.externaltools.gnu-tools-for-stm32.7-2018-q2-update.win32_1.5.0.202011040924/tools/bin/../lib/gcc/arm-none-eabi/7.3.1/../../../../arm-none-eabi/lib/thumb/v6-m/crt0.o
LOAD Application/App/app_subghz_phy.o
LOAD Application/App/subghz_phy_app.o
LOAD Application/Core/dma.o
LOAD Application/Core/main.o
LOAD Application/Core/rtc.o
LOAD Application/Core/rtc_if.o
LOAD Application/Core/stm32_lpm_if.o
LOAD Application/Core/stm32l0xx_hal_msp.o
LOAD Application/Core/stm32l0xx_it.o
LOAD Application/Core/sys_app.o
LOAD Application/Core/sys_debug.o
LOAD Application/Core/usart.o
LOAD Application/Core/usart_if.o
LOAD Application/SW4STM32/startup_stm32l072xx.o
LOAD Application/SW4STM32/syscalls.o
LOAD Application/Target/b_l072z_lrwan1_bus.o
LOAD Drivers/BSP/B-L072Z-LRWAN1/b-l072z-lrwan1.o
LOAD Drivers/BSP/CMWX1ZZABZ_0xx/cmwx1zzabz_0xx.o
LOAD Drivers/CMSIS/system_stm32l0xx.o
LOAD Drivers/STM32L0xx_HAL_Driver/stm32l0xx_hal.o
LOAD Drivers/STM32L0xx_HAL_Driver/stm32l0xx_hal_adc.o
LOAD Drivers/STM32L0xx_HAL_Driver/stm32l0xx_hal_adc_ex.o
LOAD Drivers/STM32L0xx_HAL_Driver/stm32l0xx_hal_cortex.o
LOAD Drivers/STM32L0xx_HAL_Driver/stm32l0xx_hal_dma.o
LOAD Drivers/STM32L0xx_HAL_Driver/stm32l0xx_hal_exti.o
LOAD Drivers/STM32L0xx_HAL_Driver/stm32l0xx_hal_gpio.o
LOAD Drivers/STM32L0xx_HAL_Driver/stm32l0xx_hal_i2c.o
LOAD Drivers/STM32L0xx_HAL_Driver/stm32l0xx_hal_pwr.o
LOAD Drivers/STM32L0xx_HAL_Driver/stm32l0xx_hal_pwr_ex.o
LOAD Drivers/STM32L0xx_HAL_Driver/stm32l0xx_hal_rcc.o
LOAD Drivers/STM32L0xx_HAL_Driver/stm32l0xx_hal_rcc_ex.o
LOAD Drivers/STM32L0xx_HAL_Driver/stm32l0xx_hal_rtc.o
LOAD Drivers/STM32L0xx_HAL_Driver/stm32l0xx_hal_rtc_ex.o
LOAD Drivers/STM32L0xx_HAL_Driver/stm32l0xx_hal_spi.o
LOAD Drivers/STM32L0xx_HAL_Driver/stm32l0xx_hal_tim.o
LOAD Drivers/STM32L0xx_HAL_Driver/stm32l0xx_hal_tim_ex.o
LOAD Drivers/STM32L0xx_HAL_Driver/stm32l0xx_hal_uart.o
LOAD Drivers/STM32L0xx_HAL_Driver/stm32l0xx_hal_uart_ex.o
LOAD Middlewares/SubGHz_Phy/sx1276.o
LOAD Utilities/stm32_adv_trace.o
LOAD Utilities/stm32_lpm.o
LOAD Utilities/stm32_mem.o
LOAD Utilities/stm32_seq.o
LOAD Utilities/stm32_systime.o
LOAD Utilities/stm32_timer.o
LOAD Utilities/stm32_tiny_vsnprintf.o
START GROUP
LOAD c:/st/stm32cubeide_1.5.1/stm32cubeide/plugins/com.st.stm32cube.ide.mcu.externaltools.gnu-tools-for-stm32.7-2018-q2-update.win32_1.5.0.202011040924/tools/bin/../lib/gcc/arm-none-eabi/7.3.1/../../../../arm-none-eabi/lib/thumb/v6-m\libc_nano.a
LOAD c:/st/stm32cubeide_1.5.1/stm32cubeide/plugins/com.st.stm32cube.ide.mcu.externaltools.gnu-tools-for-stm32.7-2018-q2-update.win32_1.5.0.202011040924/tools/bin/../lib/gcc/arm-none-eabi/7.3.1/../../../../arm-none-eabi/lib/thumb/v6-m\libm.a
END GROUP
START GROUP
LOAD c:/st/stm32cubeide_1.5.1/stm32cubeide/plugins/com.st.stm32cube.ide.mcu.externaltools.gnu-tools-for-stm32.7-2018-q2-update.win32_1.5.0.202011040924/tools/bin/../lib/gcc/arm-none-eabi/7.3.1/thumb/v6-m\libgcc.a
LOAD c:/st/stm32cubeide_1.5.1/stm32cubeide/plugins/com.st.stm32cube.ide.mcu.externaltools.gnu-tools-for-stm32.7-2018-q2-update.win32_1.5.0.202011040924/tools/bin/../lib/gcc/arm-none-eabi/7.3.1/../../../../arm-none-eabi/lib/thumb/v6-m\libc_nano.a
END GROUP
START GROUP
LOAD c:/st/stm32cubeide_1.5.1/stm32cubeide/plugins/com.st.stm32cube.ide.mcu.externaltools.gnu-tools-for-stm32.7-2018-q2-update.win32_1.5.0.202011040924/tools/bin/../lib/gcc/arm-none-eabi/7.3.1/thumb/v6-m\libgcc.a
LOAD c:/st/stm32cubeide_1.5.1/stm32cubeide/plugins/com.st.stm32cube.ide.mcu.externaltools.gnu-tools-for-stm32.7-2018-q2-update.win32_1.5.0.202011040924/tools/bin/../lib/gcc/arm-none-eabi/7.3.1/../../../../arm-none-eabi/lib/thumb/v6-m\libc_nano.a
LOAD c:/st/stm32cubeide_1.5.1/stm32cubeide/plugins/com.st.stm32cube.ide.mcu.externaltools.gnu-tools-for-stm32.7-2018-q2-update.win32_1.5.0.202011040924/tools/bin/../lib/gcc/arm-none-eabi/7.3.1/../../../../arm-none-eabi/lib/thumb/v6-m\libnosys.a
END GROUP
START GROUP
LOAD c:/st/stm32cubeide_1.5.1/stm32cubeide/plugins/com.st.stm32cube.ide.mcu.externaltools.gnu-tools-for-stm32.7-2018-q2-update.win32_1.5.0.202011040924/tools/bin/../lib/gcc/arm-none-eabi/7.3.1/thumb/v6-m\libgcc.a
LOAD c:/st/stm32cubeide_1.5.1/stm32cubeide/plugins/com.st.stm32cube.ide.mcu.externaltools.gnu-tools-for-stm32.7-2018-q2-update.win32_1.5.0.202011040924/tools/bin/../lib/gcc/arm-none-eabi/7.3.1/../../../../arm-none-eabi/lib/thumb/v6-m\libc_nano.a
LOAD c:/st/stm32cubeide_1.5.1/stm32cubeide/plugins/com.st.stm32cube.ide.mcu.externaltools.gnu-tools-for-stm32.7-2018-q2-update.win32_1.5.0.202011040924/tools/bin/../lib/gcc/arm-none-eabi/7.3.1/../../../../arm-none-eabi/lib/thumb/v6-m\libnosys.a
END GROUP
LOAD c:/st/stm32cubeide_1.5.1/stm32cubeide/plugins/com.st.stm32cube.ide.mcu.externaltools.gnu-tools-for-stm32.7-2018-q2-update.win32_1.5.0.202011040924/tools/bin/../lib/gcc/arm-none-eabi/7.3.1/thumb/v6-m/crtend.o
LOAD c:/st/stm32cubeide_1.5.1/stm32cubeide/plugins/com.st.stm32cube.ide.mcu.externaltools.gnu-tools-for-stm32.7-2018-q2-update.win32_1.5.0.202011040924/tools/bin/../lib/gcc/arm-none-eabi/7.3.1/thumb/v6-m/crtn.o
                0x0000000020005000                _estack = 0x20005000
                0x0000000000000200                _Min_Heap_Size = 0x200
                0x0000000000000400                _Min_Stack_Size = 0x400

.isr_vector     0x0000000008000000       0xc0
                0x0000000008000000                . = ALIGN (0x4)
 *(.isr_vector)
 .isr_vector    0x0000000008000000       0xc0 Application/SW4STM32/startup_stm32l072xx.o
                0x0000000008000000                g_pfnVectors
                0x00000000080000c0                . = ALIGN (0x4)

.text           0x00000000080000c0     0x7800
                0x00000000080000c0                . = ALIGN (0x4)
 *(.text)
 .text          0x00000000080000c0       0x48 c:/st/stm32cubeide_1.5.1/stm32cubeide/plugins/com.st.stm32cube.ide.mcu.externaltools.gnu-tools-for-stm32.7-2018-q2-update.win32_1.5.0.202011040924/tools/bin/../lib/gcc/arm-none-eabi/7.3.1/thumb/v6-m/crtbegin.o
 .text          0x0000000008000108        0xe c:/st/stm32cubeide_1.5.1/stm32cubeide/plugins/com.st.stm32cube.ide.mcu.externaltools.gnu-tools-for-stm32.7-2018-q2-update.win32_1.5.0.202011040924/tools/bin/../lib/gcc/arm-none-eabi/7.3.1/../../../../arm-none-eabi/lib/thumb/v6-m\libc_nano.a(lib_a-strlen.o)
                0x0000000008000108                strlen
 *fill*         0x0000000008000116        0x2 
 .text          0x0000000008000118       0x14 c:/st/stm32cubeide_1.5.1/stm32cubeide/plugins/com.st.stm32cube.ide.mcu.externaltools.gnu-tools-for-stm32.7-2018-q2-update.win32_1.5.0.202011040924/tools/bin/../lib/gcc/arm-none-eabi/7.3.1/thumb/v6-m\libgcc.a(_thumb1_case_sqi.o)
                0x0000000008000118                __gnu_thumb1_case_sqi
 .text          0x000000000800012c       0x14 c:/st/stm32cubeide_1.5.1/stm32cubeide/plugins/com.st.stm32cube.ide.mcu.externaltools.gnu-tools-for-stm32.7-2018-q2-update.win32_1.5.0.202011040924/tools/bin/../lib/gcc/arm-none-eabi/7.3.1/thumb/v6-m\libgcc.a(_thumb1_case_uqi.o)
                0x000000000800012c                __gnu_thumb1_case_uqi
 .text          0x0000000008000140       0x14 c:/st/stm32cubeide_1.5.1/stm32cubeide/plugins/com.st.stm32cube.ide.mcu.externaltools.gnu-tools-for-stm32.7-2018-q2-update.win32_1.5.0.202011040924/tools/bin/../lib/gcc/arm-none-eabi/7.3.1/thumb/v6-m\libgcc.a(_thumb1_case_uhi.o)
                0x0000000008000140                __gnu_thumb1_case_uhi
 .text          0x0000000008000154      0x114 c:/st/stm32cubeide_1.5.1/stm32cubeide/plugins/com.st.stm32cube.ide.mcu.externaltools.gnu-tools-for-stm32.7-2018-q2-update.win32_1.5.0.202011040924/tools/bin/../lib/gcc/arm-none-eabi/7.3.1/thumb/v6-m\libgcc.a(_udivsi3.o)
                0x0000000008000154                __aeabi_uidiv
                0x0000000008000154                __udivsi3
                0x0000000008000260                __aeabi_uidivmod
 .text          0x0000000008000268      0x1d4 c:/st/stm32cubeide_1.5.1/stm32cubeide/plugins/com.st.stm32cube.ide.mcu.externaltools.gnu-tools-for-stm32.7-2018-q2-update.win32_1.5.0.202011040924/tools/bin/../lib/gcc/arm-none-eabi/7.3.1/thumb/v6-m\libgcc.a(_divsi3.o)
                0x0000000008000268                __divsi3
                0x0000000008000268                __aeabi_idiv
                0x0000000008000434                __aeabi_idivmod
 .text          0x000000000800043c        0x4 c:/st/stm32cubeide_1.5.1/stm32cubeide/plugins/com.st.stm32cube.ide.mcu.externaltools.gnu-tools-for-stm32.7-2018-q2-update.win32_1.5.0.202011040924/tools/bin/../lib/gcc/arm-none-eabi/7.3.1/thumb/v6-m\libgcc.a(_dvmd_tls.o)
                0x000000000800043c                __aeabi_idiv0
                0x000000000800043c                __aeabi_ldiv0
 .text          0x0000000008000440       0x40 c:/st/stm32cubeide_1.5.1/stm32cubeide/plugins/com.st.stm32cube.ide.mcu.externaltools.gnu-tools-for-stm32.7-2018-q2-update.win32_1.5.0.202011040924/tools/bin/../lib/gcc/arm-none-eabi/7.3.1/thumb/v6-m\libgcc.a(_aeabi_uldivmod.o)
                0x0000000008000440                __aeabi_uldivmod
 .text          0x0000000008000480       0x54 c:/st/stm32cubeide_1.5.1/stm32cubeide/plugins/com.st.stm32cube.ide.mcu.externaltools.gnu-tools-for-stm32.7-2018-q2-update.win32_1.5.0.202011040924/tools/bin/../lib/gcc/arm-none-eabi/7.3.1/thumb/v6-m\libgcc.a(_muldi3.o)
                0x0000000008000480                __muldi3
                0x0000000008000480                __aeabi_lmul
 .text          0x00000000080004d4       0x3c c:/st/stm32cubeide_1.5.1/stm32cubeide/plugins/com.st.stm32cube.ide.mcu.externaltools.gnu-tools-for-stm32.7-2018-q2-update.win32_1.5.0.202011040924/tools/bin/../lib/gcc/arm-none-eabi/7.3.1/thumb/v6-m\libgcc.a(_fixunsdfsi.o)
                0x00000000080004d4                __aeabi_d2uiz
                0x00000000080004d4                __fixunsdfsi
 .text          0x0000000008000510      0x184 c:/st/stm32cubeide_1.5.1/stm32cubeide/plugins/com.st.stm32cube.ide.mcu.externaltools.gnu-tools-for-stm32.7-2018-q2-update.win32_1.5.0.202011040924/tools/bin/../lib/gcc/arm-none-eabi/7.3.1/thumb/v6-m\libgcc.a(_udivmoddi4.o)
                0x0000000008000510                __udivmoddi4
 .text          0x0000000008000694      0x604 c:/st/stm32cubeide_1.5.1/stm32cubeide/plugins/com.st.stm32cube.ide.mcu.externaltools.gnu-tools-for-stm32.7-2018-q2-update.win32_1.5.0.202011040924/tools/bin/../lib/gcc/arm-none-eabi/7.3.1/thumb/v6-m\libgcc.a(divdf3.o)
                0x0000000008000694                __aeabi_ddiv
 .text          0x0000000008000c98      0x4e4 c:/st/stm32cubeide_1.5.1/stm32cubeide/plugins/com.st.stm32cube.ide.mcu.externaltools.gnu-tools-for-stm32.7-2018-q2-update.win32_1.5.0.202011040924/tools/bin/../lib/gcc/arm-none-eabi/7.3.1/thumb/v6-m\libgcc.a(muldf3.o)
                0x0000000008000c98                __aeabi_dmul
 .text          0x000000000800117c      0x690 c:/st/stm32cubeide_1.5.1/stm32cubeide/plugins/com.st.stm32cube.ide.mcu.externaltools.gnu-tools-for-stm32.7-2018-q2-update.win32_1.5.0.202011040924/tools/bin/../lib/gcc/arm-none-eabi/7.3.1/thumb/v6-m\libgcc.a(subdf3.o)
                0x000000000800117c                __aeabi_dsub
 .text          0x000000000800180c       0x6c c:/st/stm32cubeide_1.5.1/stm32cubeide/plugins/com.st.stm32cube.ide.mcu.externaltools.gnu-tools-for-stm32.7-2018-q2-update.win32_1.5.0.202011040924/tools/bin/../lib/gcc/arm-none-eabi/7.3.1/thumb/v6-m\libgcc.a(fixdfsi.o)
                0x000000000800180c                __aeabi_d2iz
 .text          0x0000000008001878       0x74 c:/st/stm32cubeide_1.5.1/stm32cubeide/plugins/com.st.stm32cube.ide.mcu.externaltools.gnu-tools-for-stm32.7-2018-q2-update.win32_1.5.0.202011040924/tools/bin/../lib/gcc/arm-none-eabi/7.3.1/thumb/v6-m\libgcc.a(floatsidf.o)
                0x0000000008001878                __aeabi_i2d
 .text          0x00000000080018ec       0x64 c:/st/stm32cubeide_1.5.1/stm32cubeide/plugins/com.st.stm32cube.ide.mcu.externaltools.gnu-tools-for-stm32.7-2018-q2-update.win32_1.5.0.202011040924/tools/bin/../lib/gcc/arm-none-eabi/7.3.1/thumb/v6-m\libgcc.a(floatunsidf.o)
                0x00000000080018ec                __aeabi_ui2d
 .text          0x0000000008001950       0x7c c:/st/stm32cubeide_1.5.1/stm32cubeide/plugins/com.st.stm32cube.ide.mcu.externaltools.gnu-tools-for-stm32.7-2018-q2-update.win32_1.5.0.202011040924/tools/bin/../lib/gcc/arm-none-eabi/7.3.1/thumb/v6-m\libgcc.a(_arm_cmpdf2.o)
                0x0000000008001950                __aeabi_cdrcmple
                0x0000000008001960                __aeabi_cdcmple
                0x0000000008001960                __aeabi_cdcmpeq
                0x0000000008001970                __aeabi_dcmpeq
                0x000000000800197c                __aeabi_dcmplt
                0x0000000008001990                __aeabi_dcmple
                0x00000000080019a4                __aeabi_dcmpgt
                0x00000000080019b8                __aeabi_dcmpge
 .text          0x00000000080019cc       0x3c c:/st/stm32cubeide_1.5.1/stm32cubeide/plugins/com.st.stm32cube.ide.mcu.externaltools.gnu-tools-for-stm32.7-2018-q2-update.win32_1.5.0.202011040924/tools/bin/../lib/gcc/arm-none-eabi/7.3.1/thumb/v6-m\libgcc.a(_clzsi2.o)
                0x00000000080019cc                __clzsi2
 .text          0x0000000008001a08       0x18 c:/st/stm32cubeide_1.5.1/stm32cubeide/plugins/com.st.stm32cube.ide.mcu.externaltools.gnu-tools-for-stm32.7-2018-q2-update.win32_1.5.0.202011040924/tools/bin/../lib/gcc/arm-none-eabi/7.3.1/thumb/v6-m\libgcc.a(_clzdi2.o)
                0x0000000008001a08                __clzdi2
 .text          0x0000000008001a20       0x78 c:/st/stm32cubeide_1.5.1/stm32cubeide/plugins/com.st.stm32cube.ide.mcu.externaltools.gnu-tools-for-stm32.7-2018-q2-update.win32_1.5.0.202011040924/tools/bin/../lib/gcc/arm-none-eabi/7.3.1/thumb/v6-m\libgcc.a(eqdf2.o)
                0x0000000008001a20                __nedf2
                0x0000000008001a20                __eqdf2
 .text          0x0000000008001a98       0xc8 c:/st/stm32cubeide_1.5.1/stm32cubeide/plugins/com.st.stm32cube.ide.mcu.externaltools.gnu-tools-for-stm32.7-2018-q2-update.win32_1.5.0.202011040924/tools/bin/../lib/gcc/arm-none-eabi/7.3.1/thumb/v6-m\libgcc.a(gedf2.o)
                0x0000000008001a98                __gedf2
                0x0000000008001a98                __gtdf2
 .text          0x0000000008001b60       0xd0 c:/st/stm32cubeide_1.5.1/stm32cubeide/plugins/com.st.stm32cube.ide.mcu.externaltools.gnu-tools-for-stm32.7-2018-q2-update.win32_1.5.0.202011040924/tools/bin/../lib/gcc/arm-none-eabi/7.3.1/thumb/v6-m\libgcc.a(ledf2.o)
                0x0000000008001b60                __ledf2
                0x0000000008001b60                __ltdf2
 *(.text*)
 .text.MX_SubGHz_Phy_Init
                0x0000000008001c30        0xc Application/App/app_subghz_phy.o
                0x0000000008001c30                MX_SubGHz_Phy_Init
 .text.MX_SubGHz_Phy_Process
                0x0000000008001c3c        0xc Application/App/app_subghz_phy.o
                0x0000000008001c3c                MX_SubGHz_Phy_Process
 .text.OnledEvent
                0x0000000008001c48       0x1c Application/App/subghz_phy_app.o
 .text.PingPong_Process
                0x0000000008001c64      0x244 Application/App/subghz_phy_app.o
 .text.OnRxError
                0x0000000008001ea8       0x30 Application/App/subghz_phy_app.o
 .text.OnRxTimeout
                0x0000000008001ed8       0x30 Application/App/subghz_phy_app.o
 .text.OnTxTimeout
                0x0000000008001f08       0x30 Application/App/subghz_phy_app.o
 .text.OnTxDone
                0x0000000008001f38       0x30 Application/App/subghz_phy_app.o
 .text.OnRxDone
                0x0000000008001f68       0x64 Application/App/subghz_phy_app.o
 .text.SubghzApp_Init
                0x0000000008001fcc      0x100 Application/App/subghz_phy_app.o
                0x0000000008001fcc                SubghzApp_Init
 .text.MX_DMA_Init
                0x00000000080020cc       0x2c Application/Core/dma.o
                0x00000000080020cc                MX_DMA_Init
 .text.SystemClock_Config
                0x00000000080020f8       0x90 Application/Core/main.o
                0x00000000080020f8                SystemClock_Config
 .text.startup.main
                0x0000000008002188       0x14 Application/Core/main.o
                0x0000000008002188                main
 .text.Error_Handler
                0x000000000800219c        0x2 Application/Core/main.o
                0x000000000800219c                Error_Handler
 *fill*         0x000000000800219e        0x2 
 .text.MX_RTC_Init
                0x00000000080021a0       0xc0 Application/Core/rtc.o
                0x00000000080021a0                MX_RTC_Init
 .text.HAL_RTC_MspInit
                0x0000000008002260       0x58 Application/Core/rtc.o
                0x0000000008002260                HAL_RTC_MspInit
 .text.RTC_IF_GetTimerContext
                0x00000000080022b8        0xc Application/Core/rtc_if.o
                0x00000000080022b8                RTC_IF_GetTimerContext
 .text.RTC_IF_GetMinimumTimeout
                0x00000000080022c4        0x4 Application/Core/rtc_if.o
                0x00000000080022c4                RTC_IF_GetMinimumTimeout
 .text.RTC_IF_Convert_ms2Tick
                0x00000000080022c8       0x10 Application/Core/rtc_if.o
                0x00000000080022c8                RTC_IF_Convert_ms2Tick
 .text.RTC_IF_Convert_Tick2ms
                0x00000000080022d8       0x14 Application/Core/rtc_if.o
                0x00000000080022d8                RTC_IF_Convert_Tick2ms
 .text.RTC_IF_StopTimer
                0x00000000080022ec       0x24 Application/Core/rtc_if.o
                0x00000000080022ec                RTC_IF_StopTimer
 .text.RTC_GetCalendarValue
                0x0000000008002310       0xb4 Application/Core/rtc_if.o
 .text.RTC_IF_SetTimerContext
                0x00000000080023c4       0x18 Application/Core/rtc_if.o
                0x00000000080023c4                RTC_IF_SetTimerContext
 .text.RTC_IF_GetTimerElapsedTime
                0x00000000080023dc       0x18 Application/Core/rtc_if.o
                0x00000000080023dc                RTC_IF_GetTimerElapsedTime
 .text.RTC_IF_StartTimer
                0x00000000080023f4      0x140 Application/Core/rtc_if.o
                0x00000000080023f4                RTC_IF_StartTimer
 .text.RTC_IF_GetTime
                0x0000000008002534       0x28 Application/Core/rtc_if.o
                0x0000000008002534                RTC_IF_GetTime
 .text.RTC_IF_BkUp_Write_Seconds
                0x000000000800255c       0x14 Application/Core/rtc_if.o
                0x000000000800255c                RTC_IF_BkUp_Write_Seconds
 .text.RTC_IF_BkUp_Write_SubSeconds
                0x0000000008002570       0x14 Application/Core/rtc_if.o
                0x0000000008002570                RTC_IF_BkUp_Write_SubSeconds
 .text.RTC_IF_BkUp_Read_Seconds
                0x0000000008002584       0x10 Application/Core/rtc_if.o
                0x0000000008002584                RTC_IF_BkUp_Read_Seconds
 .text.RTC_IF_BkUp_Read_SubSeconds
                0x0000000008002594       0x10 Application/Core/rtc_if.o
                0x0000000008002594                RTC_IF_BkUp_Read_SubSeconds
 .text.RTC_IF_Init
                0x00000000080025a4       0x50 Application/Core/rtc_if.o
                0x00000000080025a4                RTC_IF_Init
 .text.RTC_IF_GetTimerValue
                0x00000000080025f4       0x20 Application/Core/rtc_if.o
                0x00000000080025f4                RTC_IF_GetTimerValue
 .text.RTC_IF_DelayMs
                0x0000000008002614       0x26 Application/Core/rtc_if.o
                0x0000000008002614                RTC_IF_DelayMs
 .text.HAL_RTC_AlarmAEventCallback
                0x000000000800263a        0x8 Application/Core/rtc_if.o
                0x000000000800263a                HAL_RTC_AlarmAEventCallback
 .text.PWR_EnterOffMode
                0x0000000008002642        0x2 Application/Core/stm32_lpm_if.o
                0x0000000008002642                PWR_EnterOffMode
 .text.PWR_EnterStopMode
                0x0000000008002644       0x28 Application/Core/stm32_lpm_if.o
                0x0000000008002644                PWR_EnterStopMode
 .text.PWR_ExitStopMode
                0x000000000800266c       0x50 Application/Core/stm32_lpm_if.o
                0x000000000800266c                PWR_ExitStopMode
 .text.PWR_EnterSleepMode
                0x00000000080026bc        0xc Application/Core/stm32_lpm_if.o
                0x00000000080026bc                PWR_EnterSleepMode
 .text.PWR_ExitSleepMode
                0x00000000080026c8        0x2 Application/Core/stm32_lpm_if.o
                0x00000000080026c8                PWR_ExitSleepMode
 .text.PWR_ExitOffMode
                0x00000000080026ca        0x2 Application/Core/stm32_lpm_if.o
                0x00000000080026ca                PWR_ExitOffMode
 .text.HAL_MspInit
                0x00000000080026cc       0x30 Application/Core/stm32l0xx_hal_msp.o
                0x00000000080026cc                HAL_MspInit
 .text.NMI_Handler
                0x00000000080026fc        0x2 Application/Core/stm32l0xx_it.o
                0x00000000080026fc                NMI_Handler
 .text.HardFault_Handler
                0x00000000080026fe        0x4 Application/Core/stm32l0xx_it.o
                0x00000000080026fe                HardFault_Handler
 .text.SVC_Handler
                0x0000000008002702        0x2 Application/Core/stm32l0xx_it.o
                0x0000000008002702                SVC_Handler
 .text.PendSV_Handler
                0x0000000008002704        0x2 Application/Core/stm32l0xx_it.o
                0x0000000008002704                PendSV_Handler
 .text.SysTick_Handler
                0x0000000008002706        0x8 Application/Core/stm32l0xx_it.o
                0x0000000008002706                SysTick_Handler
 *fill*         0x000000000800270e        0x2 
 .text.EXTI0_1_IRQHandler
                0x0000000008002710       0x18 Application/Core/stm32l0xx_it.o
                0x0000000008002710                EXTI0_1_IRQHandler
 .text.EXTI2_3_IRQHandler
                0x0000000008002728        0x2 Application/Core/stm32l0xx_it.o
                0x0000000008002728                EXTI2_3_IRQHandler
 *fill*         0x000000000800272a        0x2 
 .text.EXTI4_15_IRQHandler
                0x000000000800272c       0x18 Application/Core/stm32l0xx_it.o
                0x000000000800272c                EXTI4_15_IRQHandler
 .text.DMA1_Channel4_5_6_7_IRQHandler
                0x0000000008002744       0x10 Application/Core/stm32l0xx_it.o
                0x0000000008002744                DMA1_Channel4_5_6_7_IRQHandler
 .text.USART2_IRQHandler
                0x0000000008002754       0x10 Application/Core/stm32l0xx_it.o
                0x0000000008002754                USART2_IRQHandler
 .text.RTC_IRQHandler
                0x0000000008002764       0x10 Application/Core/stm32l0xx_it.o
                0x0000000008002764                RTC_IRQHandler
 .text.tiny_snprintf_like.constprop.0
                0x0000000008002774       0x1c Application/Core/sys_app.o
 .text.TimestampNow
                0x0000000008002790       0x30 Application/Core/sys_app.o
 .text.SystemApp_Init
                0x00000000080027c0       0xe4 Application/Core/sys_app.o
                0x00000000080027c0                SystemApp_Init
 .text.UTIL_SEQ_Idle
                0x00000000080028a4        0x8 Application/Core/sys_app.o
                0x00000000080028a4                UTIL_SEQ_Idle
 .text.UTIL_ADV_TRACE_PreSendHook
                0x00000000080028ac        0xc Application/Core/sys_app.o
                0x00000000080028ac                UTIL_ADV_TRACE_PreSendHook
 .text.UTIL_ADV_TRACE_PostSendHook
                0x00000000080028b8        0xc Application/Core/sys_app.o
                0x00000000080028b8                UTIL_ADV_TRACE_PostSendHook
 .text.HAL_InitTick
                0x00000000080028c4        0x4 Application/Core/sys_app.o
                0x00000000080028c4                HAL_InitTick
 .text.HAL_GetTick
                0x00000000080028c8        0x8 Application/Core/sys_app.o
                0x00000000080028c8                HAL_GetTick
 .text.HAL_Delay
                0x00000000080028d0        0xc Application/Core/sys_app.o
                0x00000000080028d0                HAL_Delay
 .text.DBG_Init
                0x00000000080028dc       0x64 Application/Core/sys_debug.o
                0x00000000080028dc                DBG_Init
 .text.MX_USART2_Init
                0x0000000008002940       0x34 Application/Core/usart.o
                0x0000000008002940                MX_USART2_Init
 .text.HAL_UART_MspInit
                0x0000000008002974      0x108 Application/Core/usart.o
                0x0000000008002974                HAL_UART_MspInit
 .text.HAL_UART_MspDeInit
                0x0000000008002a7c       0x3c Application/Core/usart.o
                0x0000000008002a7c                HAL_UART_MspDeInit
 .text.vcom_Init
                0x0000000008002ab8       0x18 Application/Core/usart_if.o
                0x0000000008002ab8                vcom_Init
 .text.vcom_DeInit
                0x0000000008002ad0       0x34 Application/Core/usart_if.o
                0x0000000008002ad0                vcom_DeInit
 .text.vcom_Trace_DMA
                0x0000000008002b04       0x14 Application/Core/usart_if.o
                0x0000000008002b04                vcom_Trace_DMA
 .text.vcom_ReceiveInit
                0x0000000008002b18       0x54 Application/Core/usart_if.o
                0x0000000008002b18                vcom_ReceiveInit
 .text.HAL_UART_TxCpltCallback
                0x0000000008002b6c       0x10 Application/Core/usart_if.o
                0x0000000008002b6c                HAL_UART_TxCpltCallback
 .text.HAL_UART_RxCpltCallback
                0x0000000008002b7c       0x30 Application/Core/usart_if.o
                0x0000000008002b7c                HAL_UART_RxCpltCallback
 .text.Reset_Handler
                0x0000000008002bac       0x50 Application/SW4STM32/startup_stm32l072xx.o
                0x0000000008002bac                Reset_Handler
 .text.Default_Handler
                0x0000000008002bfc        0x2 Application/SW4STM32/startup_stm32l072xx.o
                0x0000000008002bfc                TSC_IRQHandler
                0x0000000008002bfc                ADC1_COMP_IRQHandler
                0x0000000008002bfc                PVD_IRQHandler
                0x0000000008002bfc                I2C1_IRQHandler
                0x0000000008002bfc                RCC_CRS_IRQHandler
                0x0000000008002bfc                SPI1_IRQHandler
                0x0000000008002bfc                TIM6_DAC_IRQHandler
                0x0000000008002bfc                I2C2_IRQHandler
                0x0000000008002bfc                TIM3_IRQHandler
                0x0000000008002bfc                DMA1_Channel1_IRQHandler
                0x0000000008002bfc                USART4_5_IRQHandler
                0x0000000008002bfc                Default_Handler
                0x0000000008002bfc                TIM22_IRQHandler
                0x0000000008002bfc                TIM7_IRQHandler
                0x0000000008002bfc                USB_IRQHandler
                0x0000000008002bfc                I2C3_IRQHandler
                0x0000000008002bfc                SPI2_IRQHandler
                0x0000000008002bfc                TIM21_IRQHandler
                0x0000000008002bfc                WWDG_IRQHandler
                0x0000000008002bfc                TIM2_IRQHandler
                0x0000000008002bfc                DMA1_Channel2_3_IRQHandler
                0x0000000008002bfc                FLASH_IRQHandler
                0x0000000008002bfc                USART1_IRQHandler
                0x0000000008002bfc                RNG_LPUART1_IRQHandler
                0x0000000008002bfc                LPTIM1_IRQHandler
 *fill*         0x0000000008002bfe        0x2 
 .text.BSP_SPI1_SendRecv
                0x0000000008002c00       0x28 Application/Target/b_l072z_lrwan1_bus.o
                0x0000000008002c00                BSP_SPI1_SendRecv
 .text.MX_SPI1_Init
                0x0000000008002c28       0x60 Application/Target/b_l072z_lrwan1_bus.o
                0x0000000008002c28                MX_SPI1_Init
 .text.BSP_SPI1_Init
                0x0000000008002c88       0x80 Application/Target/b_l072z_lrwan1_bus.o
                0x0000000008002c88                BSP_SPI1_Init
 .text.BSP_LED_Init
                0x0000000008002d08       0x84 Drivers/BSP/B-L072Z-LRWAN1/b-l072z-lrwan1.o
                0x0000000008002d08                BSP_LED_Init
 .text.BSP_LED_Off
                0x0000000008002d8c       0x20 Drivers/BSP/B-L072Z-LRWAN1/b-l072z-lrwan1.o
                0x0000000008002d8c                BSP_LED_Off
 .text.BSP_LED_Toggle
                0x0000000008002dac       0x1c Drivers/BSP/B-L072Z-LRWAN1/b-l072z-lrwan1.o
                0x0000000008002dac                BSP_LED_Toggle
 .text.CMWX1ZZABZ0XX_RADIO_GetWakeUpTime
                0x0000000008002dc8        0x4 Drivers/BSP/CMWX1ZZABZ_0xx/cmwx1zzabz_0xx.o
                0x0000000008002dc8                CMWX1ZZABZ0XX_RADIO_GetWakeUpTime
 .text.CMWX1ZZABZ0XX_RADIO_SetXO
                0x0000000008002dcc       0x2c Drivers/BSP/CMWX1ZZABZ_0xx/cmwx1zzabz_0xx.o
                0x0000000008002dcc                CMWX1ZZABZ0XX_RADIO_SetXO
 .text.CMWX1ZZABZ0XX_RADIO_IoInit
                0x0000000008002df8      0x1b4 Drivers/BSP/CMWX1ZZABZ_0xx/cmwx1zzabz_0xx.o
                0x0000000008002df8                CMWX1ZZABZ0XX_RADIO_IoInit
 .text.CMWX1ZZABZ0XX_RADIO_IoDeInit
                0x0000000008002fac       0xb0 Drivers/BSP/CMWX1ZZABZ_0xx/cmwx1zzabz_0xx.o
                0x0000000008002fac                CMWX1ZZABZ0XX_RADIO_IoDeInit
 .text.CMWX1ZZABZ0XX_RADIO_IoIrqInit
                0x000000000800305c       0x5c Drivers/BSP/CMWX1ZZABZ_0xx/cmwx1zzabz_0xx.o
                0x000000000800305c                CMWX1ZZABZ0XX_RADIO_IoIrqInit
 .text.CMWX1ZZABZ0XX_RADIO_GetPaSelect
                0x00000000080030b8        0x4 Drivers/BSP/CMWX1ZZABZ_0xx/cmwx1zzabz_0xx.o
                0x00000000080030b8                CMWX1ZZABZ0XX_RADIO_GetPaSelect
 .text.CMWX1ZZABZ0XX_RADIO_SetAntSw
                0x00000000080030bc       0x4c Drivers/BSP/CMWX1ZZABZ_0xx/cmwx1zzabz_0xx.o
                0x00000000080030bc                CMWX1ZZABZ0XX_RADIO_SetAntSw
 .text.CMWX1ZZABZ0XX_RADIO_CheckRfFrequency
                0x0000000008003108        0x4 Drivers/BSP/CMWX1ZZABZ_0xx/cmwx1zzabz_0xx.o
                0x0000000008003108                CMWX1ZZABZ0XX_RADIO_CheckRfFrequency
 .text.CMWX1ZZABZ0XX_RADIO_Reset
                0x000000000800310c       0x4c Drivers/BSP/CMWX1ZZABZ_0xx/cmwx1zzabz_0xx.o
                0x000000000800310c                CMWX1ZZABZ0XX_RADIO_Reset
 .text.CMWX1ZZABZ0XX_RADIO_Bus_Init
                0x0000000008003158        0x8 Drivers/BSP/CMWX1ZZABZ_0xx/cmwx1zzabz_0xx.o
                0x0000000008003158                CMWX1ZZABZ0XX_RADIO_Bus_Init
 .text.CMWX1ZZABZ0XX_RADIO_SendRecv
                0x0000000008003160       0x1c Drivers/BSP/CMWX1ZZABZ_0xx/cmwx1zzabz_0xx.o
                0x0000000008003160                CMWX1ZZABZ0XX_RADIO_SendRecv
 .text.CMWX1ZZABZ0XX_RADIO_ChipSelect
                0x000000000800317c       0x18 Drivers/BSP/CMWX1ZZABZ_0xx/cmwx1zzabz_0xx.o
                0x000000000800317c                CMWX1ZZABZ0XX_RADIO_ChipSelect
 .text.CMWX1ZZABZ0XX_RADIO_GetDio1PinState
                0x0000000008003194       0x10 Drivers/BSP/CMWX1ZZABZ_0xx/cmwx1zzabz_0xx.o
                0x0000000008003194                CMWX1ZZABZ0XX_RADIO_GetDio1PinState
 .text.SystemInit
                0x00000000080031a4       0x5c Drivers/CMSIS/system_stm32l0xx.o
                0x00000000080031a4                SystemInit
 .text.HAL_Init
                0x0000000008003200       0x28 Drivers/STM32L0xx_HAL_Driver/stm32l0xx_hal.o
                0x0000000008003200                HAL_Init
 .text.HAL_IncTick
                0x0000000008003228       0x18 Drivers/STM32L0xx_HAL_Driver/stm32l0xx_hal.o
                0x0000000008003228                HAL_IncTick
 .text.HAL_DBGMCU_DisableDBGSleepMode
                0x0000000008003240       0x10 Drivers/STM32L0xx_HAL_Driver/stm32l0xx_hal.o
                0x0000000008003240                HAL_DBGMCU_DisableDBGSleepMode
 .text.HAL_DBGMCU_DisableDBGStopMode
                0x0000000008003250       0x10 Drivers/STM32L0xx_HAL_Driver/stm32l0xx_hal.o
                0x0000000008003250                HAL_DBGMCU_DisableDBGStopMode
 .text.HAL_DBGMCU_DisableDBGStandbyMode
                0x0000000008003260       0x10 Drivers/STM32L0xx_HAL_Driver/stm32l0xx_hal.o
                0x0000000008003260                HAL_DBGMCU_DisableDBGStandbyMode
 .text.HAL_NVIC_SetPriority
                0x0000000008003270       0x54 Drivers/STM32L0xx_HAL_Driver/stm32l0xx_hal_cortex.o
                0x0000000008003270                HAL_NVIC_SetPriority
 .text.HAL_NVIC_EnableIRQ
                0x00000000080032c4       0x18 Drivers/STM32L0xx_HAL_Driver/stm32l0xx_hal_cortex.o
                0x00000000080032c4                HAL_NVIC_EnableIRQ
 .text.HAL_NVIC_DisableIRQ
                0x00000000080032dc       0x20 Drivers/STM32L0xx_HAL_Driver/stm32l0xx_hal_cortex.o
                0x00000000080032dc                HAL_NVIC_DisableIRQ
 .text.HAL_DMA_Init
                0x00000000080032fc       0x88 Drivers/STM32L0xx_HAL_Driver/stm32l0xx_hal_dma.o
                0x00000000080032fc                HAL_DMA_Init
 .text.HAL_DMA_DeInit
                0x0000000008003384       0x60 Drivers/STM32L0xx_HAL_Driver/stm32l0xx_hal_dma.o
                0x0000000008003384                HAL_DMA_DeInit
 .text.HAL_DMA_Start_IT
                0x00000000080033e4       0x80 Drivers/STM32L0xx_HAL_Driver/stm32l0xx_hal_dma.o
                0x00000000080033e4                HAL_DMA_Start_IT
 .text.HAL_DMA_Abort
                0x0000000008003464       0x40 Drivers/STM32L0xx_HAL_Driver/stm32l0xx_hal_dma.o
                0x0000000008003464                HAL_DMA_Abort
 .text.HAL_DMA_Abort_IT
                0x00000000080034a4       0x4a Drivers/STM32L0xx_HAL_Driver/stm32l0xx_hal_dma.o
                0x00000000080034a4                HAL_DMA_Abort_IT
 .text.HAL_DMA_IRQHandler
                0x00000000080034ee       0x96 Drivers/STM32L0xx_HAL_Driver/stm32l0xx_hal_dma.o
                0x00000000080034ee                HAL_DMA_IRQHandler
 .text.HAL_EXTI_RegisterCallback
                0x0000000008003584        0xe Drivers/STM32L0xx_HAL_Driver/stm32l0xx_hal_exti.o
                0x0000000008003584                HAL_EXTI_RegisterCallback
 .text.HAL_EXTI_GetHandle
                0x0000000008003592        0xe Drivers/STM32L0xx_HAL_Driver/stm32l0xx_hal_exti.o
                0x0000000008003592                HAL_EXTI_GetHandle
 .text.HAL_EXTI_IRQHandler
                0x00000000080035a0       0x24 Drivers/STM32L0xx_HAL_Driver/stm32l0xx_hal_exti.o
                0x00000000080035a0                HAL_EXTI_IRQHandler
 .text.HAL_GPIO_Init
                0x00000000080035c4      0x180 Drivers/STM32L0xx_HAL_Driver/stm32l0xx_hal_gpio.o
                0x00000000080035c4                HAL_GPIO_Init
 .text.HAL_GPIO_DeInit
                0x0000000008003744      0x100 Drivers/STM32L0xx_HAL_Driver/stm32l0xx_hal_gpio.o
                0x0000000008003744                HAL_GPIO_DeInit
 .text.HAL_GPIO_ReadPin
                0x0000000008003844        0xc Drivers/STM32L0xx_HAL_Driver/stm32l0xx_hal_gpio.o
                0x0000000008003844                HAL_GPIO_ReadPin
 .text.HAL_GPIO_WritePin
                0x0000000008003850        0xc Drivers/STM32L0xx_HAL_Driver/stm32l0xx_hal_gpio.o
                0x0000000008003850                HAL_GPIO_WritePin
 .text.HAL_GPIO_TogglePin
                0x000000000800385c       0x10 Drivers/STM32L0xx_HAL_Driver/stm32l0xx_hal_gpio.o
                0x000000000800385c                HAL_GPIO_TogglePin
 .text.HAL_PWR_DisablePVD
                0x000000000800386c       0x10 Drivers/STM32L0xx_HAL_Driver/stm32l0xx_hal_pwr.o
                0x000000000800386c                HAL_PWR_DisablePVD
 .text.HAL_PWR_EnterSLEEPMode
                0x000000000800387c       0x6c Drivers/STM32L0xx_HAL_Driver/stm32l0xx_hal_pwr.o
                0x000000000800387c                HAL_PWR_EnterSLEEPMode
 .text.HAL_PWR_EnterSTOPMode
                0x00000000080038e8       0x74 Drivers/STM32L0xx_HAL_Driver/stm32l0xx_hal_pwr.o
                0x00000000080038e8                HAL_PWR_EnterSTOPMode
 .text.HAL_PWREx_EnableFastWakeUp
                0x000000000800395c       0x14 Drivers/STM32L0xx_HAL_Driver/stm32l0xx_hal_pwr_ex.o
                0x000000000800395c                HAL_PWREx_EnableFastWakeUp
 .text.HAL_PWREx_EnableUltraLowPower
                0x0000000008003970       0x14 Drivers/STM32L0xx_HAL_Driver/stm32l0xx_hal_pwr_ex.o
                0x0000000008003970                HAL_PWREx_EnableUltraLowPower
 .text.HAL_RCC_GetSysClockFreq
                0x0000000008003984       0x94 Drivers/STM32L0xx_HAL_Driver/stm32l0xx_hal_rcc.o
                0x0000000008003984                HAL_RCC_GetSysClockFreq
 .text.HAL_RCC_OscConfig
                0x0000000008003a18      0x520 Drivers/STM32L0xx_HAL_Driver/stm32l0xx_hal_rcc.o
                0x0000000008003a18                HAL_RCC_OscConfig
 .text.HAL_RCC_ClockConfig
                0x0000000008003f38      0x19c Drivers/STM32L0xx_HAL_Driver/stm32l0xx_hal_rcc.o
                0x0000000008003f38                HAL_RCC_ClockConfig
 .text.HAL_RCC_GetPCLK1Freq
                0x00000000080040d4       0x20 Drivers/STM32L0xx_HAL_Driver/stm32l0xx_hal_rcc.o
                0x00000000080040d4                HAL_RCC_GetPCLK1Freq
 .text.HAL_RCC_GetPCLK2Freq
                0x00000000080040f4       0x20 Drivers/STM32L0xx_HAL_Driver/stm32l0xx_hal_rcc.o
                0x00000000080040f4                HAL_RCC_GetPCLK2Freq
 .text.HAL_RCCEx_PeriphCLKConfig
                0x0000000008004114      0x1b8 Drivers/STM32L0xx_HAL_Driver/stm32l0xx_hal_rcc_ex.o
                0x0000000008004114                HAL_RCCEx_PeriphCLKConfig
 .text.HAL_RTC_DeactivateAlarm
                0x00000000080042cc       0xc0 Drivers/STM32L0xx_HAL_Driver/stm32l0xx_hal_rtc.o
                0x00000000080042cc                HAL_RTC_DeactivateAlarm
 .text.HAL_RTC_AlarmIRQHandler
                0x000000000800438c       0x60 Drivers/STM32L0xx_HAL_Driver/stm32l0xx_hal_rtc.o
                0x000000000800438c                HAL_RTC_AlarmIRQHandler
 .text.HAL_RTC_WaitForSynchro
                0x00000000080043ec       0x34 Drivers/STM32L0xx_HAL_Driver/stm32l0xx_hal_rtc.o
                0x00000000080043ec                HAL_RTC_WaitForSynchro
 .text.RTC_EnterInitMode
                0x0000000008004420       0x38 Drivers/STM32L0xx_HAL_Driver/stm32l0xx_hal_rtc.o
                0x0000000008004420                RTC_EnterInitMode
 .text.HAL_RTC_Init
                0x0000000008004458       0xb8 Drivers/STM32L0xx_HAL_Driver/stm32l0xx_hal_rtc.o
                0x0000000008004458                HAL_RTC_Init
 .text.RTC_ByteToBcd2
                0x0000000008004510       0x16 Drivers/STM32L0xx_HAL_Driver/stm32l0xx_hal_rtc.o
                0x0000000008004510                RTC_ByteToBcd2
 *fill*         0x0000000008004526        0x2 
 .text.HAL_RTC_SetTime
                0x0000000008004528      0x100 Drivers/STM32L0xx_HAL_Driver/stm32l0xx_hal_rtc.o
                0x0000000008004528                HAL_RTC_SetTime
 .text.HAL_RTC_SetDate
                0x0000000008004628       0xd8 Drivers/STM32L0xx_HAL_Driver/stm32l0xx_hal_rtc.o
                0x0000000008004628                HAL_RTC_SetDate
 .text.HAL_RTC_SetAlarm_IT
                0x0000000008004700      0x190 Drivers/STM32L0xx_HAL_Driver/stm32l0xx_hal_rtc.o
                0x0000000008004700                HAL_RTC_SetAlarm_IT
 .text.RTC_Bcd2ToByte
                0x0000000008004890       0x10 Drivers/STM32L0xx_HAL_Driver/stm32l0xx_hal_rtc.o
                0x0000000008004890                RTC_Bcd2ToByte
 .text.HAL_RTC_GetTime
                0x00000000080048a0       0x54 Drivers/STM32L0xx_HAL_Driver/stm32l0xx_hal_rtc.o
                0x00000000080048a0                HAL_RTC_GetTime
 .text.HAL_RTC_GetDate
                0x00000000080048f4       0x44 Drivers/STM32L0xx_HAL_Driver/stm32l0xx_hal_rtc.o
                0x00000000080048f4                HAL_RTC_GetDate
 .text.HAL_RTCEx_BKUPWrite
                0x0000000008004938        0xc Drivers/STM32L0xx_HAL_Driver/stm32l0xx_hal_rtc_ex.o
                0x0000000008004938                HAL_RTCEx_BKUPWrite
 .text.HAL_RTCEx_BKUPRead
                0x0000000008004944        0xc Drivers/STM32L0xx_HAL_Driver/stm32l0xx_hal_rtc_ex.o
                0x0000000008004944                HAL_RTCEx_BKUPRead
 .text.HAL_RTCEx_EnableBypassShadow
                0x0000000008004950       0x34 Drivers/STM32L0xx_HAL_Driver/stm32l0xx_hal_rtc_ex.o
                0x0000000008004950                HAL_RTCEx_EnableBypassShadow
 .text.HAL_RTCEx_AlarmBEventCallback
                0x0000000008004984        0x2 Drivers/STM32L0xx_HAL_Driver/stm32l0xx_hal_rtc_ex.o
                0x0000000008004984                HAL_RTCEx_AlarmBEventCallback
 *fill*         0x0000000008004986        0x2 
 .text.SPI_WaitFlagStateUntilTimeout.constprop.7
                0x0000000008004988       0xb8 Drivers/STM32L0xx_HAL_Driver/stm32l0xx_hal_spi.o
 .text.SPI_EndRxTxTransaction
                0x0000000008004a40       0x64 Drivers/STM32L0xx_HAL_Driver/stm32l0xx_hal_spi.o
 .text.HAL_SPI_MspInit
                0x0000000008004aa4        0x2 Drivers/STM32L0xx_HAL_Driver/stm32l0xx_hal_spi.o
                0x0000000008004aa4                HAL_SPI_MspInit
 *fill*         0x0000000008004aa6        0x2 
 .text.HAL_SPI_Init
                0x0000000008004aa8       0xc4 Drivers/STM32L0xx_HAL_Driver/stm32l0xx_hal_spi.o
                0x0000000008004aa8                HAL_SPI_Init
 .text.HAL_SPI_TransmitReceive
                0x0000000008004b6c      0x1e6 Drivers/STM32L0xx_HAL_Driver/stm32l0xx_hal_spi.o
                0x0000000008004b6c                HAL_SPI_TransmitReceive
 .text.HAL_SPI_GetState
                0x0000000008004d52        0x8 Drivers/STM32L0xx_HAL_Driver/stm32l0xx_hal_spi.o
                0x0000000008004d52                HAL_SPI_GetState
 *fill*         0x0000000008004d5a        0x2 
 .text.UART_EndRxTransfer
                0x0000000008004d5c       0x34 Drivers/STM32L0xx_HAL_Driver/stm32l0xx_hal_uart.o
 .text.HAL_UART_Transmit_DMA
                0x0000000008004d90       0xa4 Drivers/STM32L0xx_HAL_Driver/stm32l0xx_hal_uart.o
                0x0000000008004d90                HAL_UART_Transmit_DMA
 .text.UART_DMATransmitCplt
                0x0000000008004e34       0x30 Drivers/STM32L0xx_HAL_Driver/stm32l0xx_hal_uart.o
 .text.HAL_UART_TxHalfCpltCallback
                0x0000000008004e64        0x2 Drivers/STM32L0xx_HAL_Driver/stm32l0xx_hal_uart.o
                0x0000000008004e64                HAL_UART_TxHalfCpltCallback
 .text.UART_DMATxHalfCplt
                0x0000000008004e66        0xa Drivers/STM32L0xx_HAL_Driver/stm32l0xx_hal_uart.o
 .text.HAL_UART_ErrorCallback
                0x0000000008004e70        0x2 Drivers/STM32L0xx_HAL_Driver/stm32l0xx_hal_uart.o
                0x0000000008004e70                HAL_UART_ErrorCallback
 .text.UART_DMAError
                0x0000000008004e72       0x52 Drivers/STM32L0xx_HAL_Driver/stm32l0xx_hal_uart.o
 .text.UART_DMAAbortOnError
                0x0000000008004ec4       0x16 Drivers/STM32L0xx_HAL_Driver/stm32l0xx_hal_uart.o
 .text.HAL_UARTEx_RxEventCallback
                0x0000000008004eda        0x2 Drivers/STM32L0xx_HAL_Driver/stm32l0xx_hal_uart.o
                0x0000000008004eda                HAL_UARTEx_RxEventCallback
 .text.HAL_UART_IRQHandler
                0x0000000008004edc      0x224 Drivers/STM32L0xx_HAL_Driver/stm32l0xx_hal_uart.o
                0x0000000008004edc                HAL_UART_IRQHandler
 .text.UART_RxISR_8BIT
                0x0000000008005100       0x84 Drivers/STM32L0xx_HAL_Driver/stm32l0xx_hal_uart.o
 .text.UART_RxISR_16BIT
                0x0000000008005184       0x80 Drivers/STM32L0xx_HAL_Driver/stm32l0xx_hal_uart.o
 .text.UART_SetConfig
                0x0000000008005204      0x214 Drivers/STM32L0xx_HAL_Driver/stm32l0xx_hal_uart.o
                0x0000000008005204                UART_SetConfig
 .text.UART_AdvFeatureConfig
                0x0000000008005418       0xd0 Drivers/STM32L0xx_HAL_Driver/stm32l0xx_hal_uart.o
                0x0000000008005418                UART_AdvFeatureConfig
 .text.UART_WaitOnFlagUntilTimeout
                0x00000000080054e8       0x90 Drivers/STM32L0xx_HAL_Driver/stm32l0xx_hal_uart.o
                0x00000000080054e8                UART_WaitOnFlagUntilTimeout
 .text.UART_CheckIdleState
                0x0000000008005578       0x64 Drivers/STM32L0xx_HAL_Driver/stm32l0xx_hal_uart.o
                0x0000000008005578                UART_CheckIdleState
 .text.HAL_UART_Init
                0x00000000080055dc       0x64 Drivers/STM32L0xx_HAL_Driver/stm32l0xx_hal_uart.o
                0x00000000080055dc                HAL_UART_Init
 .text.UART_Start_Receive_IT
                0x0000000008005640       0x94 Drivers/STM32L0xx_HAL_Driver/stm32l0xx_hal_uart.o
                0x0000000008005640                UART_Start_Receive_IT
 .text.HAL_UART_Receive_IT
                0x00000000080056d4       0x64 Drivers/STM32L0xx_HAL_Driver/stm32l0xx_hal_uart.o
                0x00000000080056d4                HAL_UART_Receive_IT
 .text.HAL_UARTEx_WakeupCallback
                0x0000000008005738        0x2 Drivers/STM32L0xx_HAL_Driver/stm32l0xx_hal_uart_ex.o
                0x0000000008005738                HAL_UARTEx_WakeupCallback
 *fill*         0x000000000800573a        0x2 
 .text.HAL_UARTEx_StopModeWakeUpSourceConfig
                0x000000000800573c       0x88 Drivers/STM32L0xx_HAL_Driver/stm32l0xx_hal_uart_ex.o
                0x000000000800573c                HAL_UARTEx_StopModeWakeUpSourceConfig
 .text.HAL_UARTEx_EnableStopMode
                0x00000000080057c4       0x20 Drivers/STM32L0xx_HAL_Driver/stm32l0xx_hal_uart_ex.o
                0x00000000080057c4                HAL_UARTEx_EnableStopMode
 .text.SX1276GetStatus
                0x00000000080057e4        0xc Middlewares/SubGHz_Phy/sx1276.o
                0x00000000080057e4                SX1276GetStatus
 .text.GetFskBandwidthRegValue
                0x00000000080057f0       0x28 Middlewares/SubGHz_Phy/sx1276.o
 .text.SX1276GetTimeOnAir
                0x0000000008005818       0xec Middlewares/SubGHz_Phy/sx1276.o
                0x0000000008005818                SX1276GetTimeOnAir
 .text.SX1276GetWakeupTime
                0x0000000008005904        0xa Middlewares/SubGHz_Phy/sx1276.o
                0x0000000008005904                SX1276GetWakeupTime
 .text.SX1276WriteBuffer
                0x000000000800590e       0x30 Middlewares/SubGHz_Phy/sx1276.o
                0x000000000800590e                SX1276WriteBuffer
 .text.SX1276Write
                0x000000000800593e       0x12 Middlewares/SubGHz_Phy/sx1276.o
                0x000000000800593e                SX1276Write
 .text.SX1276SetChannel
                0x0000000008005950       0x54 Middlewares/SubGHz_Phy/sx1276.o
                0x0000000008005950                SX1276SetChannel
 .text.SX1276ReadBuffer
                0x00000000080059a4       0x30 Middlewares/SubGHz_Phy/sx1276.o
                0x00000000080059a4                SX1276ReadBuffer
 .text.SX1276Read
                0x00000000080059d4       0x12 Middlewares/SubGHz_Phy/sx1276.o
                0x00000000080059d4                SX1276Read
 *fill*         0x00000000080059e6        0x2 
 .text.RxChainCalibration
                0x00000000080059e8       0x98 Middlewares/SubGHz_Phy/sx1276.o
 .text.SX1276OnDio4Irq
                0x0000000008005a80       0x1c Middlewares/SubGHz_Phy/sx1276.o
 .text.SX1276OnDio3Irq
                0x0000000008005a9c       0x54 Middlewares/SubGHz_Phy/sx1276.o
 .text.SX1276OnDio2Irq
                0x0000000008005af0       0xc4 Middlewares/SubGHz_Phy/sx1276.o
 .text.SX1276SetOpMode.part.3
                0x0000000008005bb4       0x26 Middlewares/SubGHz_Phy/sx1276.o
 .text.SX1276SetOpMode
                0x0000000008005bda       0x60 Middlewares/SubGHz_Phy/sx1276.o
 *fill*         0x0000000008005c3a        0x2 
 .text.SX1276SetSleep
                0x0000000008005c3c       0x38 Middlewares/SubGHz_Phy/sx1276.o
                0x0000000008005c3c                SX1276SetSleep
 .text.SX1276SetStby
                0x0000000008005c74       0x34 Middlewares/SubGHz_Phy/sx1276.o
                0x0000000008005c74                SX1276SetStby
 .text.SX1276SetRx
                0x0000000008005ca8      0x214 Middlewares/SubGHz_Phy/sx1276.o
                0x0000000008005ca8                SX1276SetRx
 .text.SX1276StartCad
                0x0000000008005ebc       0x34 Middlewares/SubGHz_Phy/sx1276.o
                0x0000000008005ebc                SX1276StartCad
 .text.SX1276ReadRssi
                0x0000000008005ef0       0x44 Middlewares/SubGHz_Phy/sx1276.o
                0x0000000008005ef0                SX1276ReadRssi
 .text.SX1276SetModem
                0x0000000008005f34       0x74 Middlewares/SubGHz_Phy/sx1276.o
                0x0000000008005f34                SX1276SetModem
 .text.SX1276Init
                0x0000000008005fa8       0xa4 Middlewares/SubGHz_Phy/sx1276.o
                0x0000000008005fa8                SX1276Init
 .text.SX1276IsChannelFree
                0x000000000800604c       0x64 Middlewares/SubGHz_Phy/sx1276.o
                0x000000000800604c                SX1276IsChannelFree
 .text.SX1276Random
                0x00000000080060b0       0x3a Middlewares/SubGHz_Phy/sx1276.o
                0x00000000080060b0                SX1276Random
 *fill*         0x00000000080060ea        0x2 
 .text.SX1276SetRxConfig
                0x00000000080060ec      0x318 Middlewares/SubGHz_Phy/sx1276.o
                0x00000000080060ec                SX1276SetRxConfig
 .text.SX1276SetTxConfig
                0x0000000008006404      0x338 Middlewares/SubGHz_Phy/sx1276.o
                0x0000000008006404                SX1276SetTxConfig
 .text.SX1276SetTxContinuousWave
                0x000000000800673c       0x80 Middlewares/SubGHz_Phy/sx1276.o
                0x000000000800673c                SX1276SetTxContinuousWave
 .text.SX1276SetMaxPayloadLength
                0x00000000080067bc       0x34 Middlewares/SubGHz_Phy/sx1276.o
                0x00000000080067bc                SX1276SetMaxPayloadLength
 .text.SX1276SetPublicNetwork
                0x00000000080067f0       0x24 Middlewares/SubGHz_Phy/sx1276.o
                0x00000000080067f0                SX1276SetPublicNetwork
 .text.SX1276OnTimeoutIrq
                0x0000000008006814       0xbc Middlewares/SubGHz_Phy/sx1276.o
 .text.SX1276Send
                0x00000000080068d0      0x198 Middlewares/SubGHz_Phy/sx1276.o
                0x00000000080068d0                SX1276Send
 .text.SX1276OnDio1Irq
                0x0000000008006a68      0x100 Middlewares/SubGHz_Phy/sx1276.o
 .text.SX1276OnDio0Irq
                0x0000000008006b68      0x254 Middlewares/SubGHz_Phy/sx1276.o
 .text.TRACE_AllocateBufer
                0x0000000008006dbc       0x6c Utilities/stm32_adv_trace.o
 .text.TRACE_Lock
                0x0000000008006e28       0x18 Utilities/stm32_adv_trace.o
 .text.TRACE_UnLock
                0x0000000008006e40       0x18 Utilities/stm32_adv_trace.o
 .text.UTIL_ADV_TRACE_Init
                0x0000000008006e58       0x34 Utilities/stm32_adv_trace.o
                0x0000000008006e58                UTIL_ADV_TRACE_Init
 .text.UTIL_ADV_TRACE_RegisterTimeStampFunction
                0x0000000008006e8c        0xc Utilities/stm32_adv_trace.o
                0x0000000008006e8c                UTIL_ADV_TRACE_RegisterTimeStampFunction
 .text.UTIL_ADV_TRACE_SetVerboseLevel
                0x0000000008006e98        0xc Utilities/stm32_adv_trace.o
                0x0000000008006e98                UTIL_ADV_TRACE_SetVerboseLevel
 .text.TRACE_Send
                0x0000000008006ea4       0x84 Utilities/stm32_adv_trace.o
 .text.UTIL_ADV_TRACE_COND_FSend
                0x0000000008006f28       0xcc Utilities/stm32_adv_trace.o
                0x0000000008006f28                UTIL_ADV_TRACE_COND_FSend
 .text.TRACE_TxCpltCallback
                0x0000000008006ff4       0x94 Utilities/stm32_adv_trace.o
 .text.UTIL_LPM_Init
                0x0000000008007088       0x10 Utilities/stm32_lpm.o
                0x0000000008007088                UTIL_LPM_Init
 .text.UTIL_LPM_SetStopMode
                0x0000000008007098       0x2c Utilities/stm32_lpm.o
                0x0000000008007098                UTIL_LPM_SetStopMode
 .text.UTIL_LPM_SetOffMode
                0x00000000080070c4       0x2c Utilities/stm32_lpm.o
                0x00000000080070c4                UTIL_LPM_SetOffMode
 .text.UTIL_LPM_GetMode
                0x00000000080070f0       0x24 Utilities/stm32_lpm.o
                0x00000000080070f0                UTIL_LPM_GetMode
 .text.UTIL_LPM_EnterLowPower
                0x0000000008007114       0x48 Utilities/stm32_lpm.o
                0x0000000008007114                UTIL_LPM_EnterLowPower
 .text.UTIL_MEM_cpy_8
                0x000000000800715c       0x12 Utilities/stm32_mem.o
                0x000000000800715c                UTIL_MEM_cpy_8
 *fill*         0x000000000800716e        0x2 
 .text.UTIL_MEM_set_8
                0x0000000008007170       0x18 Utilities/stm32_mem.o
                0x0000000008007170                UTIL_MEM_set_8
 .text.UTIL_SEQ_SetTask
                0x0000000008007188       0x24 Utilities/stm32_seq.o
                0x0000000008007188                UTIL_SEQ_SetTask
 .text.UTIL_SEQ_PreIdle
                0x00000000080071ac        0x2 Utilities/stm32_seq.o
                0x00000000080071ac                UTIL_SEQ_PreIdle
 .text.UTIL_SEQ_PostIdle
                0x00000000080071ae        0x2 Utilities/stm32_seq.o
                0x00000000080071ae                UTIL_SEQ_PostIdle
 .text.SEQ_BitPosition
                0x00000000080071b0       0x34 Utilities/stm32_seq.o
                0x00000000080071b0                SEQ_BitPosition
 .text.UTIL_SEQ_Run
                0x00000000080071e4       0xcc Utilities/stm32_seq.o
                0x00000000080071e4                UTIL_SEQ_Run
 .text.UTIL_SEQ_RegTask
                0x00000000080072b0       0x20 Utilities/stm32_seq.o
                0x00000000080072b0                UTIL_SEQ_RegTask
 .text.SysTimeGet
                0x00000000080072d0       0x58 Utilities/stm32_systime.o
                0x00000000080072d0                SysTimeGet
 .text.UTIL_TIMER_Init
                0x0000000008007328       0x18 Utilities/stm32_timer.o
                0x0000000008007328                UTIL_TIMER_Init
 .text.UTIL_TIMER_Create
                0x0000000008007340       0x38 Utilities/stm32_timer.o
                0x0000000008007340                UTIL_TIMER_Create
 .text.UTIL_TIMER_GetCurrentTime
                0x0000000008007378       0x14 Utilities/stm32_timer.o
                0x0000000008007378                UTIL_TIMER_GetCurrentTime
 .text.UTIL_TIMER_GetElapsedTime
                0x000000000800738c       0x20 Utilities/stm32_timer.o
                0x000000000800738c                UTIL_TIMER_GetElapsedTime
 .text.TimerExists
                0x00000000080073ac       0x1c Utilities/stm32_timer.o
                0x00000000080073ac                TimerExists
 .text.TimerSetTimeout
                0x00000000080073c8       0x38 Utilities/stm32_timer.o
                0x00000000080073c8                TimerSetTimeout
 .text.UTIL_TIMER_Stop
                0x0000000008007400       0x60 Utilities/stm32_timer.o
                0x0000000008007400                UTIL_TIMER_Stop
 .text.TimerInsertTimer
                0x0000000008007460       0x2c Utilities/stm32_timer.o
                0x0000000008007460                TimerInsertTimer
 .text.TimerInsertNewHeadTimer
                0x000000000800748c       0x1c Utilities/stm32_timer.o
                0x000000000800748c                TimerInsertNewHeadTimer
 .text.UTIL_TIMER_Start
                0x00000000080074a8       0x7c Utilities/stm32_timer.o
                0x00000000080074a8                UTIL_TIMER_Start
 .text.UTIL_TIMER_SetPeriod
                0x0000000008007524       0x38 Utilities/stm32_timer.o
                0x0000000008007524                UTIL_TIMER_SetPeriod
 .text.UTIL_TIMER_IRQ_Handler
                0x000000000800755c       0x90 Utilities/stm32_timer.o
                0x000000000800755c                UTIL_TIMER_IRQ_Handler
 .text.tiny_vsnprintf_like
                0x00000000080075ec      0x230 Utilities/stm32_tiny_vsnprintf.o
                0x00000000080075ec                tiny_vsnprintf_like
 .text.__libc_init_array
                0x000000000800781c       0x48 c:/st/stm32cubeide_1.5.1/stm32cubeide/plugins/com.st.stm32cube.ide.mcu.externaltools.gnu-tools-for-stm32.7-2018-q2-update.win32_1.5.0.202011040924/tools/bin/../lib/gcc/arm-none-eabi/7.3.1/../../../../arm-none-eabi/lib/thumb/v6-m\libc_nano.a(lib_a-init.o)
                0x000000000800781c                __libc_init_array
 .text.memcpy   0x0000000008007864       0x12 c:/st/stm32cubeide_1.5.1/stm32cubeide/plugins/com.st.stm32cube.ide.mcu.externaltools.gnu-tools-for-stm32.7-2018-q2-update.win32_1.5.0.202011040924/tools/bin/../lib/gcc/arm-none-eabi/7.3.1/../../../../arm-none-eabi/lib/thumb/v6-m\libc_nano.a(lib_a-memcpy-stub.o)
                0x0000000008007864                memcpy
 .text.memset   0x0000000008007876       0x10 c:/st/stm32cubeide_1.5.1/stm32cubeide/plugins/com.st.stm32cube.ide.mcu.externaltools.gnu-tools-for-stm32.7-2018-q2-update.win32_1.5.0.202011040924/tools/bin/../lib/gcc/arm-none-eabi/7.3.1/../../../../arm-none-eabi/lib/thumb/v6-m\libc_nano.a(lib_a-memset.o)
                0x0000000008007876                memset
 .text.strncmp  0x0000000008007886       0x22 c:/st/stm32cubeide_1.5.1/stm32cubeide/plugins/com.st.stm32cube.ide.mcu.externaltools.gnu-tools-for-stm32.7-2018-q2-update.win32_1.5.0.202011040924/tools/bin/../lib/gcc/arm-none-eabi/7.3.1/../../../../arm-none-eabi/lib/thumb/v6-m\libc_nano.a(lib_a-strncmp.o)
                0x0000000008007886                strncmp
 *(.glue_7)
 .glue_7        0x00000000080078a8        0x0 linker stubs
 *(.glue_7t)
 .glue_7t       0x00000000080078a8        0x0 linker stubs
 *(.eh_frame)
 .eh_frame      0x00000000080078a8        0x0 c:/st/stm32cubeide_1.5.1/stm32cubeide/plugins/com.st.stm32cube.ide.mcu.externaltools.gnu-tools-for-stm32.7-2018-q2-update.win32_1.5.0.202011040924/tools/bin/../lib/gcc/arm-none-eabi/7.3.1/thumb/v6-m/crtbegin.o
 *(.init)
 .init          0x00000000080078a8        0x4 c:/st/stm32cubeide_1.5.1/stm32cubeide/plugins/com.st.stm32cube.ide.mcu.externaltools.gnu-tools-for-stm32.7-2018-q2-update.win32_1.5.0.202011040924/tools/bin/../lib/gcc/arm-none-eabi/7.3.1/thumb/v6-m/crti.o
                0x00000000080078a8                _init
 .init          0x00000000080078ac        0x8 c:/st/stm32cubeide_1.5.1/stm32cubeide/plugins/com.st.stm32cube.ide.mcu.externaltools.gnu-tools-for-stm32.7-2018-q2-update.win32_1.5.0.202011040924/tools/bin/../lib/gcc/arm-none-eabi/7.3.1/thumb/v6-m/crtn.o
 *(.fini)
 .fini          0x00000000080078b4        0x4 c:/st/stm32cubeide_1.5.1/stm32cubeide/plugins/com.st.stm32cube.ide.mcu.externaltools.gnu-tools-for-stm32.7-2018-q2-update.win32_1.5.0.202011040924/tools/bin/../lib/gcc/arm-none-eabi/7.3.1/thumb/v6-m/crti.o
                0x00000000080078b4                _fini
 .fini          0x00000000080078b8        0x8 c:/st/stm32cubeide_1.5.1/stm32cubeide/plugins/com.st.stm32cube.ide.mcu.externaltools.gnu-tools-for-stm32.7-2018-q2-update.win32_1.5.0.202011040924/tools/bin/../lib/gcc/arm-none-eabi/7.3.1/thumb/v6-m/crtn.o
                0x00000000080078c0                . = ALIGN (0x4)
                0x00000000080078c0                _etext = .

.vfp11_veneer   0x00000000080078c0        0x0
 .vfp11_veneer  0x00000000080078c0        0x0 linker stubs

.v4_bx          0x00000000080078c0        0x0
 .v4_bx         0x00000000080078c0        0x0 linker stubs

.iplt           0x00000000080078c0        0x0
 .iplt          0x00000000080078c0        0x0 c:/st/stm32cubeide_1.5.1/stm32cubeide/plugins/com.st.stm32cube.ide.mcu.externaltools.gnu-tools-for-stm32.7-2018-q2-update.win32_1.5.0.202011040924/tools/bin/../lib/gcc/arm-none-eabi/7.3.1/thumb/v6-m/crtbegin.o

.rodata         0x00000000080078c0      0x428
                0x00000000080078c0                . = ALIGN (0x4)
 *(.rodata)
 .rodata        0x00000000080078c0        0xa Application/App/subghz_phy_app.o
                0x00000000080078c0                PongMsg
                0x00000000080078c5                PingMsg
 *fill*         0x00000000080078ca        0x2 
 .rodata        0x00000000080078cc       0x58 Application/Core/rtc_if.o
                0x00000000080078e4                UTIL_SYSTIMDriver
                0x00000000080078f8                UTIL_TimerDriver
 .rodata        0x0000000008007924       0x18 Application/Core/stm32_lpm_if.o
                0x0000000008007924                UTIL_PowerDriver
 .rodata        0x000000000800793c       0x10 Application/Core/usart_if.o
                0x000000000800793c                UTIL_TraceDriver
 .rodata        0x000000000800794c       0x20 Application/Target/b_l072z_lrwan1_bus.o
 .rodata        0x000000000800796c        0xc Drivers/BSP/B-L072Z-LRWAN1/b-l072z-lrwan1.o
                0x000000000800796c                LED_PIN
                0x0000000008007974                BUTTON_IRQn
                0x0000000008007976                BUTTON_PIN
 .rodata        0x0000000008007978       0x24 Drivers/BSP/CMWX1ZZABZ_0xx/cmwx1zzabz_0xx.o
 .rodata        0x000000000800799c       0x21 Drivers/CMSIS/system_stm32l0xx.o
                0x000000000800799c                PLLMulTable
                0x00000000080079a5                AHBPrescTable
                0x00000000080079b5                APBPrescTable
 .rodata        0x00000000080079bd       0x11 Drivers/STM32L0xx_HAL_Driver/stm32l0xx_hal_uart.o
 *fill*         0x00000000080079ce        0x2 
 .rodata        0x00000000080079d0      0x158 Middlewares/SubGHz_Phy/sx1276.o
                0x00000000080079dc                RadioRegsInit
                0x0000000008007a0c                FskBandwidths
                0x0000000008007abc                Radio
 .rodata        0x0000000008007b28       0x10 Utilities/stm32_seq.o
 .rodata        0x0000000008007b38       0x40 c:/st/stm32cubeide_1.5.1/stm32cubeide/plugins/com.st.stm32cube.ide.mcu.externaltools.gnu-tools-for-stm32.7-2018-q2-update.win32_1.5.0.202011040924/tools/bin/../lib/gcc/arm-none-eabi/7.3.1/thumb/v6-m\libgcc.a(divdf3.o)
 .rodata        0x0000000008007b78       0x40 c:/st/stm32cubeide_1.5.1/stm32cubeide/plugins/com.st.stm32cube.ide.mcu.externaltools.gnu-tools-for-stm32.7-2018-q2-update.win32_1.5.0.202011040924/tools/bin/../lib/gcc/arm-none-eabi/7.3.1/thumb/v6-m\libgcc.a(muldf3.o)
 *(.rodata*)
 .rodata.str1.1
                0x0000000008007bb8       0xd2 Application/App/subghz_phy_app.o
                                         0xdd (size before relaxing)
 .rodata.str1.1
                0x0000000008007c8a        0x9 Application/Core/sys_app.o
 .rodata.cst1   0x0000000008007c93        0x1 Middlewares/SubGHz_Phy/sx1276.o
 .rodata.str1.1
                0x0000000008007c94       0x51 Utilities/stm32_tiny_vsnprintf.o
                0x0000000008007ce8                . = ALIGN (0x4)
 *fill*         0x0000000008007ce5        0x3 

.ARM.extab
 *(.ARM.extab* .gnu.linkonce.armextab.*)

.ARM            0x0000000008007ce8        0x8
                0x0000000008007ce8                __exidx_start = .
 *(.ARM.exidx*)
 .ARM.exidx     0x0000000008007ce8        0x8 c:/st/stm32cubeide_1.5.1/stm32cubeide/plugins/com.st.stm32cube.ide.mcu.externaltools.gnu-tools-for-stm32.7-2018-q2-update.win32_1.5.0.202011040924/tools/bin/../lib/gcc/arm-none-eabi/7.3.1/thumb/v6-m\libgcc.a(_udivmoddi4.o)
                0x0000000008007cf0                __exidx_end = .

.rel.dyn        0x0000000008007cf0        0x0
 .rel.iplt      0x0000000008007cf0        0x0 c:/st/stm32cubeide_1.5.1/stm32cubeide/plugins/com.st.stm32cube.ide.mcu.externaltools.gnu-tools-for-stm32.7-2018-q2-update.win32_1.5.0.202011040924/tools/bin/../lib/gcc/arm-none-eabi/7.3.1/thumb/v6-m/crtbegin.o

.preinit_array  0x0000000008007cf0        0x0
                0x0000000008007cf0                PROVIDE (__preinit_array_start = .)
 *(.preinit_array*)
                0x0000000008007cf0                PROVIDE (__preinit_array_end = .)

.init_array     0x0000000008007cf0        0x4
                0x0000000008007cf0                PROVIDE (__init_array_start = .)
 *(SORT_BY_NAME(.init_array.*))
 *(.init_array*)
 .init_array    0x0000000008007cf0        0x4 c:/st/stm32cubeide_1.5.1/stm32cubeide/plugins/com.st.stm32cube.ide.mcu.externaltools.gnu-tools-for-stm32.7-2018-q2-update.win32_1.5.0.202011040924/tools/bin/../lib/gcc/arm-none-eabi/7.3.1/thumb/v6-m/crtbegin.o
                0x0000000008007cf4                PROVIDE (__init_array_end = .)

.fini_array     0x0000000008007cf4        0x4
                [!provide]                        PROVIDE (__fini_array_start = .)
 *(SORT_BY_NAME(.fini_array.*))
 *(.fini_array*)
 .fini_array    0x0000000008007cf4        0x4 c:/st/stm32cubeide_1.5.1/stm32cubeide/plugins/com.st.stm32cube.ide.mcu.externaltools.gnu-tools-for-stm32.7-2018-q2-update.win32_1.5.0.202011040924/tools/bin/../lib/gcc/arm-none-eabi/7.3.1/thumb/v6-m/crtbegin.o
                [!provide]                        PROVIDE (__fini_array_end = .)
                0x0000000008007cf8                _sidata = LOADADDR (.data)

.data           0x0000000020000000       0x44 load address 0x0000000008007cf8
                0x0000000020000000                . = ALIGN (0x4)
                0x0000000020000000                _sdata = .
 *(.data)
 .data          0x0000000020000000        0x3 Application/App/subghz_phy_app.o
                0x0000000020000000                BufferSize
                0x0000000020000002                isMaster
 *fill*         0x0000000020000003        0x1 
 .data          0x0000000020000004       0x14 Drivers/BSP/B-L072Z-LRWAN1/b-l072z-lrwan1.o
                0x0000000020000004                LED_PORT
                0x0000000020000014                BUTTON_PORT
 .data          0x0000000020000018        0x4 Drivers/CMSIS/system_stm32l0xx.o
                0x0000000020000018                SystemCoreClock
 .data          0x000000002000001c        0x8 Drivers/STM32L0xx_HAL_Driver/stm32l0xx_hal.o
                0x000000002000001c                uwTickFreq
                0x0000000020000020                uwTickPrio
 .data          0x0000000020000024       0x18 Middlewares/SubGHz_Phy/sx1276.o
                0x0000000020000024                DioIrq
 .data          0x000000002000003c        0x8 Utilities/stm32_seq.o
 *(.data*)
                0x0000000020000044                . = ALIGN (0x4)
                0x0000000020000044                _edata = .

.igot.plt       0x0000000020000044        0x0 load address 0x0000000008007d3c
 .igot.plt      0x0000000020000044        0x0 c:/st/stm32cubeide_1.5.1/stm32cubeide/plugins/com.st.stm32cube.ide.mcu.externaltools.gnu-tools-for-stm32.7-2018-q2-update.win32_1.5.0.202011040924/tools/bin/../lib/gcc/arm-none-eabi/7.3.1/thumb/v6-m/crtbegin.o
                0x0000000020000044                . = ALIGN (0x4)

.bss            0x0000000020000044      0x7cc load address 0x0000000008007d3c
                0x0000000020000044                _sbss = .
                0x0000000020000044                __bss_start__ = _sbss
 *(.bss)
 .bss           0x0000000020000044       0x1c c:/st/stm32cubeide_1.5.1/stm32cubeide/plugins/com.st.stm32cube.ide.mcu.externaltools.gnu-tools-for-stm32.7-2018-q2-update.win32_1.5.0.202011040924/tools/bin/../lib/gcc/arm-none-eabi/7.3.1/thumb/v6-m/crtbegin.o
 .bss           0x0000000020000060       0x38 Application/App/subghz_phy_app.o
                0x0000000020000078                State
                0x0000000020000079                RssiValue
                0x000000002000007a                SnrValue
 .bss           0x0000000020000098       0x45 Application/Core/rtc_if.o
 *fill*         0x00000000200000dd        0x3 
 .bss           0x00000000200000e0        0x8 Application/Core/usart_if.o
 .bss           0x00000000200000e8      0x104 Middlewares/SubGHz_Phy/sx1276.o
 .bss           0x00000000200001ec      0x318 Utilities/stm32_adv_trace.o
 .bss           0x0000000020000504        0x8 Utilities/stm32_lpm.o
 .bss           0x000000002000050c       0xa0 Utilities/stm32_seq.o
 .bss           0x00000000200005ac        0x4 Utilities/stm32_timer.o
 *(.bss*)
 *(COMMON)
 COMMON         0x00000000200005b0       0x40 Application/App/subghz_phy_app.o
                0x00000000200005b0                Buffer
 COMMON         0x00000000200005f0       0x24 Application/Core/rtc.o
                0x00000000200005f0                hrtc
 COMMON         0x0000000020000614       0xcc Application/Core/usart.o
                0x0000000020000614                hdma_tx
                0x000000002000065c                husart2
 COMMON         0x00000000200006e0        0x1 Application/Core/usart_if.o
                0x00000000200006e0                charRx
 *fill*         0x00000000200006e1        0x3 
 COMMON         0x00000000200006e4       0x58 Application/Target/b_l072z_lrwan1_bus.o
                0x00000000200006e4                hspi1
 COMMON         0x000000002000073c       0x20 Drivers/BSP/CMWX1ZZABZ_0xx/cmwx1zzabz_0xx.o
                0x000000002000073c                hRADIO_DIO_exti
 COMMON         0x000000002000075c        0x4 Drivers/STM32L0xx_HAL_Driver/stm32l0xx_hal.o
                0x000000002000075c                uwTick
 COMMON         0x0000000020000760       0xb0 Middlewares/SubGHz_Phy/sx1276.o
                0x0000000020000760                TxTimeoutTimer
                0x0000000020000778                RxTimeoutSyncWord
                0x0000000020000790                SX1276
                0x00000000200007f8                RxTimeoutTimer
                0x0000000020000810                . = ALIGN (0x4)
                0x0000000020000810                _ebss = .
                0x0000000020000810                __bss_end__ = _ebss

._user_heap_stack
                0x0000000020000810      0x600 load address 0x0000000008007d3c
                0x0000000020000810                . = ALIGN (0x8)
                0x0000000020000810                PROVIDE (end = .)
                [!provide]                        PROVIDE (_end = .)
                0x0000000020000a10                . = (. + _Min_Heap_Size)
 *fill*         0x0000000020000810      0x200 
                0x0000000020000e10                . = (. + _Min_Stack_Size)
 *fill*         0x0000000020000a10      0x400 
                0x0000000020000e10                . = ALIGN (0x8)

/DISCARD/
 libc.a(*)
 libm.a(*)
 libgcc.a(*)

.ARM.attributes
                0x0000000000000000       0x28
 *(.ARM.attributes)
 .ARM.attributes
                0x0000000000000000       0x1e c:/st/stm32cubeide_1.5.1/stm32cubeide/plugins/com.st.stm32cube.ide.mcu.externaltools.gnu-tools-for-stm32.7-2018-q2-update.win32_1.5.0.202011040924/tools/bin/../lib/gcc/arm-none-eabi/7.3.1/thumb/v6-m/crti.o
 .ARM.attributes
                0x000000000000001e       0x2c c:/st/stm32cubeide_1.5.1/stm32cubeide/plugins/com.st.stm32cube.ide.mcu.externaltools.gnu-tools-for-stm32.7-2018-q2-update.win32_1.5.0.202011040924/tools/bin/../lib/gcc/arm-none-eabi/7.3.1/thumb/v6-m/crtbegin.o
 .ARM.attributes
                0x000000000000004a       0x32 Application/App/app_subghz_phy.o
 .ARM.attributes
                0x000000000000007c       0x32 Application/App/subghz_phy_app.o
 .ARM.attributes
                0x00000000000000ae       0x32 Application/Core/dma.o
 .ARM.attributes
                0x00000000000000e0       0x32 Application/Core/main.o
 .ARM.attributes
                0x0000000000000112       0x32 Application/Core/rtc.o
 .ARM.attributes
                0x0000000000000144       0x32 Application/Core/rtc_if.o
 .ARM.attributes
                0x0000000000000176       0x32 Application/Core/stm32_lpm_if.o
 .ARM.attributes
                0x00000000000001a8       0x32 Application/Core/stm32l0xx_hal_msp.o
 .ARM.attributes
                0x00000000000001da       0x32 Application/Core/stm32l0xx_it.o
 .ARM.attributes
                0x000000000000020c       0x32 Application/Core/sys_app.o
 .ARM.attributes
                0x000000000000023e       0x32 Application/Core/sys_debug.o
 .ARM.attributes
                0x0000000000000270       0x32 Application/Core/usart.o
 .ARM.attributes
                0x00000000000002a2       0x32 Application/Core/usart_if.o
 .ARM.attributes
                0x00000000000002d4       0x22 Application/SW4STM32/startup_stm32l072xx.o
 .ARM.attributes
                0x00000000000002f6       0x32 Application/Target/b_l072z_lrwan1_bus.o
 .ARM.attributes
                0x0000000000000328       0x32 Drivers/BSP/B-L072Z-LRWAN1/b-l072z-lrwan1.o
 .ARM.attributes
                0x000000000000035a       0x32 Drivers/BSP/CMWX1ZZABZ_0xx/cmwx1zzabz_0xx.o
 .ARM.attributes
                0x000000000000038c       0x32 Drivers/CMSIS/system_stm32l0xx.o
 .ARM.attributes
                0x00000000000003be       0x32 Drivers/STM32L0xx_HAL_Driver/stm32l0xx_hal.o
 .ARM.attributes
                0x00000000000003f0       0x32 Drivers/STM32L0xx_HAL_Driver/stm32l0xx_hal_cortex.o
 .ARM.attributes
                0x0000000000000422       0x32 Drivers/STM32L0xx_HAL_Driver/stm32l0xx_hal_dma.o
 .ARM.attributes
                0x0000000000000454       0x32 Drivers/STM32L0xx_HAL_Driver/stm32l0xx_hal_exti.o
 .ARM.attributes
                0x0000000000000486       0x32 Drivers/STM32L0xx_HAL_Driver/stm32l0xx_hal_gpio.o
 .ARM.attributes
                0x00000000000004b8       0x32 Drivers/STM32L0xx_HAL_Driver/stm32l0xx_hal_pwr.o
 .ARM.attributes
                0x00000000000004ea       0x32 Drivers/STM32L0xx_HAL_Driver/stm32l0xx_hal_pwr_ex.o
 .ARM.attributes
                0x000000000000051c       0x32 Drivers/STM32L0xx_HAL_Driver/stm32l0xx_hal_rcc.o
 .ARM.attributes
                0x000000000000054e       0x32 Drivers/STM32L0xx_HAL_Driver/stm32l0xx_hal_rcc_ex.o
 .ARM.attributes
                0x0000000000000580       0x32 Drivers/STM32L0xx_HAL_Driver/stm32l0xx_hal_rtc.o
 .ARM.attributes
                0x00000000000005b2       0x32 Drivers/STM32L0xx_HAL_Driver/stm32l0xx_hal_rtc_ex.o
 .ARM.attributes
                0x00000000000005e4       0x32 Drivers/STM32L0xx_HAL_Driver/stm32l0xx_hal_spi.o
 .ARM.attributes
                0x0000000000000616       0x32 Drivers/STM32L0xx_HAL_Driver/stm32l0xx_hal_uart.o
 .ARM.attributes
                0x0000000000000648       0x32 Drivers/STM32L0xx_HAL_Driver/stm32l0xx_hal_uart_ex.o
 .ARM.attributes
                0x000000000000067a       0x32 Middlewares/SubGHz_Phy/sx1276.o
 .ARM.attributes
                0x00000000000006ac       0x32 Utilities/stm32_adv_trace.o
 .ARM.attributes
                0x00000000000006de       0x32 Utilities/stm32_lpm.o
 .ARM.attributes
                0x0000000000000710       0x32 Utilities/stm32_mem.o
 .ARM.attributes
                0x0000000000000742       0x32 Utilities/stm32_seq.o
 .ARM.attributes
                0x0000000000000774       0x32 Utilities/stm32_systime.o
 .ARM.attributes
                0x00000000000007a6       0x32 Utilities/stm32_timer.o
 .ARM.attributes
                0x00000000000007d8       0x32 Utilities/stm32_tiny_vsnprintf.o
 .ARM.attributes
                0x000000000000080a       0x2c c:/st/stm32cubeide_1.5.1/stm32cubeide/plugins/com.st.stm32cube.ide.mcu.externaltools.gnu-tools-for-stm32.7-2018-q2-update.win32_1.5.0.202011040924/tools/bin/../lib/gcc/arm-none-eabi/7.3.1/../../../../arm-none-eabi/lib/thumb/v6-m\libc_nano.a(lib_a-init.o)
 .ARM.attributes
                0x0000000000000836       0x2c c:/st/stm32cubeide_1.5.1/stm32cubeide/plugins/com.st.stm32cube.ide.mcu.externaltools.gnu-tools-for-stm32.7-2018-q2-update.win32_1.5.0.202011040924/tools/bin/../lib/gcc/arm-none-eabi/7.3.1/../../../../arm-none-eabi/lib/thumb/v6-m\libc_nano.a(lib_a-memcpy-stub.o)
 .ARM.attributes
                0x0000000000000862       0x2c c:/st/stm32cubeide_1.5.1/stm32cubeide/plugins/com.st.stm32cube.ide.mcu.externaltools.gnu-tools-for-stm32.7-2018-q2-update.win32_1.5.0.202011040924/tools/bin/../lib/gcc/arm-none-eabi/7.3.1/../../../../arm-none-eabi/lib/thumb/v6-m\libc_nano.a(lib_a-memset.o)
 .ARM.attributes
                0x000000000000088e       0x1c c:/st/stm32cubeide_1.5.1/stm32cubeide/plugins/com.st.stm32cube.ide.mcu.externaltools.gnu-tools-for-stm32.7-2018-q2-update.win32_1.5.0.202011040924/tools/bin/../lib/gcc/arm-none-eabi/7.3.1/../../../../arm-none-eabi/lib/thumb/v6-m\libc_nano.a(lib_a-strlen.o)
 .ARM.attributes
                0x00000000000008aa       0x2c c:/st/stm32cubeide_1.5.1/stm32cubeide/plugins/com.st.stm32cube.ide.mcu.externaltools.gnu-tools-for-stm32.7-2018-q2-update.win32_1.5.0.202011040924/tools/bin/../lib/gcc/arm-none-eabi/7.3.1/../../../../arm-none-eabi/lib/thumb/v6-m\libc_nano.a(lib_a-strncmp.o)
 .ARM.attributes
                0x00000000000008d6       0x1e c:/st/stm32cubeide_1.5.1/stm32cubeide/plugins/com.st.stm32cube.ide.mcu.externaltools.gnu-tools-for-stm32.7-2018-q2-update.win32_1.5.0.202011040924/tools/bin/../lib/gcc/arm-none-eabi/7.3.1/thumb/v6-m\libgcc.a(_thumb1_case_sqi.o)
 .ARM.attributes
                0x00000000000008f4       0x1e c:/st/stm32cubeide_1.5.1/stm32cubeide/plugins/com.st.stm32cube.ide.mcu.externaltools.gnu-tools-for-stm32.7-2018-q2-update.win32_1.5.0.202011040924/tools/bin/../lib/gcc/arm-none-eabi/7.3.1/thumb/v6-m\libgcc.a(_thumb1_case_uqi.o)
 .ARM.attributes
                0x0000000000000912       0x1e c:/st/stm32cubeide_1.5.1/stm32cubeide/plugins/com.st.stm32cube.ide.mcu.externaltools.gnu-tools-for-stm32.7-2018-q2-update.win32_1.5.0.202011040924/tools/bin/../lib/gcc/arm-none-eabi/7.3.1/thumb/v6-m\libgcc.a(_thumb1_case_uhi.o)
 .ARM.attributes
                0x0000000000000930       0x1e c:/st/stm32cubeide_1.5.1/stm32cubeide/plugins/com.st.stm32cube.ide.mcu.externaltools.gnu-tools-for-stm32.7-2018-q2-update.win32_1.5.0.202011040924/tools/bin/../lib/gcc/arm-none-eabi/7.3.1/thumb/v6-m\libgcc.a(_udivsi3.o)
 .ARM.attributes
                0x000000000000094e       0x1e c:/st/stm32cubeide_1.5.1/stm32cubeide/plugins/com.st.stm32cube.ide.mcu.externaltools.gnu-tools-for-stm32.7-2018-q2-update.win32_1.5.0.202011040924/tools/bin/../lib/gcc/arm-none-eabi/7.3.1/thumb/v6-m\libgcc.a(_divsi3.o)
 .ARM.attributes
                0x000000000000096c       0x1e c:/st/stm32cubeide_1.5.1/stm32cubeide/plugins/com.st.stm32cube.ide.mcu.externaltools.gnu-tools-for-stm32.7-2018-q2-update.win32_1.5.0.202011040924/tools/bin/../lib/gcc/arm-none-eabi/7.3.1/thumb/v6-m\libgcc.a(_dvmd_tls.o)
 .ARM.attributes
                0x000000000000098a       0x1e c:/st/stm32cubeide_1.5.1/stm32cubeide/plugins/com.st.stm32cube.ide.mcu.externaltools.gnu-tools-for-stm32.7-2018-q2-update.win32_1.5.0.202011040924/tools/bin/../lib/gcc/arm-none-eabi/7.3.1/thumb/v6-m\libgcc.a(_aeabi_uldivmod.o)
 .ARM.attributes
                0x00000000000009a8       0x2c c:/st/stm32cubeide_1.5.1/stm32cubeide/plugins/com.st.stm32cube.ide.mcu.externaltools.gnu-tools-for-stm32.7-2018-q2-update.win32_1.5.0.202011040924/tools/bin/../lib/gcc/arm-none-eabi/7.3.1/thumb/v6-m\libgcc.a(_muldi3.o)
 .ARM.attributes
                0x00000000000009d4       0x2c c:/st/stm32cubeide_1.5.1/stm32cubeide/plugins/com.st.stm32cube.ide.mcu.externaltools.gnu-tools-for-stm32.7-2018-q2-update.win32_1.5.0.202011040924/tools/bin/../lib/gcc/arm-none-eabi/7.3.1/thumb/v6-m\libgcc.a(_fixunsdfsi.o)
 .ARM.attributes
                0x0000000000000a00       0x2c c:/st/stm32cubeide_1.5.1/stm32cubeide/plugins/com.st.stm32cube.ide.mcu.externaltools.gnu-tools-for-stm32.7-2018-q2-update.win32_1.5.0.202011040924/tools/bin/../lib/gcc/arm-none-eabi/7.3.1/thumb/v6-m\libgcc.a(_udivmoddi4.o)
 .ARM.attributes
                0x0000000000000a2c       0x2c c:/st/stm32cubeide_1.5.1/stm32cubeide/plugins/com.st.stm32cube.ide.mcu.externaltools.gnu-tools-for-stm32.7-2018-q2-update.win32_1.5.0.202011040924/tools/bin/../lib/gcc/arm-none-eabi/7.3.1/thumb/v6-m\libgcc.a(divdf3.o)
 .ARM.attributes
                0x0000000000000a58       0x2c c:/st/stm32cubeide_1.5.1/stm32cubeide/plugins/com.st.stm32cube.ide.mcu.externaltools.gnu-tools-for-stm32.7-2018-q2-update.win32_1.5.0.202011040924/tools/bin/../lib/gcc/arm-none-eabi/7.3.1/thumb/v6-m\libgcc.a(muldf3.o)
 .ARM.attributes
                0x0000000000000a84       0x2c c:/st/stm32cubeide_1.5.1/stm32cubeide/plugins/com.st.stm32cube.ide.mcu.externaltools.gnu-tools-for-stm32.7-2018-q2-update.win32_1.5.0.202011040924/tools/bin/../lib/gcc/arm-none-eabi/7.3.1/thumb/v6-m\libgcc.a(subdf3.o)
 .ARM.attributes
                0x0000000000000ab0       0x2c c:/st/stm32cubeide_1.5.1/stm32cubeide/plugins/com.st.stm32cube.ide.mcu.externaltools.gnu-tools-for-stm32.7-2018-q2-update.win32_1.5.0.202011040924/tools/bin/../lib/gcc/arm-none-eabi/7.3.1/thumb/v6-m\libgcc.a(fixdfsi.o)
 .ARM.attributes
                0x0000000000000adc       0x2c c:/st/stm32cubeide_1.5.1/stm32cubeide/plugins/com.st.stm32cube.ide.mcu.externaltools.gnu-tools-for-stm32.7-2018-q2-update.win32_1.5.0.202011040924/tools/bin/../lib/gcc/arm-none-eabi/7.3.1/thumb/v6-m\libgcc.a(floatsidf.o)
 .ARM.attributes
                0x0000000000000b08       0x2c c:/st/stm32cubeide_1.5.1/stm32cubeide/plugins/com.st.stm32cube.ide.mcu.externaltools.gnu-tools-for-stm32.7-2018-q2-update.win32_1.5.0.202011040924/tools/bin/../lib/gcc/arm-none-eabi/7.3.1/thumb/v6-m\libgcc.a(floatunsidf.o)
 .ARM.attributes
                0x0000000000000b34       0x1e c:/st/stm32cubeide_1.5.1/stm32cubeide/plugins/com.st.stm32cube.ide.mcu.externaltools.gnu-tools-for-stm32.7-2018-q2-update.win32_1.5.0.202011040924/tools/bin/../lib/gcc/arm-none-eabi/7.3.1/thumb/v6-m\libgcc.a(_arm_cmpdf2.o)
 .ARM.attributes
                0x0000000000000b52       0x1e c:/st/stm32cubeide_1.5.1/stm32cubeide/plugins/com.st.stm32cube.ide.mcu.externaltools.gnu-tools-for-stm32.7-2018-q2-update.win32_1.5.0.202011040924/tools/bin/../lib/gcc/arm-none-eabi/7.3.1/thumb/v6-m\libgcc.a(_clzsi2.o)
 .ARM.attributes
                0x0000000000000b70       0x1e c:/st/stm32cubeide_1.5.1/stm32cubeide/plugins/com.st.stm32cube.ide.mcu.externaltools.gnu-tools-for-stm32.7-2018-q2-update.win32_1.5.0.202011040924/tools/bin/../lib/gcc/arm-none-eabi/7.3.1/thumb/v6-m\libgcc.a(_clzdi2.o)
 .ARM.attributes
                0x0000000000000b8e       0x2c c:/st/stm32cubeide_1.5.1/stm32cubeide/plugins/com.st.stm32cube.ide.mcu.externaltools.gnu-tools-for-stm32.7-2018-q2-update.win32_1.5.0.202011040924/tools/bin/../lib/gcc/arm-none-eabi/7.3.1/thumb/v6-m\libgcc.a(eqdf2.o)
 .ARM.attributes
                0x0000000000000bba       0x2c c:/st/stm32cubeide_1.5.1/stm32cubeide/plugins/com.st.stm32cube.ide.mcu.externaltools.gnu-tools-for-stm32.7-2018-q2-update.win32_1.5.0.202011040924/tools/bin/../lib/gcc/arm-none-eabi/7.3.1/thumb/v6-m\libgcc.a(gedf2.o)
 .ARM.attributes
                0x0000000000000be6       0x2c c:/st/stm32cubeide_1.5.1/stm32cubeide/plugins/com.st.stm32cube.ide.mcu.externaltools.gnu-tools-for-stm32.7-2018-q2-update.win32_1.5.0.202011040924/tools/bin/../lib/gcc/arm-none-eabi/7.3.1/thumb/v6-m\libgcc.a(ledf2.o)
 .ARM.attributes
                0x0000000000000c12       0x1e c:/st/stm32cubeide_1.5.1/stm32cubeide/plugins/com.st.stm32cube.ide.mcu.externaltools.gnu-tools-for-stm32.7-2018-q2-update.win32_1.5.0.202011040924/tools/bin/../lib/gcc/arm-none-eabi/7.3.1/thumb/v6-m/crtn.o
OUTPUT(cmwx1zzabz_0xx.elf elf32-littlearm)

.debug_info     0x0000000000000000    0x263cd
 .debug_info    0x0000000000000000      0xa3c Application/App/app_subghz_phy.o
 .debug_info    0x0000000000000a3c     0x1bcd Application/App/subghz_phy_app.o
 .debug_info    0x0000000000002609      0x3e3 Application/Core/dma.o
 .debug_info    0x00000000000029ec      0x574 Application/Core/main.o
 .debug_info    0x0000000000002f60      0xa76 Application/Core/rtc.o
 .debug_info    0x00000000000039d6     0x1938 Application/Core/rtc_if.o
 .debug_info    0x000000000000530e     0x139e Application/Core/stm32_lpm_if.o
 .debug_info    0x00000000000066ac      0xbbc Application/Core/stm32l0xx_hal_msp.o
 .debug_info    0x0000000000007268     0x13cf Application/Core/stm32l0xx_it.o
 .debug_info    0x0000000000008637     0x151d Application/Core/sys_app.o
 .debug_info    0x0000000000009b54      0xc7c Application/Core/sys_debug.o
 .debug_info    0x000000000000a7d0      0xd0a Application/Core/usart.o
 .debug_info    0x000000000000b4da     0x14b4 Application/Core/usart_if.o
 .debug_info    0x000000000000c98e       0x22 Application/SW4STM32/startup_stm32l072xx.o
 .debug_info    0x000000000000c9b0      0xd58 Application/Target/b_l072z_lrwan1_bus.o
 .debug_info    0x000000000000d708     0x1252 Drivers/BSP/B-L072Z-LRWAN1/b-l072z-lrwan1.o
 .debug_info    0x000000000000e95a     0x1e82 Drivers/BSP/CMWX1ZZABZ_0xx/cmwx1zzabz_0xx.o
 .debug_info    0x00000000000107dc      0x382 Drivers/CMSIS/system_stm32l0xx.o
 .debug_info    0x0000000000010b5e      0x969 Drivers/STM32L0xx_HAL_Driver/stm32l0xx_hal.o
 .debug_info    0x00000000000114c7      0xa1e Drivers/STM32L0xx_HAL_Driver/stm32l0xx_hal_cortex.o
 .debug_info    0x0000000000011ee5      0x85e Drivers/STM32L0xx_HAL_Driver/stm32l0xx_hal_dma.o
 .debug_info    0x0000000000012743      0x5f8 Drivers/STM32L0xx_HAL_Driver/stm32l0xx_hal_exti.o
 .debug_info    0x0000000000012d3b      0x72d Drivers/STM32L0xx_HAL_Driver/stm32l0xx_hal_gpio.o
 .debug_info    0x0000000000013468      0x6b8 Drivers/STM32L0xx_HAL_Driver/stm32l0xx_hal_pwr.o
 .debug_info    0x0000000000013b20      0x260 Drivers/STM32L0xx_HAL_Driver/stm32l0xx_hal_pwr_ex.o
 .debug_info    0x0000000000013d80      0xc86 Drivers/STM32L0xx_HAL_Driver/stm32l0xx_hal_rcc.o
 .debug_info    0x0000000000014a06      0x908 Drivers/STM32L0xx_HAL_Driver/stm32l0xx_hal_rcc_ex.o
 .debug_info    0x000000000001530e      0xe0f Drivers/STM32L0xx_HAL_Driver/stm32l0xx_hal_rtc.o
 .debug_info    0x000000000001611d     0x1034 Drivers/STM32L0xx_HAL_Driver/stm32l0xx_hal_rtc_ex.o
 .debug_info    0x0000000000017151     0x1d5e Drivers/STM32L0xx_HAL_Driver/stm32l0xx_hal_spi.o
 .debug_info    0x0000000000018eaf     0x1db8 Drivers/STM32L0xx_HAL_Driver/stm32l0xx_hal_uart.o
 .debug_info    0x000000000001ac67      0xb96 Drivers/STM32L0xx_HAL_Driver/stm32l0xx_hal_uart_ex.o
 .debug_info    0x000000000001b7fd     0x3f4d Middlewares/SubGHz_Phy/sx1276.o
 .debug_info    0x000000000001f74a     0x1646 Utilities/stm32_adv_trace.o
 .debug_info    0x0000000000020d90      0xc04 Utilities/stm32_lpm.o
 .debug_info    0x0000000000021994      0x9ca Utilities/stm32_mem.o
 .debug_info    0x000000000002235e     0x1114 Utilities/stm32_seq.o
 .debug_info    0x0000000000023472     0x1106 Utilities/stm32_systime.o
 .debug_info    0x0000000000024578     0x12f4 Utilities/stm32_timer.o
 .debug_info    0x000000000002586c      0xb61 Utilities/stm32_tiny_vsnprintf.o

.debug_abbrev   0x0000000000000000     0x6409
 .debug_abbrev  0x0000000000000000      0x1d5 Application/App/app_subghz_phy.o
 .debug_abbrev  0x00000000000001d5      0x2c1 Application/App/subghz_phy_app.o
 .debug_abbrev  0x0000000000000496      0x13e Application/Core/dma.o
 .debug_abbrev  0x00000000000005d4      0x1bd Application/Core/main.o
 .debug_abbrev  0x0000000000000791      0x1a5 Application/Core/rtc.o
 .debug_abbrev  0x0000000000000936      0x41c Application/Core/rtc_if.o
 .debug_abbrev  0x0000000000000d52      0x2da Application/Core/stm32_lpm_if.o
 .debug_abbrev  0x000000000000102c      0x1d1 Application/Core/stm32l0xx_hal_msp.o
 .debug_abbrev  0x00000000000011fd      0x234 Application/Core/stm32l0xx_it.o
 .debug_abbrev  0x0000000000001431      0x360 Application/Core/sys_app.o
 .debug_abbrev  0x0000000000001791      0x204 Application/Core/sys_debug.o
 .debug_abbrev  0x0000000000001995      0x1ff Application/Core/usart.o
 .debug_abbrev  0x0000000000001b94      0x28b Application/Core/usart_if.o
 .debug_abbrev  0x0000000000001e1f       0x12 Application/SW4STM32/startup_stm32l072xx.o
 .debug_abbrev  0x0000000000001e31      0x285 Application/Target/b_l072z_lrwan1_bus.o
 .debug_abbrev  0x00000000000020b6      0x2e9 Drivers/BSP/B-L072Z-LRWAN1/b-l072z-lrwan1.o
 .debug_abbrev  0x000000000000239f      0x3c8 Drivers/BSP/CMWX1ZZABZ_0xx/cmwx1zzabz_0xx.o
 .debug_abbrev  0x0000000000002767      0x100 Drivers/CMSIS/system_stm32l0xx.o
 .debug_abbrev  0x0000000000002867      0x289 Drivers/STM32L0xx_HAL_Driver/stm32l0xx_hal.o
 .debug_abbrev  0x0000000000002af0      0x28a Drivers/STM32L0xx_HAL_Driver/stm32l0xx_hal_cortex.o
 .debug_abbrev  0x0000000000002d7a      0x203 Drivers/STM32L0xx_HAL_Driver/stm32l0xx_hal_dma.o
 .debug_abbrev  0x0000000000002f7d      0x1e9 Drivers/STM32L0xx_HAL_Driver/stm32l0xx_hal_exti.o
 .debug_abbrev  0x0000000000003166      0x1cf Drivers/STM32L0xx_HAL_Driver/stm32l0xx_hal_gpio.o
 .debug_abbrev  0x0000000000003335      0x17e Drivers/STM32L0xx_HAL_Driver/stm32l0xx_hal_pwr.o
 .debug_abbrev  0x00000000000034b3      0x11c Drivers/STM32L0xx_HAL_Driver/stm32l0xx_hal_pwr_ex.o
 .debug_abbrev  0x00000000000035cf      0x2be Drivers/STM32L0xx_HAL_Driver/stm32l0xx_hal_rcc.o
 .debug_abbrev  0x000000000000388d      0x228 Drivers/STM32L0xx_HAL_Driver/stm32l0xx_hal_rcc_ex.o
 .debug_abbrev  0x0000000000003ab5      0x20d Drivers/STM32L0xx_HAL_Driver/stm32l0xx_hal_rtc.o
 .debug_abbrev  0x0000000000003cc2      0x238 Drivers/STM32L0xx_HAL_Driver/stm32l0xx_hal_rtc_ex.o
 .debug_abbrev  0x0000000000003efa      0x36e Drivers/STM32L0xx_HAL_Driver/stm32l0xx_hal_spi.o
 .debug_abbrev  0x0000000000004268      0x345 Drivers/STM32L0xx_HAL_Driver/stm32l0xx_hal_uart.o
 .debug_abbrev  0x00000000000045ad      0x264 Drivers/STM32L0xx_HAL_Driver/stm32l0xx_hal_uart_ex.o
 .debug_abbrev  0x0000000000004811      0x4f6 Middlewares/SubGHz_Phy/sx1276.o
 .debug_abbrev  0x0000000000004d07      0x45f Utilities/stm32_adv_trace.o
 .debug_abbrev  0x0000000000005166      0x29f Utilities/stm32_lpm.o
 .debug_abbrev  0x0000000000005405      0x1cd Utilities/stm32_mem.o
 .debug_abbrev  0x00000000000055d2      0x374 Utilities/stm32_seq.o
 .debug_abbrev  0x0000000000005946      0x436 Utilities/stm32_systime.o
 .debug_abbrev  0x0000000000005d7c      0x41a Utilities/stm32_timer.o
 .debug_abbrev  0x0000000000006196      0x273 Utilities/stm32_tiny_vsnprintf.o

.debug_aranges  0x0000000000000000     0x1370
 .debug_aranges
                0x0000000000000000       0x28 Application/App/app_subghz_phy.o
 .debug_aranges
                0x0000000000000028       0x58 Application/App/subghz_phy_app.o
 .debug_aranges
                0x0000000000000080       0x20 Application/Core/dma.o
 .debug_aranges
                0x00000000000000a0       0x30 Application/Core/main.o
 .debug_aranges
                0x00000000000000d0       0x30 Application/Core/rtc.o
 .debug_aranges
                0x0000000000000100       0xa8 Application/Core/rtc_if.o
 .debug_aranges
                0x00000000000001a8       0x38 Application/Core/stm32_lpm_if.o
 .debug_aranges
                0x00000000000001e0       0x20 Application/Core/stm32l0xx_hal_msp.o
 .debug_aranges
                0x0000000000000200       0x70 Application/Core/stm32l0xx_it.o
 .debug_aranges
                0x0000000000000270       0x60 Application/Core/sys_app.o
 .debug_aranges
                0x00000000000002d0       0x20 Application/Core/sys_debug.o
 .debug_aranges
                0x00000000000002f0       0x30 Application/Core/usart.o
 .debug_aranges
                0x0000000000000320       0x50 Application/Core/usart_if.o
 .debug_aranges
                0x0000000000000370       0x28 Application/SW4STM32/startup_stm32l072xx.o
 .debug_aranges
                0x0000000000000398       0x50 Application/Target/b_l072z_lrwan1_bus.o
 .debug_aranges
                0x00000000000003e8       0x50 Drivers/BSP/B-L072Z-LRWAN1/b-l072z-lrwan1.o
 .debug_aranges
                0x0000000000000438       0x90 Drivers/BSP/CMWX1ZZABZ_0xx/cmwx1zzabz_0xx.o
 .debug_aranges
                0x00000000000004c8       0x28 Drivers/CMSIS/system_stm32l0xx.o
 .debug_aranges
                0x00000000000004f0      0x108 Drivers/STM32L0xx_HAL_Driver/stm32l0xx_hal.o
 .debug_aranges
                0x00000000000005f8       0x90 Drivers/STM32L0xx_HAL_Driver/stm32l0xx_hal_cortex.o
 .debug_aranges
                0x0000000000000688       0x78 Drivers/STM32L0xx_HAL_Driver/stm32l0xx_hal_dma.o
 .debug_aranges
                0x0000000000000700       0x60 Drivers/STM32L0xx_HAL_Driver/stm32l0xx_hal_exti.o
 .debug_aranges
                0x0000000000000760       0x58 Drivers/STM32L0xx_HAL_Driver/stm32l0xx_hal_gpio.o
 .debug_aranges
                0x00000000000007b8       0xa0 Drivers/STM32L0xx_HAL_Driver/stm32l0xx_hal_pwr.o
 .debug_aranges
                0x0000000000000858       0x50 Drivers/STM32L0xx_HAL_Driver/stm32l0xx_hal_pwr_ex.o
 .debug_aranges
                0x00000000000008a8       0x80 Drivers/STM32L0xx_HAL_Driver/stm32l0xx_hal_rcc.o
 .debug_aranges
                0x0000000000000928       0x98 Drivers/STM32L0xx_HAL_Driver/stm32l0xx_hal_rcc_ex.o
 .debug_aranges
                0x00000000000009c0       0xa8 Drivers/STM32L0xx_HAL_Driver/stm32l0xx_hal_rtc.o
 .debug_aranges
                0x0000000000000a68      0x108 Drivers/STM32L0xx_HAL_Driver/stm32l0xx_hal_rtc_ex.o
 .debug_aranges
                0x0000000000000b70      0x188 Drivers/STM32L0xx_HAL_Driver/stm32l0xx_hal_spi.o