Archive member included to satisfy reference by file (symbol)

c:/st/stm32cubeide_1.9.0/stm32cubeide/plugins/com.st.stm32cube.ide.mcu.externaltools.gnu-tools-for-stm32.10.3-2021.10.win32_1.0.0.202111181127/tools/bin/../lib/gcc/arm-none-eabi/10.3.1/../../../../arm-none-eabi/lib/thumb/v6-m/nofp\libc_nano.a(lib_a-errno.o)
                              ./Application/SW4STM32/syscalls.o (__errno)
c:/st/stm32cubeide_1.9.0/stm32cubeide/plugins/com.st.stm32cube.ide.mcu.externaltools.gnu-tools-for-stm32.10.3-2021.10.win32_1.0.0.202111181127/tools/bin/../lib/gcc/arm-none-eabi/10.3.1/../../../../arm-none-eabi/lib/thumb/v6-m/nofp\libc_nano.a(lib_a-exit.o)
                              c:/st/stm32cubeide_1.9.0/stm32cubeide/plugins/com.st.stm32cube.ide.mcu.externaltools.gnu-tools-for-stm32.10.3-2021.10.win32_1.0.0.202111181127/tools/bin/../lib/gcc/arm-none-eabi/10.3.1/../../../../arm-none-eabi/lib/thumb/v6-m/nofp/crt0.o (exit)
c:/st/stm32cubeide_1.9.0/stm32cubeide/plugins/com.st.stm32cube.ide.mcu.externaltools.gnu-tools-for-stm32.10.3-2021.10.win32_1.0.0.202111181127/tools/bin/../lib/gcc/arm-none-eabi/10.3.1/../../../../arm-none-eabi/lib/thumb/v6-m/nofp\libc_nano.a(lib_a-impure.o)
                              c:/st/stm32cubeide_1.9.0/stm32cubeide/plugins/com.st.stm32cube.ide.mcu.externaltools.gnu-tools-for-stm32.10.3-2021.10.win32_1.0.0.202111181127/tools/bin/../lib/gcc/arm-none-eabi/10.3.1/../../../../arm-none-eabi/lib/thumb/v6-m/nofp\libc_nano.a(lib_a-exit.o) (_global_impure_ptr)
c:/st/stm32cubeide_1.9.0/stm32cubeide/plugins/com.st.stm32cube.ide.mcu.externaltools.gnu-tools-for-stm32.10.3-2021.10.win32_1.0.0.202111181127/tools/bin/../lib/gcc/arm-none-eabi/10.3.1/../../../../arm-none-eabi/lib/thumb/v6-m/nofp\libc_nano.a(lib_a-init.o)
                              c:/st/stm32cubeide_1.9.0/stm32cubeide/plugins/com.st.stm32cube.ide.mcu.externaltools.gnu-tools-for-stm32.10.3-2021.10.win32_1.0.0.202111181127/tools/bin/../lib/gcc/arm-none-eabi/10.3.1/../../../../arm-none-eabi/lib/thumb/v6-m/nofp/crt0.o (__libc_init_array)
c:/st/stm32cubeide_1.9.0/stm32cubeide/plugins/com.st.stm32cube.ide.mcu.externaltools.gnu-tools-for-stm32.10.3-2021.10.win32_1.0.0.202111181127/tools/bin/../lib/gcc/arm-none-eabi/10.3.1/../../../../arm-none-eabi/lib/thumb/v6-m/nofp\libc_nano.a(lib_a-memcpy-stub.o)
                              ./Application/App/subghz_phy_app.o (memcpy)
c:/st/stm32cubeide_1.9.0/stm32cubeide/plugins/com.st.stm32cube.ide.mcu.externaltools.gnu-tools-for-stm32.10.3-2021.10.win32_1.0.0.202111181127/tools/bin/../lib/gcc/arm-none-eabi/10.3.1/../../../../arm-none-eabi/lib/thumb/v6-m/nofp\libc_nano.a(lib_a-memset.o)
                              c:/st/stm32cubeide_1.9.0/stm32cubeide/plugins/com.st.stm32cube.ide.mcu.externaltools.gnu-tools-for-stm32.10.3-2021.10.win32_1.0.0.202111181127/tools/bin/../lib/gcc/arm-none-eabi/10.3.1/../../../../arm-none-eabi/lib/thumb/v6-m/nofp/crt0.o (memset)
c:/st/stm32cubeide_1.9.0/stm32cubeide/plugins/com.st.stm32cube.ide.mcu.externaltools.gnu-tools-for-stm32.10.3-2021.10.win32_1.0.0.202111181127/tools/bin/../lib/gcc/arm-none-eabi/10.3.1/../../../../arm-none-eabi/lib/thumb/v6-m/nofp\libc_nano.a(lib_a-strlen.o)
                              ./Application/Core/sys_app.o (strlen)
c:/st/stm32cubeide_1.9.0/stm32cubeide/plugins/com.st.stm32cube.ide.mcu.externaltools.gnu-tools-for-stm32.10.3-2021.10.win32_1.0.0.202111181127/tools/bin/../lib/gcc/arm-none-eabi/10.3.1/../../../../arm-none-eabi/lib/thumb/v6-m/nofp\libc_nano.a(lib_a-strncmp.o)
                              ./Application/App/subghz_phy_app.o (strncmp)
c:/st/stm32cubeide_1.9.0/stm32cubeide/plugins/com.st.stm32cube.ide.mcu.externaltools.gnu-tools-for-stm32.10.3-2021.10.win32_1.0.0.202111181127/tools/bin/../lib/gcc/arm-none-eabi/10.3.1/thumb/v6-m/nofp\libgcc.a(_thumb1_case_sqi.o)
                              ./Drivers/STM32L0xx_HAL_Driver/stm32l0xx_hal_uart.o (__gnu_thumb1_case_sqi)
c:/st/stm32cubeide_1.9.0/stm32cubeide/plugins/com.st.stm32cube.ide.mcu.externaltools.gnu-tools-for-stm32.10.3-2021.10.win32_1.0.0.202111181127/tools/bin/../lib/gcc/arm-none-eabi/10.3.1/thumb/v6-m/nofp\libgcc.a(_thumb1_case_uqi.o)
                              ./Drivers/BSP/B-L072Z-LRWAN1/b-l072z-lrwan1.o (__gnu_thumb1_case_uqi)
c:/st/stm32cubeide_1.9.0/stm32cubeide/plugins/com.st.stm32cube.ide.mcu.externaltools.gnu-tools-for-stm32.10.3-2021.10.win32_1.0.0.202111181127/tools/bin/../lib/gcc/arm-none-eabi/10.3.1/thumb/v6-m/nofp\libgcc.a(_thumb1_case_shi.o)
                              ./Drivers/STM32L0xx_HAL_Driver/stm32l0xx_hal_uart.o (__gnu_thumb1_case_shi)
c:/st/stm32cubeide_1.9.0/stm32cubeide/plugins/com.st.stm32cube.ide.mcu.externaltools.gnu-tools-for-stm32.10.3-2021.10.win32_1.0.0.202111181127/tools/bin/../lib/gcc/arm-none-eabi/10.3.1/thumb/v6-m/nofp\libgcc.a(_thumb1_case_uhi.o)
                              ./Application/App/subghz_phy_app.o (__gnu_thumb1_case_uhi)
[...]
Memory Configuration

Name             Origin             Length             Attributes
FLASH            0x0000000008000000 0x0000000000030000 xr
RAM              0x0000000020000000 0x0000000000005000 xrw
*default*        0x0000000000000000 0xffffffffffffffff

Linker script and memory map

LOAD c:/st/stm32cubeide_1.9.0/stm32cubeide/plugins/com.st.stm32cube.ide.mcu.externaltools.gnu-tools-for-stm32.10.3-2021.10.win32_1.0.0.202111181127/tools/bin/../lib/gcc/arm-none-eabi/10.3.1/thumb/v6-m/nofp/crti.o
LOAD c:/st/stm32cubeide_1.9.0/stm32cubeide/plugins/com.st.stm32cube.ide.mcu.externaltools.gnu-tools-for-stm32.10.3-2021.10.win32_1.0.0.202111181127/tools/bin/../lib/gcc/arm-none-eabi/10.3.1/thumb/v6-m/nofp/crtbegin.o
LOAD c:/st/stm32cubeide_1.9.0/stm32cubeide/plugins/com.st.stm32cube.ide.mcu.externaltools.gnu-tools-for-stm32.10.3-2021.10.win32_1.0.0.202111181127/tools/bin/../lib/gcc/arm-none-eabi/10.3.1/../../../../arm-none-eabi/lib/thumb/v6-m/nofp/crt0.o
LOAD ./Application/App/app_subghz_phy.o
LOAD ./Application/App/subghz_phy_app.o
LOAD ./Application/Core/dma.o
LOAD ./Application/Core/main.o
LOAD ./Application/Core/rtc.o
LOAD ./Application/Core/rtc_if.o
LOAD ./Application/Core/stm32_lpm_if.o
LOAD ./Application/Core/stm32l0xx_hal_msp.o
LOAD ./Application/Core/stm32l0xx_it.o
LOAD ./Application/Core/sys_app.o
LOAD ./Application/Core/sys_debug.o
LOAD ./Application/Core/usart.o
LOAD ./Application/Core/usart_if.o
LOAD ./Application/SW4STM32/startup_stm32l072xx.o
LOAD ./Application/SW4STM32/syscalls.o
LOAD ./Application/Target/b_l072z_lrwan1_bus.o
LOAD ./Drivers/BSP/B-L072Z-LRWAN1/b-l072z-lrwan1.o
LOAD ./Drivers/BSP/CMWX1ZZABZ_0xx/cmwx1zzabz_0xx.o
LOAD ./Drivers/CMSIS/system_stm32l0xx.o
LOAD ./Drivers/STM32L0xx_HAL_Driver/stm32l0xx_hal.o
LOAD ./Drivers/STM32L0xx_HAL_Driver/stm32l0xx_hal_adc.o
LOAD ./Drivers/STM32L0xx_HAL_Driver/stm32l0xx_hal_adc_ex.o
LOAD ./Drivers/STM32L0xx_HAL_Driver/stm32l0xx_hal_cortex.o
LOAD ./Drivers/STM32L0xx_HAL_Driver/stm32l0xx_hal_dma.o
LOAD ./Drivers/STM32L0xx_HAL_Driver/stm32l0xx_hal_exti.o
LOAD ./Drivers/STM32L0xx_HAL_Driver/stm32l0xx_hal_gpio.o
LOAD ./Drivers/STM32L0xx_HAL_Driver/stm32l0xx_hal_i2c.o
LOAD ./Drivers/STM32L0xx_HAL_Driver/stm32l0xx_hal_pwr.o
LOAD ./Drivers/STM32L0xx_HAL_Driver/stm32l0xx_hal_pwr_ex.o
LOAD ./Drivers/STM32L0xx_HAL_Driver/stm32l0xx_hal_rcc.o
LOAD ./Drivers/STM32L0xx_HAL_Driver/stm32l0xx_hal_rcc_ex.o
LOAD ./Drivers/STM32L0xx_HAL_Driver/stm32l0xx_hal_rtc.o
LOAD ./Drivers/STM32L0xx_HAL_Driver/stm32l0xx_hal_rtc_ex.o
LOAD ./Drivers/STM32L0xx_HAL_Driver/stm32l0xx_hal_spi.o
LOAD ./Drivers/STM32L0xx_HAL_Driver/stm32l0xx_hal_tim.o
LOAD ./Drivers/STM32L0xx_HAL_Driver/stm32l0xx_hal_tim_ex.o
LOAD ./Drivers/STM32L0xx_HAL_Driver/stm32l0xx_hal_uart.o
LOAD ./Drivers/STM32L0xx_HAL_Driver/stm32l0xx_hal_uart_ex.o
LOAD ./Middlewares/SubGHz_Phy/sx1276.o
LOAD ./Utilities/stm32_adv_trace.o
LOAD ./Utilities/stm32_lpm.o
LOAD ./Utilities/stm32_mem.o
LOAD ./Utilities/stm32_seq.o
LOAD ./Utilities/stm32_systime.o
LOAD ./Utilities/stm32_timer.o
LOAD ./Utilities/stm32_tiny_vsnprintf.o
START GROUP
LOAD c:/st/stm32cubeide_1.9.0/stm32cubeide/plugins/com.st.stm32cube.ide.mcu.externaltools.gnu-tools-for-stm32.10.3-2021.10.win32_1.0.0.202111181127/tools/bin/../lib/gcc/arm-none-eabi/10.3.1/../../../../arm-none-eabi/lib/thumb/v6-m/nofp\libc_nano.a
LOAD c:/st/stm32cubeide_1.9.0/stm32cubeide/plugins/com.st.stm32cube.ide.mcu.externaltools.gnu-tools-for-stm32.10.3-2021.10.win32_1.0.0.202111181127/tools/bin/../lib/gcc/arm-none-eabi/10.3.1/../../../../arm-none-eabi/lib/thumb/v6-m/nofp\libm.a
END GROUP
START GROUP
LOAD c:/st/stm32cubeide_1.9.0/stm32cubeide/plugins/com.st.stm32cube.ide.mcu.externaltools.gnu-tools-for-stm32.10.3-2021.10.win32_1.0.0.202111181127/tools/bin/../lib/gcc/arm-none-eabi/10.3.1/thumb/v6-m/nofp\libgcc.a
LOAD c:/st/stm32cubeide_1.9.0/stm32cubeide/plugins/com.st.stm32cube.ide.mcu.externaltools.gnu-tools-for-stm32.10.3-2021.10.win32_1.0.0.202111181127/tools/bin/../lib/gcc/arm-none-eabi/10.3.1/../../../../arm-none-eabi/lib/thumb/v6-m/nofp\libc_nano.a
END GROUP
START GROUP
LOAD c:/st/stm32cubeide_1.9.0/stm32cubeide/plugins/com.st.stm32cube.ide.mcu.externaltools.gnu-tools-for-stm32.10.3-2021.10.win32_1.0.0.202111181127/tools/bin/../lib/gcc/arm-none-eabi/10.3.1/thumb/v6-m/nofp\libgcc.a
LOAD c:/st/stm32cubeide_1.9.0/stm32cubeide/plugins/com.st.stm32cube.ide.mcu.externaltools.gnu-tools-for-stm32.10.3-2021.10.win32_1.0.0.202111181127/tools/bin/../lib/gcc/arm-none-eabi/10.3.1/../../../../arm-none-eabi/lib/thumb/v6-m/nofp\libc_nano.a
LOAD c:/st/stm32cubeide_1.9.0/stm32cubeide/plugins/com.st.stm32cube.ide.mcu.externaltools.gnu-tools-for-stm32.10.3-2021.10.win32_1.0.0.202111181127/tools/bin/../lib/gcc/arm-none-eabi/10.3.1/../../../../arm-none-eabi/lib/thumb/v6-m/nofp\libnosys.a
END GROUP
START GROUP
LOAD c:/st/stm32cubeide_1.9.0/stm32cubeide/plugins/com.st.stm32cube.ide.mcu.externaltools.gnu-tools-for-stm32.10.3-2021.10.win32_1.0.0.202111181127/tools/bin/../lib/gcc/arm-none-eabi/10.3.1/thumb/v6-m/nofp\libgcc.a
LOAD c:/st/stm32cubeide_1.9.0/stm32cubeide/plugins/com.st.stm32cube.ide.mcu.externaltools.gnu-tools-for-stm32.10.3-2021.10.win32_1.0.0.202111181127/tools/bin/../lib/gcc/arm-none-eabi/10.3.1/../../../../arm-none-eabi/lib/thumb/v6-m/nofp\libc_nano.a
LOAD c:/st/stm32cubeide_1.9.0/stm32cubeide/plugins/com.st.stm32cube.ide.mcu.externaltools.gnu-tools-for-stm32.10.3-2021.10.win32_1.0.0.202111181127/tools/bin/../lib/gcc/arm-none-eabi/10.3.1/../../../../arm-none-eabi/lib/thumb/v6-m/nofp\libnosys.a
END GROUP
LOAD c:/st/stm32cubeide_1.9.0/stm32cubeide/plugins/com.st.stm32cube.ide.mcu.externaltools.gnu-tools-for-stm32.10.3-2021.10.win32_1.0.0.202111181127/tools/bin/../lib/gcc/arm-none-eabi/10.3.1/thumb/v6-m/nofp/crtend.o
LOAD c:/st/stm32cubeide_1.9.0/stm32cubeide/plugins/com.st.stm32cube.ide.mcu.externaltools.gnu-tools-for-stm32.10.3-2021.10.win32_1.0.0.202111181127/tools/bin/../lib/gcc/arm-none-eabi/10.3.1/thumb/v6-m/nofp/crtn.o
                0x0000000020005000                _estack = 0x20005000
                0x0000000000000200                _Min_Heap_Size = 0x200
                0x0000000000000400                _Min_Stack_Size = 0x400

.isr_vector     0x0000000008000000       0xc0
                0x0000000008000000                . = ALIGN (0x4)
 *(.isr_vector)
 .isr_vector    0x0000000008000000       0xc0 ./Application/SW4STM32/startup_stm32l072xx.o
                0x0000000008000000                g_pfnVectors
                0x00000000080000c0                . = ALIGN (0x4)

.text           0x00000000080000c0     0x78c0
                0x00000000080000c0                . = ALIGN (0x4)
 *(.text)
 .text          0x00000000080000c0       0x48 c:/st/stm32cubeide_1.9.0/stm32cubeide/plugins/com.st.stm32cube.ide.mcu.externaltools.gnu-tools-for-stm32.10.3-2021.10.win32_1.0.0.202111181127/tools/bin/../lib/gcc/arm-none-eabi/10.3.1/thumb/v6-m/nofp/crtbegin.o
 .text          0x0000000008000108        0xe c:/st/stm32cubeide_1.9.0/stm32cubeide/plugins/com.st.stm32cube.ide.mcu.externaltools.gnu-tools-for-stm32.10.3-2021.10.win32_1.0.0.202111181127/tools/bin/../lib/gcc/arm-none-eabi/10.3.1/../../../../arm-none-eabi/lib/thumb/v6-m/nofp\libc_nano.a(lib_a-strlen.o)
                0x0000000008000108                strlen
 *fill*         0x0000000008000116        0x2 
 .text          0x0000000008000118       0x14 c:/st/stm32cubeide_1.9.0/stm32cubeide/plugins/com.st.stm32cube.ide.mcu.externaltools.gnu-tools-for-stm32.10.3-2021.10.win32_1.0.0.202111181127/tools/bin/../lib/gcc/arm-none-eabi/10.3.1/thumb/v6-m/nofp\libgcc.a(_thumb1_case_sqi.o)
                0x0000000008000118                __gnu_thumb1_case_sqi
 .text          0x000000000800012c       0x14 c:/st/stm32cubeide_1.9.0/stm32cubeide/plugins/com.st.stm32cube.ide.mcu.externaltools.gnu-tools-for-stm32.10.3-2021.10.win32_1.0.0.202111181127/tools/bin/../lib/gcc/arm-none-eabi/10.3.1/thumb/v6-m/nofp\libgcc.a(_thumb1_case_uqi.o)
                0x000000000800012c                __gnu_thumb1_case_uqi
 .text          0x0000000008000140       0x14 c:/st/stm32cubeide_1.9.0/stm32cubeide/plugins/com.st.stm32cube.ide.mcu.externaltools.gnu-tools-for-stm32.10.3-2021.10.win32_1.0.0.202111181127/tools/bin/../lib/gcc/arm-none-eabi/10.3.1/thumb/v6-m/nofp\libgcc.a(_thumb1_case_shi.o)
                0x0000000008000140                __gnu_thumb1_case_shi
 .text          0x0000000008000154       0x14 c:/st/stm32cubeide_1.9.0/stm32cubeide/plugins/com.st.stm32cube.ide.mcu.externaltools.gnu-tools-for-stm32.10.3-2021.10.win32_1.0.0.202111181127/tools/bin/../lib/gcc/arm-none-eabi/10.3.1/thumb/v6-m/nofp\libgcc.a(_thumb1_case_uhi.o)
                0x0000000008000154                __gnu_thumb1_case_uhi
 .text          0x0000000008000168      0x114 c:/st/stm32cubeide_1.9.0/stm32cubeide/plugins/com.st.stm32cube.ide.mcu.externaltools.gnu-tools-for-stm32.10.3-2021.10.win32_1.0.0.202111181127/tools/bin/../lib/gcc/arm-none-eabi/10.3.1/thumb/v6-m/nofp\libgcc.a(_udivsi3.o)
                0x0000000008000168                __aeabi_uidiv
                0x0000000008000168                __udivsi3
                0x0000000008000274                __aeabi_uidivmod
 .text          0x000000000800027c      0x1d4 c:/st/stm32cubeide_1.9.0/stm32cubeide/plugins/com.st.stm32cube.ide.mcu.externaltools.gnu-tools-for-stm32.10.3-2021.10.win32_1.0.0.202111181127/tools/bin/../lib/gcc/arm-none-eabi/10.3.1/thumb/v6-m/nofp\libgcc.a(_divsi3.o)
                0x000000000800027c                __divsi3
                0x000000000800027c                __aeabi_idiv
                0x0000000008000448                __aeabi_idivmod
 .text          0x0000000008000450        0x4 c:/st/stm32cubeide_1.9.0/stm32cubeide/plugins/com.st.stm32cube.ide.mcu.externaltools.gnu-tools-for-stm32.10.3-2021.10.win32_1.0.0.202111181127/tools/bin/../lib/gcc/arm-none-eabi/10.3.1/thumb/v6-m/nofp\libgcc.a(_dvmd_tls.o)
                0x0000000008000450                __aeabi_idiv0
                0x0000000008000450                __aeabi_ldiv0
 .text          0x0000000008000454       0x40 c:/st/stm32cubeide_1.9.0/stm32cubeide/plugins/com.st.stm32cube.ide.mcu.externaltools.gnu-tools-for-stm32.10.3-2021.10.win32_1.0.0.202111181127/tools/bin/../lib/gcc/arm-none-eabi/10.3.1/thumb/v6-m/nofp\libgcc.a(_aeabi_uldivmod.o)
                0x0000000008000454                __aeabi_uldivmod
 .text          0x0000000008000494       0x5c c:/st/stm32cubeide_1.9.0/stm32cubeide/plugins/com.st.stm32cube.ide.mcu.externaltools.gnu-tools-for-stm32.10.3-2021.10.win32_1.0.0.202111181127/tools/bin/../lib/gcc/arm-none-eabi/10.3.1/thumb/v6-m/nofp\libgcc.a(_muldi3.o)
                0x0000000008000494                __muldi3
                0x0000000008000494                __aeabi_lmul
 .text          0x00000000080004f0       0x3c c:/st/stm32cubeide_1.9.0/stm32cubeide/plugins/com.st.stm32cube.ide.mcu.externaltools.gnu-tools-for-stm32.10.3-2021.10.win32_1.0.0.202111181127/tools/bin/../lib/gcc/arm-none-eabi/10.3.1/thumb/v6-m/nofp\libgcc.a(_fixunsdfsi.o)
                0x00000000080004f0                __aeabi_d2uiz
                0x00000000080004f0                __fixunsdfsi
 .text          0x000000000800052c      0x198 c:/st/stm32cubeide_1.9.0/stm32cubeide/plugins/com.st.stm32cube.ide.mcu.externaltools.gnu-tools-for-stm32.10.3-2021.10.win32_1.0.0.202111181127/tools/bin/../lib/gcc/arm-none-eabi/10.3.1/thumb/v6-m/nofp\libgcc.a(_udivmoddi4.o)
                0x000000000800052c                __udivmoddi4
 .text          0x00000000080006c4      0x5ec c:/st/stm32cubeide_1.9.0/stm32cubeide/plugins/com.st.stm32cube.ide.mcu.externaltools.gnu-tools-for-stm32.10.3-2021.10.win32_1.0.0.202111181127/tools/bin/../lib/gcc/arm-none-eabi/10.3.1/thumb/v6-m/nofp\libgcc.a(divdf3.o)
                0x00000000080006c4                __aeabi_ddiv
 .text          0x0000000008000cb0      0x4d8 c:/st/stm32cubeide_1.9.0/stm32cubeide/plugins/com.st.stm32cube.ide.mcu.externaltools.gnu-tools-for-stm32.10.3-2021.10.win32_1.0.0.202111181127/tools/bin/../lib/gcc/arm-none-eabi/10.3.1/thumb/v6-m/nofp\libgcc.a(muldf3.o)
                0x0000000008000cb0                __aeabi_dmul
 .text          0x0000000008001188      0x724 c:/st/stm32cubeide_1.9.0/stm32cubeide/plugins/com.st.stm32cube.ide.mcu.externaltools.gnu-tools-for-stm32.10.3-2021.10.win32_1.0.0.202111181127/tools/bin/../lib/gcc/arm-none-eabi/10.3.1/thumb/v6-m/nofp\libgcc.a(subdf3.o)
                0x0000000008001188                __aeabi_dsub
 .text          0x00000000080018ac       0x6c c:/st/stm32cubeide_1.9.0/stm32cubeide/plugins/com.st.stm32cube.ide.mcu.externaltools.gnu-tools-for-stm32.10.3-2021.10.win32_1.0.0.202111181127/tools/bin/../lib/gcc/arm-none-eabi/10.3.1/thumb/v6-m/nofp\libgcc.a(fixdfsi.o)
                0x00000000080018ac                __aeabi_d2iz
 .text          0x0000000008001918       0x60 c:/st/stm32cubeide_1.9.0/stm32cubeide/plugins/com.st.stm32cube.ide.mcu.externaltools.gnu-tools-for-stm32.10.3-2021.10.win32_1.0.0.202111181127/tools/bin/../lib/gcc/arm-none-eabi/10.3.1/thumb/v6-m/nofp\libgcc.a(floatsidf.o)
                0x0000000008001918                __aeabi_i2d
 .text          0x0000000008001978       0x4c c:/st/stm32cubeide_1.9.0/stm32cubeide/plugins/com.st.stm32cube.ide.mcu.externaltools.gnu-tools-for-stm32.10.3-2021.10.win32_1.0.0.202111181127/tools/bin/../lib/gcc/arm-none-eabi/10.3.1/thumb/v6-m/nofp\libgcc.a(floatunsidf.o)
                0x0000000008001978                __aeabi_ui2d
 .text          0x00000000080019c4       0x7c c:/st/stm32cubeide_1.9.0/stm32cubeide/plugins/com.st.stm32cube.ide.mcu.externaltools.gnu-tools-for-stm32.10.3-2021.10.win32_1.0.0.202111181127/tools/bin/../lib/gcc/arm-none-eabi/10.3.1/thumb/v6-m/nofp\libgcc.a(_arm_cmpdf2.o)
                0x00000000080019c4                __aeabi_cdrcmple
                0x00000000080019d4                __aeabi_cdcmple
                0x00000000080019d4                __aeabi_cdcmpeq
                0x00000000080019e4                __aeabi_dcmpeq
                0x00000000080019f0                __aeabi_dcmplt
                0x0000000008001a04                __aeabi_dcmple
                0x0000000008001a18                __aeabi_dcmpgt
                0x0000000008001a2c                __aeabi_dcmpge
 .text          0x0000000008001a40       0x3c c:/st/stm32cubeide_1.9.0/stm32cubeide/plugins/com.st.stm32cube.ide.mcu.externaltools.gnu-tools-for-stm32.10.3-2021.10.win32_1.0.0.202111181127/tools/bin/../lib/gcc/arm-none-eabi/10.3.1/thumb/v6-m/nofp\libgcc.a(_clzsi2.o)
                0x0000000008001a40                __clzsi2
 .text          0x0000000008001a7c       0x18 c:/st/stm32cubeide_1.9.0/stm32cubeide/plugins/com.st.stm32cube.ide.mcu.externaltools.gnu-tools-for-stm32.10.3-2021.10.win32_1.0.0.202111181127/tools/bin/../lib/gcc/arm-none-eabi/10.3.1/thumb/v6-m/nofp\libgcc.a(_clzdi2.o)
                0x0000000008001a7c                __clzdi2
 .text          0x0000000008001a94       0x84 c:/st/stm32cubeide_1.9.0/stm32cubeide/plugins/com.st.stm32cube.ide.mcu.externaltools.gnu-tools-for-stm32.10.3-2021.10.win32_1.0.0.202111181127/tools/bin/../lib/gcc/arm-none-eabi/10.3.1/thumb/v6-m/nofp\libgcc.a(eqdf2.o)
                0x0000000008001a94                __nedf2
                0x0000000008001a94                __eqdf2
 .text          0x0000000008001b18       0xcc c:/st/stm32cubeide_1.9.0/stm32cubeide/plugins/com.st.stm32cube.ide.mcu.externaltools.gnu-tools-for-stm32.10.3-2021.10.win32_1.0.0.202111181127/tools/bin/../lib/gcc/arm-none-eabi/10.3.1/thumb/v6-m/nofp\libgcc.a(gedf2.o)
                0x0000000008001b18                __gedf2
                0x0000000008001b18                __gtdf2
 .text          0x0000000008001be4       0xc8 c:/st/stm32cubeide_1.9.0/stm32cubeide/plugins/com.st.stm32cube.ide.mcu.externaltools.gnu-tools-for-stm32.10.3-2021.10.win32_1.0.0.202111181127/tools/bin/../lib/gcc/arm-none-eabi/10.3.1/thumb/v6-m/nofp\libgcc.a(ledf2.o)
                0x0000000008001be4                __ledf2
                0x0000000008001be4                __ltdf2
 *(.text*)
 .text.MX_SubGHz_Phy_Init
                0x0000000008001cac        0xc ./Application/App/app_subghz_phy.o
                0x0000000008001cac                MX_SubGHz_Phy_Init
 .text.MX_SubGHz_Phy_Process
                0x0000000008001cb8        0xc ./Application/App/app_subghz_phy.o
                0x0000000008001cb8                MX_SubGHz_Phy_Process
 .text.OnledEvent
                0x0000000008001cc4       0x1c ./Application/App/subghz_phy_app.o
 .text.PingPong_Process
                0x0000000008001ce0      0x258 ./Application/App/subghz_phy_app.o
 .text.OnRxError
                0x0000000008001f38       0x30 ./Application/App/subghz_phy_app.o
 .text.OnRxTimeout
                0x0000000008001f68       0x30 ./Application/App/subghz_phy_app.o
 .text.OnTxTimeout
                0x0000000008001f98       0x30 ./Application/App/subghz_phy_app.o
 .text.OnTxDone
                0x0000000008001fc8       0x30 ./Application/App/subghz_phy_app.o
 .text.OnRxDone
                0x0000000008001ff8       0x70 ./Application/App/subghz_phy_app.o
 .text.SubghzApp_Init
                0x0000000008002068      0x100 ./Application/App/subghz_phy_app.o
                0x0000000008002068                SubghzApp_Init
 .text.MX_DMA_Init
                0x0000000008002168       0x2c ./Application/Core/dma.o
                0x0000000008002168                MX_DMA_Init
 .text.SystemClock_Config
                0x0000000008002194       0x90 ./Application/Core/main.o
                0x0000000008002194                SystemClock_Config
 .text.startup.main
                0x0000000008002224       0x14 ./Application/Core/main.o
                0x0000000008002224                main
 .text.Error_Handler
                0x0000000008002238        0x2 ./Application/Core/main.o
                0x0000000008002238                Error_Handler
 *fill*         0x000000000800223a        0x2 
 .text.MX_RTC_Init
                0x000000000800223c       0xc4 ./Application/Core/rtc.o
                0x000000000800223c                MX_RTC_Init
 .text.HAL_RTC_MspInit
                0x0000000008002300       0x58 ./Application/Core/rtc.o
                0x0000000008002300                HAL_RTC_MspInit
 .text.RTC_IF_GetTimerContext
                0x0000000008002358        0xc ./Application/Core/rtc_if.o
                0x0000000008002358                RTC_IF_GetTimerContext
 .text.RTC_IF_GetMinimumTimeout
                0x0000000008002364        0x4 ./Application/Core/rtc_if.o
                0x0000000008002364                RTC_IF_GetMinimumTimeout
 .text.RTC_IF_Convert_ms2Tick
                0x0000000008002368       0x10 ./Application/Core/rtc_if.o
                0x0000000008002368                RTC_IF_Convert_ms2Tick
 .text.RTC_IF_Convert_Tick2ms
                0x0000000008002378       0x14 ./Application/Core/rtc_if.o
                0x0000000008002378                RTC_IF_Convert_Tick2ms
 .text.RTC_IF_StopTimer
                0x000000000800238c       0x24 ./Application/Core/rtc_if.o
                0x000000000800238c                RTC_IF_StopTimer
 .text.RTC_GetCalendarValue
                0x00000000080023b0       0xb4 ./Application/Core/rtc_if.o
 .text.RTC_IF_SetTimerContext
                0x0000000008002464       0x18 ./Application/Core/rtc_if.o
                0x0000000008002464                RTC_IF_SetTimerContext
 .text.RTC_IF_GetTimerElapsedTime
                0x000000000800247c       0x18 ./Application/Core/rtc_if.o
                0x000000000800247c                RTC_IF_GetTimerElapsedTime
 .text.RTC_IF_StartTimer
                0x0000000008002494      0x13c ./Application/Core/rtc_if.o
                0x0000000008002494                RTC_IF_StartTimer
 .text.RTC_IF_GetTime
                0x00000000080025d0       0x28 ./Application/Core/rtc_if.o
                0x00000000080025d0                RTC_IF_GetTime
 .text.RTC_IF_BkUp_Write_Seconds
                0x00000000080025f8       0x14 ./Application/Core/rtc_if.o
                0x00000000080025f8                RTC_IF_BkUp_Write_Seconds
 .text.RTC_IF_BkUp_Write_SubSeconds
                0x000000000800260c       0x14 ./Application/Core/rtc_if.o
                0x000000000800260c                RTC_IF_BkUp_Write_SubSeconds
 .text.RTC_IF_BkUp_Read_Seconds
                0x0000000008002620       0x10 ./Application/Core/rtc_if.o
                0x0000000008002620                RTC_IF_BkUp_Read_Seconds
 .text.RTC_IF_BkUp_Read_SubSeconds
                0x0000000008002630       0x10 ./Application/Core/rtc_if.o
                0x0000000008002630                RTC_IF_BkUp_Read_SubSeconds
 .text.RTC_IF_Init
                0x0000000008002640       0x50 ./Application/Core/rtc_if.o
                0x0000000008002640                RTC_IF_Init
 .text.RTC_IF_GetTimerValue
                0x0000000008002690       0x20 ./Application/Core/rtc_if.o
                0x0000000008002690                RTC_IF_GetTimerValue
 .text.RTC_IF_DelayMs
                0x00000000080026b0       0x26 ./Application/Core/rtc_if.o
                0x00000000080026b0                RTC_IF_DelayMs
 .text.HAL_RTC_AlarmAEventCallback
                0x00000000080026d6        0x8 ./Application/Core/rtc_if.o
                0x00000000080026d6                HAL_RTC_AlarmAEventCallback
 .text.PWR_EnterOffMode
                0x00000000080026de        0x2 ./Application/Core/stm32_lpm_if.o
                0x00000000080026de                PWR_EnterOffMode
 .text.PWR_EnterStopMode
                0x00000000080026e0       0x28 ./Application/Core/stm32_lpm_if.o
                0x00000000080026e0                PWR_EnterStopMode
 .text.PWR_ExitStopMode
                0x0000000008002708       0x50 ./Application/Core/stm32_lpm_if.o
                0x0000000008002708                PWR_ExitStopMode
 .text.PWR_EnterSleepMode
                0x0000000008002758        0xc ./Application/Core/stm32_lpm_if.o
                0x0000000008002758                PWR_EnterSleepMode
 .text.PWR_ExitSleepMode
                0x0000000008002764        0x2 ./Application/Core/stm32_lpm_if.o
                0x0000000008002764                PWR_ExitSleepMode
 .text.PWR_ExitOffMode
                0x0000000008002766        0x2 ./Application/Core/stm32_lpm_if.o
                0x0000000008002766                PWR_ExitOffMode
 .text.HAL_MspInit
                0x0000000008002768       0x30 ./Application/Core/stm32l0xx_hal_msp.o
                0x0000000008002768                HAL_MspInit
 .text.NMI_Handler
                0x0000000008002798        0x2 ./Application/Core/stm32l0xx_it.o
                0x0000000008002798                NMI_Handler
 .text.HardFault_Handler
                0x000000000800279a        0x4 ./Application/Core/stm32l0xx_it.o
                0x000000000800279a                HardFault_Handler
 .text.SVC_Handler
                0x000000000800279e        0x2 ./Application/Core/stm32l0xx_it.o
                0x000000000800279e                SVC_Handler
 .text.PendSV_Handler
                0x00000000080027a0        0x2 ./Application/Core/stm32l0xx_it.o
                0x00000000080027a0                PendSV_Handler
 .text.SysTick_Handler
                0x00000000080027a2        0x8 ./Application/Core/stm32l0xx_it.o
                0x00000000080027a2                SysTick_Handler
 *fill*         0x00000000080027aa        0x2 
 .text.EXTI0_1_IRQHandler
                0x00000000080027ac       0x18 ./Application/Core/stm32l0xx_it.o
                0x00000000080027ac                EXTI0_1_IRQHandler
 .text.EXTI2_3_IRQHandler
                0x00000000080027c4        0x2 ./Application/Core/stm32l0xx_it.o
                0x00000000080027c4                EXTI2_3_IRQHandler
 *fill*         0x00000000080027c6        0x2 
 .text.EXTI4_15_IRQHandler
                0x00000000080027c8       0x18 ./Application/Core/stm32l0xx_it.o
                0x00000000080027c8                EXTI4_15_IRQHandler
 .text.DMA1_Channel4_5_6_7_IRQHandler
                0x00000000080027e0       0x10 ./Application/Core/stm32l0xx_it.o
                0x00000000080027e0                DMA1_Channel4_5_6_7_IRQHandler
 .text.USART2_IRQHandler
                0x00000000080027f0       0x10 ./Application/Core/stm32l0xx_it.o
                0x00000000080027f0                USART2_IRQHandler
 .text.RTC_IRQHandler
                0x0000000008002800       0x10 ./Application/Core/stm32l0xx_it.o
                0x0000000008002800                RTC_IRQHandler
 .text.tiny_snprintf_like.constprop.0
                0x0000000008002810       0x1c ./Application/Core/sys_app.o
 .text.TimestampNow
                0x000000000800282c       0x30 ./Application/Core/sys_app.o
 .text.SystemApp_Init
                0x000000000800285c       0xe4 ./Application/Core/sys_app.o
                0x000000000800285c                SystemApp_Init
 .text.UTIL_SEQ_Idle
                0x0000000008002940        0x8 ./Application/Core/sys_app.o
                0x0000000008002940                UTIL_SEQ_Idle
 .text.UTIL_ADV_TRACE_PreSendHook
                0x0000000008002948        0xc ./Application/Core/sys_app.o
                0x0000000008002948                UTIL_ADV_TRACE_PreSendHook
 .text.UTIL_ADV_TRACE_PostSendHook
                0x0000000008002954        0xc ./Application/Core/sys_app.o
                0x0000000008002954                UTIL_ADV_TRACE_PostSendHook
 .text.HAL_InitTick
                0x0000000008002960        0x4 ./Application/Core/sys_app.o
                0x0000000008002960                HAL_InitTick
 .text.HAL_GetTick
                0x0000000008002964        0x8 ./Application/Core/sys_app.o
                0x0000000008002964                HAL_GetTick
 .text.HAL_Delay
                0x000000000800296c        0xc ./Application/Core/sys_app.o
                0x000000000800296c                HAL_Delay
 .text.DBG_Init
                0x0000000008002978       0x64 ./Application/Core/sys_debug.o
                0x0000000008002978                DBG_Init
 .text.MX_USART2_Init
                0x00000000080029dc       0x34 ./Application/Core/usart.o
                0x00000000080029dc                MX_USART2_Init
 .text.HAL_UART_MspInit
                0x0000000008002a10      0x108 ./Application/Core/usart.o
                0x0000000008002a10                HAL_UART_MspInit
 .text.HAL_UART_MspDeInit
                0x0000000008002b18       0x3c ./Application/Core/usart.o
                0x0000000008002b18                HAL_UART_MspDeInit
 .text.vcom_Init
                0x0000000008002b54       0x18 ./Application/Core/usart_if.o
                0x0000000008002b54                vcom_Init
 .text.vcom_DeInit
                0x0000000008002b6c       0x34 ./Application/Core/usart_if.o
                0x0000000008002b6c                vcom_DeInit
 .text.vcom_Trace_DMA
                0x0000000008002ba0       0x14 ./Application/Core/usart_if.o
                0x0000000008002ba0                vcom_Trace_DMA
 .text.vcom_ReceiveInit
                0x0000000008002bb4       0x50 ./Application/Core/usart_if.o
                0x0000000008002bb4                vcom_ReceiveInit
 .text.HAL_UART_TxCpltCallback
                0x0000000008002c04       0x10 ./Application/Core/usart_if.o
                0x0000000008002c04                HAL_UART_TxCpltCallback
 .text.HAL_UART_RxCpltCallback
                0x0000000008002c14       0x30 ./Application/Core/usart_if.o
                0x0000000008002c14                HAL_UART_RxCpltCallback
 .text.Reset_Handler
                0x0000000008002c44       0x50 ./Application/SW4STM32/startup_stm32l072xx.o
                0x0000000008002c44                Reset_Handler
 .text.Default_Handler
                0x0000000008002c94        0x2 ./Application/SW4STM32/startup_stm32l072xx.o
                0x0000000008002c94                TSC_IRQHandler
                0x0000000008002c94                ADC1_COMP_IRQHandler
                0x0000000008002c94                PVD_IRQHandler
                0x0000000008002c94                I2C1_IRQHandler
                0x0000000008002c94                RCC_CRS_IRQHandler
                0x0000000008002c94                SPI1_IRQHandler
                0x0000000008002c94                TIM6_DAC_IRQHandler
                0x0000000008002c94                I2C2_IRQHandler
                0x0000000008002c94                TIM3_IRQHandler
                0x0000000008002c94                DMA1_Channel1_IRQHandler
                0x0000000008002c94                USART4_5_IRQHandler
                0x0000000008002c94                Default_Handler
                0x0000000008002c94                TIM22_IRQHandler
                0x0000000008002c94                TIM7_IRQHandler
                0x0000000008002c94                USB_IRQHandler
                0x0000000008002c94                I2C3_IRQHandler
                0x0000000008002c94                SPI2_IRQHandler
                0x0000000008002c94                TIM21_IRQHandler
                0x0000000008002c94                WWDG_IRQHandler
                0x0000000008002c94                TIM2_IRQHandler
                0x0000000008002c94                DMA1_Channel2_3_IRQHandler
                0x0000000008002c94                FLASH_IRQHandler
                0x0000000008002c94                USART1_IRQHandler
                0x0000000008002c94                RNG_LPUART1_IRQHandler
                0x0000000008002c94                LPTIM1_IRQHandler
 *fill*         0x0000000008002c96        0x2 
 .text.BSP_SPI1_SendRecv
                0x0000000008002c98       0x28 ./Application/Target/b_l072z_lrwan1_bus.o
                0x0000000008002c98                BSP_SPI1_SendRecv
 .text.MX_SPI1_Init
                0x0000000008002cc0       0x60 ./Application/Target/b_l072z_lrwan1_bus.o
                0x0000000008002cc0                MX_SPI1_Init
 .text.BSP_SPI1_Init
                0x0000000008002d20       0x80 ./Application/Target/b_l072z_lrwan1_bus.o
                0x0000000008002d20                BSP_SPI1_Init
 .text.BSP_LED_Init
                0x0000000008002da0       0x84 ./Drivers/BSP/B-L072Z-LRWAN1/b-l072z-lrwan1.o
                0x0000000008002da0                BSP_LED_Init
 .text.BSP_LED_Off
                0x0000000008002e24       0x20 ./Drivers/BSP/B-L072Z-LRWAN1/b-l072z-lrwan1.o
                0x0000000008002e24                BSP_LED_Off
 .text.BSP_LED_Toggle
                0x0000000008002e44       0x1c ./Drivers/BSP/B-L072Z-LRWAN1/b-l072z-lrwan1.o
                0x0000000008002e44                BSP_LED_Toggle
 .text.CMWX1ZZABZ0XX_RADIO_GetWakeUpTime
                0x0000000008002e60        0x4 ./Drivers/BSP/CMWX1ZZABZ_0xx/cmwx1zzabz_0xx.o
                0x0000000008002e60                CMWX1ZZABZ0XX_RADIO_GetWakeUpTime
 .text.CMWX1ZZABZ0XX_RADIO_SetXO
                0x0000000008002e64       0x2c ./Drivers/BSP/CMWX1ZZABZ_0xx/cmwx1zzabz_0xx.o
                0x0000000008002e64                CMWX1ZZABZ0XX_RADIO_SetXO
 .text.CMWX1ZZABZ0XX_RADIO_IoInit
                0x0000000008002e90      0x1b4 ./Drivers/BSP/CMWX1ZZABZ_0xx/cmwx1zzabz_0xx.o
                0x0000000008002e90                CMWX1ZZABZ0XX_RADIO_IoInit
 .text.CMWX1ZZABZ0XX_RADIO_IoDeInit
                0x0000000008003044       0xb0 ./Drivers/BSP/CMWX1ZZABZ_0xx/cmwx1zzabz_0xx.o
                0x0000000008003044                CMWX1ZZABZ0XX_RADIO_IoDeInit
 .text.CMWX1ZZABZ0XX_RADIO_IoIrqInit
                0x00000000080030f4       0x5c ./Drivers/BSP/CMWX1ZZABZ_0xx/cmwx1zzabz_0xx.o
                0x00000000080030f4                CMWX1ZZABZ0XX_RADIO_IoIrqInit
 .text.CMWX1ZZABZ0XX_RADIO_GetPaSelect
                0x0000000008003150        0x4 ./Drivers/BSP/CMWX1ZZABZ_0xx/cmwx1zzabz_0xx.o
                0x0000000008003150                CMWX1ZZABZ0XX_RADIO_GetPaSelect
 .text.CMWX1ZZABZ0XX_RADIO_SetAntSw
                0x0000000008003154       0x4c ./Drivers/BSP/CMWX1ZZABZ_0xx/cmwx1zzabz_0xx.o
                0x0000000008003154                CMWX1ZZABZ0XX_RADIO_SetAntSw
 .text.CMWX1ZZABZ0XX_RADIO_CheckRfFrequency
                0x00000000080031a0        0x4 ./Drivers/BSP/CMWX1ZZABZ_0xx/cmwx1zzabz_0xx.o
                0x00000000080031a0                CMWX1ZZABZ0XX_RADIO_CheckRfFrequency
 .text.CMWX1ZZABZ0XX_RADIO_Reset
                0x00000000080031a4       0x4c ./Drivers/BSP/CMWX1ZZABZ_0xx/cmwx1zzabz_0xx.o
                0x00000000080031a4                CMWX1ZZABZ0XX_RADIO_Reset
 .text.CMWX1ZZABZ0XX_RADIO_Bus_Init
                0x00000000080031f0        0x8 ./Drivers/BSP/CMWX1ZZABZ_0xx/cmwx1zzabz_0xx.o
                0x00000000080031f0                CMWX1ZZABZ0XX_RADIO_Bus_Init
 .text.CMWX1ZZABZ0XX_RADIO_SendRecv
                0x00000000080031f8       0x1c ./Drivers/BSP/CMWX1ZZABZ_0xx/cmwx1zzabz_0xx.o
                0x00000000080031f8                CMWX1ZZABZ0XX_RADIO_SendRecv
 .text.CMWX1ZZABZ0XX_RADIO_ChipSelect
                0x0000000008003214       0x1a ./Drivers/BSP/CMWX1ZZABZ_0xx/cmwx1zzabz_0xx.o
                0x0000000008003214                CMWX1ZZABZ0XX_RADIO_ChipSelect
 *fill*         0x000000000800322e        0x2 
 .text.CMWX1ZZABZ0XX_RADIO_GetDio1PinState
                0x0000000008003230       0x10 ./Drivers/BSP/CMWX1ZZABZ_0xx/cmwx1zzabz_0xx.o
                0x0000000008003230                CMWX1ZZABZ0XX_RADIO_GetDio1PinState
 .text.SystemInit
                0x0000000008003240       0x5c ./Drivers/CMSIS/system_stm32l0xx.o
                0x0000000008003240                SystemInit
 .text.HAL_Init
                0x000000000800329c       0x28 ./Drivers/STM32L0xx_HAL_Driver/stm32l0xx_hal.o
                0x000000000800329c                HAL_Init
 .text.HAL_IncTick
                0x00000000080032c4       0x18 ./Drivers/STM32L0xx_HAL_Driver/stm32l0xx_hal.o
                0x00000000080032c4                HAL_IncTick
 .text.HAL_DBGMCU_DisableDBGSleepMode
                0x00000000080032dc       0x10 ./Drivers/STM32L0xx_HAL_Driver/stm32l0xx_hal.o
                0x00000000080032dc                HAL_DBGMCU_DisableDBGSleepMode
 .text.HAL_DBGMCU_DisableDBGStopMode
                0x00000000080032ec       0x10 ./Drivers/STM32L0xx_HAL_Driver/stm32l0xx_hal.o
                0x00000000080032ec                HAL_DBGMCU_DisableDBGStopMode
 .text.HAL_DBGMCU_DisableDBGStandbyMode
                0x00000000080032fc       0x10 ./Drivers/STM32L0xx_HAL_Driver/stm32l0xx_hal.o
                0x00000000080032fc                HAL_DBGMCU_DisableDBGStandbyMode
 .text.HAL_NVIC_SetPriority
                0x000000000800330c       0x54 ./Drivers/STM32L0xx_HAL_Driver/stm32l0xx_hal_cortex.o
                0x000000000800330c                HAL_NVIC_SetPriority
 .text.HAL_NVIC_EnableIRQ
                0x0000000008003360       0x18 ./Drivers/STM32L0xx_HAL_Driver/stm32l0xx_hal_cortex.o
                0x0000000008003360                HAL_NVIC_EnableIRQ
 .text.HAL_NVIC_DisableIRQ
                0x0000000008003378       0x20 ./Drivers/STM32L0xx_HAL_Driver/stm32l0xx_hal_cortex.o
                0x0000000008003378                HAL_NVIC_DisableIRQ
 .text.HAL_DMA_Init
                0x0000000008003398       0x88 ./Drivers/STM32L0xx_HAL_Driver/stm32l0xx_hal_dma.o
                0x0000000008003398                HAL_DMA_Init
 .text.HAL_DMA_DeInit
                0x0000000008003420       0x60 ./Drivers/STM32L0xx_HAL_Driver/stm32l0xx_hal_dma.o
                0x0000000008003420                HAL_DMA_DeInit
 .text.HAL_DMA_Start_IT
                0x0000000008003480       0x80 ./Drivers/STM32L0xx_HAL_Driver/stm32l0xx_hal_dma.o
                0x0000000008003480                HAL_DMA_Start_IT
 .text.HAL_DMA_Abort
                0x0000000008003500       0x40 ./Drivers/STM32L0xx_HAL_Driver/stm32l0xx_hal_dma.o
                0x0000000008003500                HAL_DMA_Abort
 .text.HAL_DMA_Abort_IT
                0x0000000008003540       0x4a ./Drivers/STM32L0xx_HAL_Driver/stm32l0xx_hal_dma.o
                0x0000000008003540                HAL_DMA_Abort_IT
 .text.HAL_DMA_IRQHandler
                0x000000000800358a       0x96 ./Drivers/STM32L0xx_HAL_Driver/stm32l0xx_hal_dma.o
                0x000000000800358a                HAL_DMA_IRQHandler
 .text.HAL_EXTI_RegisterCallback
                0x0000000008003620        0xe ./Drivers/STM32L0xx_HAL_Driver/stm32l0xx_hal_exti.o
                0x0000000008003620                HAL_EXTI_RegisterCallback
 .text.HAL_EXTI_GetHandle
                0x000000000800362e        0xe ./Drivers/STM32L0xx_HAL_Driver/stm32l0xx_hal_exti.o
                0x000000000800362e                HAL_EXTI_GetHandle
 .text.HAL_EXTI_IRQHandler
                0x000000000800363c       0x24 ./Drivers/STM32L0xx_HAL_Driver/stm32l0xx_hal_exti.o
                0x000000000800363c                HAL_EXTI_IRQHandler
 .text.HAL_GPIO_Init
                0x0000000008003660      0x18c ./Drivers/STM32L0xx_HAL_Driver/stm32l0xx_hal_gpio.o
                0x0000000008003660                HAL_GPIO_Init
 .text.HAL_GPIO_DeInit
                0x00000000080037ec      0x100 ./Drivers/STM32L0xx_HAL_Driver/stm32l0xx_hal_gpio.o
                0x00000000080037ec                HAL_GPIO_DeInit
 .text.HAL_GPIO_ReadPin
                0x00000000080038ec        0xc ./Drivers/STM32L0xx_HAL_Driver/stm32l0xx_hal_gpio.o
                0x00000000080038ec                HAL_GPIO_ReadPin
 .text.HAL_GPIO_WritePin
                0x00000000080038f8        0xc ./Drivers/STM32L0xx_HAL_Driver/stm32l0xx_hal_gpio.o
                0x00000000080038f8                HAL_GPIO_WritePin
 .text.HAL_GPIO_TogglePin
                0x0000000008003904       0x10 ./Drivers/STM32L0xx_HAL_Driver/stm32l0xx_hal_gpio.o
                0x0000000008003904                HAL_GPIO_TogglePin
 .text.HAL_PWR_DisablePVD
                0x0000000008003914       0x10 ./Drivers/STM32L0xx_HAL_Driver/stm32l0xx_hal_pwr.o
                0x0000000008003914                HAL_PWR_DisablePVD
 .text.HAL_PWR_EnterSLEEPMode
                0x0000000008003924       0x70 ./Drivers/STM32L0xx_HAL_Driver/stm32l0xx_hal_pwr.o
                0x0000000008003924                HAL_PWR_EnterSLEEPMode
 .text.HAL_PWR_EnterSTOPMode
                0x0000000008003994       0x78 ./Drivers/STM32L0xx_HAL_Driver/stm32l0xx_hal_pwr.o
                0x0000000008003994                HAL_PWR_EnterSTOPMode
 .text.HAL_PWREx_EnableFastWakeUp
                0x0000000008003a0c       0x14 ./Drivers/STM32L0xx_HAL_Driver/stm32l0xx_hal_pwr_ex.o
                0x0000000008003a0c                HAL_PWREx_EnableFastWakeUp
 .text.HAL_PWREx_EnableUltraLowPower
                0x0000000008003a20       0x14 ./Drivers/STM32L0xx_HAL_Driver/stm32l0xx_hal_pwr_ex.o
                0x0000000008003a20                HAL_PWREx_EnableUltraLowPower
 .text.HAL_RCC_GetSysClockFreq
                0x0000000008003a34       0x90 ./Drivers/STM32L0xx_HAL_Driver/stm32l0xx_hal_rcc.o
                0x0000000008003a34                HAL_RCC_GetSysClockFreq
 .text.HAL_RCC_OscConfig
                0x0000000008003ac4      0x514 ./Drivers/STM32L0xx_HAL_Driver/stm32l0xx_hal_rcc.o
                0x0000000008003ac4                HAL_RCC_OscConfig
 .text.HAL_RCC_ClockConfig
                0x0000000008003fd8      0x19c ./Drivers/STM32L0xx_HAL_Driver/stm32l0xx_hal_rcc.o
                0x0000000008003fd8                HAL_RCC_ClockConfig
 .text.HAL_RCC_GetPCLK1Freq
                0x0000000008004174       0x20 ./Drivers/STM32L0xx_HAL_Driver/stm32l0xx_hal_rcc.o
                0x0000000008004174                HAL_RCC_GetPCLK1Freq
 .text.HAL_RCC_GetPCLK2Freq
                0x0000000008004194       0x20 ./Drivers/STM32L0xx_HAL_Driver/stm32l0xx_hal_rcc.o
                0x0000000008004194                HAL_RCC_GetPCLK2Freq
 .text.HAL_RCCEx_PeriphCLKConfig
                0x00000000080041b4      0x1bc ./Drivers/STM32L0xx_HAL_Driver/stm32l0xx_hal_rcc_ex.o
                0x00000000080041b4                HAL_RCCEx_PeriphCLKConfig
 .text.HAL_RTC_DeactivateAlarm
                0x0000000008004370       0xc4 ./Drivers/STM32L0xx_HAL_Driver/stm32l0xx_hal_rtc.o
                0x0000000008004370                HAL_RTC_DeactivateAlarm
 .text.HAL_RTC_AlarmIRQHandler
                0x0000000008004434       0x60 ./Drivers/STM32L0xx_HAL_Driver/stm32l0xx_hal_rtc.o
                0x0000000008004434                HAL_RTC_AlarmIRQHandler
 .text.HAL_RTC_WaitForSynchro
                0x0000000008004494       0x34 ./Drivers/STM32L0xx_HAL_Driver/stm32l0xx_hal_rtc.o
                0x0000000008004494                HAL_RTC_WaitForSynchro
 .text.RTC_EnterInitMode
                0x00000000080044c8       0x38 ./Drivers/STM32L0xx_HAL_Driver/stm32l0xx_hal_rtc.o
                0x00000000080044c8                RTC_EnterInitMode
 .text.HAL_RTC_Init
                0x0000000008004500       0xb8 ./Drivers/STM32L0xx_HAL_Driver/stm32l0xx_hal_rtc.o
                0x0000000008004500                HAL_RTC_Init
 .text.RTC_ByteToBcd2
                0x00000000080045b8       0x16 ./Drivers/STM32L0xx_HAL_Driver/stm32l0xx_hal_rtc.o
                0x00000000080045b8                RTC_ByteToBcd2
 *fill*         0x00000000080045ce        0x2 
 .text.HAL_RTC_SetTime
                0x00000000080045d0      0x108 ./Drivers/STM32L0xx_HAL_Driver/stm32l0xx_hal_rtc.o
                0x00000000080045d0                HAL_RTC_SetTime
 .text.HAL_RTC_SetDate
                0x00000000080046d8       0xd8 ./Drivers/STM32L0xx_HAL_Driver/stm32l0xx_hal_rtc.o
                0x00000000080046d8                HAL_RTC_SetDate
 .text.HAL_RTC_SetAlarm_IT
                0x00000000080047b0      0x1ac ./Drivers/STM32L0xx_HAL_Driver/stm32l0xx_hal_rtc.o
                0x00000000080047b0                HAL_RTC_SetAlarm_IT
 .text.RTC_Bcd2ToByte
                0x000000000800495c       0x12 ./Drivers/STM32L0xx_HAL_Driver/stm32l0xx_hal_rtc.o
                0x000000000800495c                RTC_Bcd2ToByte
 *fill*         0x000000000800496e        0x2 
 .text.HAL_RTC_GetTime
                0x0000000008004970       0x54 ./Drivers/STM32L0xx_HAL_Driver/stm32l0xx_hal_rtc.o
                0x0000000008004970                HAL_RTC_GetTime
 .text.HAL_RTC_GetDate
                0x00000000080049c4       0x44 ./Drivers/STM32L0xx_HAL_Driver/stm32l0xx_hal_rtc.o
                0x00000000080049c4                HAL_RTC_GetDate
 .text.HAL_RTCEx_BKUPWrite
                0x0000000008004a08        0xc ./Drivers/STM32L0xx_HAL_Driver/stm32l0xx_hal_rtc_ex.o
                0x0000000008004a08                HAL_RTCEx_BKUPWrite
 .text.HAL_RTCEx_BKUPRead
                0x0000000008004a14        0xc ./Drivers/STM32L0xx_HAL_Driver/stm32l0xx_hal_rtc_ex.o
                0x0000000008004a14                HAL_RTCEx_BKUPRead
 .text.HAL_RTCEx_EnableBypassShadow
                0x0000000008004a20       0x34 ./Drivers/STM32L0xx_HAL_Driver/stm32l0xx_hal_rtc_ex.o
                0x0000000008004a20                HAL_RTCEx_EnableBypassShadow
 .text.HAL_RTCEx_AlarmBEventCallback
                0x0000000008004a54        0x2 ./Drivers/STM32L0xx_HAL_Driver/stm32l0xx_hal_rtc_ex.o
                0x0000000008004a54                HAL_RTCEx_AlarmBEventCallback
 *fill*         0x0000000008004a56        0x2 
 .text.SPI_WaitFlagStateUntilTimeout.constprop.0
                0x0000000008004a58       0xb8 ./Drivers/STM32L0xx_HAL_Driver/stm32l0xx_hal_spi.o
 .text.SPI_EndRxTxTransaction
                0x0000000008004b10       0x64 ./Drivers/STM32L0xx_HAL_Driver/stm32l0xx_hal_spi.o
 .text.HAL_SPI_MspInit
                0x0000000008004b74        0x2 ./Drivers/STM32L0xx_HAL_Driver/stm32l0xx_hal_spi.o
                0x0000000008004b74                HAL_SPI_MspInit
 *fill*         0x0000000008004b76        0x2 
 .text.HAL_SPI_Init
                0x0000000008004b78       0xc4 ./Drivers/STM32L0xx_HAL_Driver/stm32l0xx_hal_spi.o
                0x0000000008004b78                HAL_SPI_Init
 .text.HAL_SPI_TransmitReceive
                0x0000000008004c3c      0x1f4 ./Drivers/STM32L0xx_HAL_Driver/stm32l0xx_hal_spi.o
                0x0000000008004c3c                HAL_SPI_TransmitReceive
 .text.HAL_SPI_GetState
                0x0000000008004e30        0x8 ./Drivers/STM32L0xx_HAL_Driver/stm32l0xx_hal_spi.o
                0x0000000008004e30                HAL_SPI_GetState
 .text.UART_EndRxTransfer
                0x0000000008004e38       0x34 ./Drivers/STM32L0xx_HAL_Driver/stm32l0xx_hal_uart.o
 .text.HAL_UART_Transmit_DMA
                0x0000000008004e6c       0xa8 ./Drivers/STM32L0xx_HAL_Driver/stm32l0xx_hal_uart.o
                0x0000000008004e6c                HAL_UART_Transmit_DMA
 .text.UART_DMATransmitCplt
                0x0000000008004f14       0x34 ./Drivers/STM32L0xx_HAL_Driver/stm32l0xx_hal_uart.o
 .text.HAL_UART_TxHalfCpltCallback
                0x0000000008004f48        0x2 ./Drivers/STM32L0xx_HAL_Driver/stm32l0xx_hal_uart.o
                0x0000000008004f48                HAL_UART_TxHalfCpltCallback
 .text.UART_DMATxHalfCplt
                0x0000000008004f4a        0xa ./Drivers/STM32L0xx_HAL_Driver/stm32l0xx_hal_uart.o
 .text.HAL_UART_ErrorCallback
                0x0000000008004f54        0x2 ./Drivers/STM32L0xx_HAL_Driver/stm32l0xx_hal_uart.o
                0x0000000008004f54                HAL_UART_ErrorCallback
 .text.UART_DMAError
                0x0000000008004f56       0x52 ./Drivers/STM32L0xx_HAL_Driver/stm32l0xx_hal_uart.o
 .text.UART_DMAAbortOnError
                0x0000000008004fa8       0x16 ./Drivers/STM32L0xx_HAL_Driver/stm32l0xx_hal_uart.o
 .text.HAL_UARTEx_RxEventCallback
                0x0000000008004fbe        0x2 ./Drivers/STM32L0xx_HAL_Driver/stm32l0xx_hal_uart.o
                0x0000000008004fbe                HAL_UARTEx_RxEventCallback
 .text.HAL_UART_IRQHandler
                0x0000000008004fc0      0x230 ./Drivers/STM32L0xx_HAL_Driver/stm32l0xx_hal_uart.o
                0x0000000008004fc0                HAL_UART_IRQHandler
 .text.UART_RxISR_8BIT
                0x00000000080051f0       0x84 ./Drivers/STM32L0xx_HAL_Driver/stm32l0xx_hal_uart.o
 .text.UART_RxISR_16BIT
                0x0000000008005274       0x80 ./Drivers/STM32L0xx_HAL_Driver/stm32l0xx_hal_uart.o
 .text.UART_SetConfig
                0x00000000080052f4      0x238 ./Drivers/STM32L0xx_HAL_Driver/stm32l0xx_hal_uart.o
                0x00000000080052f4                UART_SetConfig
 .text.UART_AdvFeatureConfig
                0x000000000800552c       0xd0 ./Drivers/STM32L0xx_HAL_Driver/stm32l0xx_hal_uart.o
                0x000000000800552c                UART_AdvFeatureConfig
 .text.UART_WaitOnFlagUntilTimeout
                0x00000000080055fc       0x90 ./Drivers/STM32L0xx_HAL_Driver/stm32l0xx_hal_uart.o
                0x00000000080055fc                UART_WaitOnFlagUntilTimeout
 .text.UART_CheckIdleState
                0x000000000800568c       0x64 ./Drivers/STM32L0xx_HAL_Driver/stm32l0xx_hal_uart.o
                0x000000000800568c                UART_CheckIdleState
 .text.HAL_UART_Init
                0x00000000080056f0       0x64 ./Drivers/STM32L0xx_HAL_Driver/stm32l0xx_hal_uart.o
                0x00000000080056f0                HAL_UART_Init
 .text.UART_Start_Receive_IT
                0x0000000008005754       0x94 ./Drivers/STM32L0xx_HAL_Driver/stm32l0xx_hal_uart.o
                0x0000000008005754                UART_Start_Receive_IT
 .text.HAL_UART_Receive_IT
                0x00000000080057e8       0x68 ./Drivers/STM32L0xx_HAL_Driver/stm32l0xx_hal_uart.o
                0x00000000080057e8                HAL_UART_Receive_IT
 .text.HAL_UARTEx_WakeupCallback
                0x0000000008005850        0x2 ./Drivers/STM32L0xx_HAL_Driver/stm32l0xx_hal_uart_ex.o
                0x0000000008005850                HAL_UARTEx_WakeupCallback
 *fill*         0x0000000008005852        0x2 
 .text.HAL_UARTEx_StopModeWakeUpSourceConfig
                0x0000000008005854       0x90 ./Drivers/STM32L0xx_HAL_Driver/stm32l0xx_hal_uart_ex.o
                0x0000000008005854                HAL_UARTEx_StopModeWakeUpSourceConfig
 .text.HAL_UARTEx_EnableStopMode
                0x00000000080058e4       0x20 ./Drivers/STM32L0xx_HAL_Driver/stm32l0xx_hal_uart_ex.o
                0x00000000080058e4                HAL_UARTEx_EnableStopMode
 .text.SX1276GetStatus
                0x0000000008005904        0xc ./Middlewares/SubGHz_Phy/sx1276.o
                0x0000000008005904                SX1276GetStatus
 .text.GetFskBandwidthRegValue
                0x0000000008005910       0x2c ./Middlewares/SubGHz_Phy/sx1276.o
 .text.SX1276GetTimeOnAir
                0x000000000800593c       0xec ./Middlewares/SubGHz_Phy/sx1276.o
                0x000000000800593c                SX1276GetTimeOnAir
 .text.SX1276GetWakeupTime
                0x0000000008005a28        0xa ./Middlewares/SubGHz_Phy/sx1276.o
                0x0000000008005a28                SX1276GetWakeupTime
 .text.SX1276WriteBuffer
                0x0000000008005a32       0x30 ./Middlewares/SubGHz_Phy/sx1276.o
                0x0000000008005a32                SX1276WriteBuffer
 .text.SX1276Write
                0x0000000008005a62       0x12 ./Middlewares/SubGHz_Phy/sx1276.o
                0x0000000008005a62                SX1276Write
 .text.SX1276SetChannel
                0x0000000008005a74       0x54 ./Middlewares/SubGHz_Phy/sx1276.o
                0x0000000008005a74                SX1276SetChannel
 .text.SX1276ReadBuffer
                0x0000000008005ac8       0x30 ./Middlewares/SubGHz_Phy/sx1276.o
                0x0000000008005ac8                SX1276ReadBuffer
 .text.SX1276Read
                0x0000000008005af8       0x12 ./Middlewares/SubGHz_Phy/sx1276.o
                0x0000000008005af8                SX1276Read
 *fill*         0x0000000008005b0a        0x2 
 .text.SX1276OnDio2Irq
                0x0000000008005b0c       0xc0 ./Middlewares/SubGHz_Phy/sx1276.o
 .text.RxChainCalibration
                0x0000000008005bcc       0x98 ./Middlewares/SubGHz_Phy/sx1276.o
 .text.SX1276OnDio4Irq
                0x0000000008005c64       0x1c ./Middlewares/SubGHz_Phy/sx1276.o
 .text.SX1276OnDio3Irq
                0x0000000008005c80       0x54 ./Middlewares/SubGHz_Phy/sx1276.o
 .text.SX1276SetOpMode.part.0
                0x0000000008005cd4       0x44 ./Middlewares/SubGHz_Phy/sx1276.o
 .text.SX1276SetStby
                0x0000000008005d18       0x30 ./Middlewares/SubGHz_Phy/sx1276.o
                0x0000000008005d18                SX1276SetStby
 .text.SX1276SetRx
                0x0000000008005d48      0x210 ./Middlewares/SubGHz_Phy/sx1276.o
                0x0000000008005d48                SX1276SetRx
 .text.SX1276StartCad
                0x0000000008005f58       0x34 ./Middlewares/SubGHz_Phy/sx1276.o
                0x0000000008005f58                SX1276StartCad
 .text.SX1276ReadRssi
                0x0000000008005f8c       0x44 ./Middlewares/SubGHz_Phy/sx1276.o
                0x0000000008005f8c                SX1276ReadRssi
 .text.SX1276SetOpMode.constprop.0
                0x0000000008005fd0       0x20 ./Middlewares/SubGHz_Phy/sx1276.o
 .text.SX1276SetModem
                0x0000000008005ff0       0x6c ./Middlewares/SubGHz_Phy/sx1276.o
                0x0000000008005ff0                SX1276SetModem
 .text.SX1276Init
                0x000000000800605c       0x9c ./Middlewares/SubGHz_Phy/sx1276.o
                0x000000000800605c                SX1276Init
 .text.SX1276SetMaxPayloadLength
                0x00000000080060f8       0x34 ./Middlewares/SubGHz_Phy/sx1276.o
                0x00000000080060f8                SX1276SetMaxPayloadLength
 .text.SX1276SetPublicNetwork
                0x000000000800612c       0x24 ./Middlewares/SubGHz_Phy/sx1276.o
                0x000000000800612c                SX1276SetPublicNetwork
 .text.SX1276SetRxConfig
                0x0000000008006150      0x310 ./Middlewares/SubGHz_Phy/sx1276.o
                0x0000000008006150                SX1276SetRxConfig
 .text.SX1276OnTimeoutIrq
                0x0000000008006460       0xb8 ./Middlewares/SubGHz_Phy/sx1276.o
 .text.SX1276SetSleep
                0x0000000008006518       0x34 ./Middlewares/SubGHz_Phy/sx1276.o
                0x0000000008006518                SX1276SetSleep
 .text.SX1276IsChannelFree
                0x000000000800654c       0x66 ./Middlewares/SubGHz_Phy/sx1276.o
                0x000000000800654c                SX1276IsChannelFree
 .text.SX1276Random
                0x00000000080065b2       0x3c ./Middlewares/SubGHz_Phy/sx1276.o
                0x00000000080065b2                SX1276Random
 *fill*         0x00000000080065ee        0x2 
 .text.SX1276SetTxConfig
                0x00000000080065f0      0x324 ./Middlewares/SubGHz_Phy/sx1276.o
                0x00000000080065f0                SX1276SetTxConfig
 .text.SX1276SetTxContinuousWave
                0x0000000008006914       0x80 ./Middlewares/SubGHz_Phy/sx1276.o
                0x0000000008006914                SX1276SetTxContinuousWave
 .text.SX1276OnDio0Irq
                0x0000000008006994      0x244 ./Middlewares/SubGHz_Phy/sx1276.o
 .text.SX1276Send
                0x0000000008006bd8      0x198 ./Middlewares/SubGHz_Phy/sx1276.o
                0x0000000008006bd8                SX1276Send
 .text.SX1276OnDio1Irq
                0x0000000008006d70       0xf4 ./Middlewares/SubGHz_Phy/sx1276.o
 .text.TRACE_AllocateBufer
                0x0000000008006e64       0x68 ./Utilities/stm32_adv_trace.o
 .text.TRACE_Lock
                0x0000000008006ecc       0x18 ./Utilities/stm32_adv_trace.o
 .text.TRACE_UnLock
                0x0000000008006ee4       0x18 ./Utilities/stm32_adv_trace.o
 .text.UTIL_ADV_TRACE_Init
                0x0000000008006efc       0x34 ./Utilities/stm32_adv_trace.o
                0x0000000008006efc                UTIL_ADV_TRACE_Init
 .text.UTIL_ADV_TRACE_RegisterTimeStampFunction
                0x0000000008006f30        0xc ./Utilities/stm32_adv_trace.o
                0x0000000008006f30                UTIL_ADV_TRACE_RegisterTimeStampFunction
 .text.UTIL_ADV_TRACE_SetVerboseLevel
                0x0000000008006f3c        0xc ./Utilities/stm32_adv_trace.o
                0x0000000008006f3c                UTIL_ADV_TRACE_SetVerboseLevel
 .text.TRACE_Send
                0x0000000008006f48       0x84 ./Utilities/stm32_adv_trace.o
 .text.UTIL_ADV_TRACE_COND_FSend
                0x0000000008006fcc       0xcc ./Utilities/stm32_adv_trace.o
                0x0000000008006fcc                UTIL_ADV_TRACE_COND_FSend
 .text.TRACE_TxCpltCallback
                0x0000000008007098       0x94 ./Utilities/stm32_adv_trace.o
 .text.UTIL_LPM_Init
                0x000000000800712c       0x10 ./Utilities/stm32_lpm.o
                0x000000000800712c                UTIL_LPM_Init
 .text.UTIL_LPM_SetStopMode
                0x000000000800713c       0x2c ./Utilities/stm32_lpm.o
                0x000000000800713c                UTIL_LPM_SetStopMode
 .text.UTIL_LPM_SetOffMode
                0x0000000008007168       0x2c ./Utilities/stm32_lpm.o
                0x0000000008007168                UTIL_LPM_SetOffMode
 .text.UTIL_LPM_GetMode
                0x0000000008007194       0x24 ./Utilities/stm32_lpm.o
                0x0000000008007194                UTIL_LPM_GetMode
 .text.UTIL_LPM_EnterLowPower
                0x00000000080071b8       0x48 ./Utilities/stm32_lpm.o
                0x00000000080071b8                UTIL_LPM_EnterLowPower
 .text.UTIL_MEM_cpy_8
                0x0000000008007200       0x12 ./Utilities/stm32_mem.o
                0x0000000008007200                UTIL_MEM_cpy_8
 .text.UTIL_MEM_set_8
                0x0000000008007212        0x8 ./Utilities/stm32_mem.o
                0x0000000008007212                UTIL_MEM_set_8
 *fill*         0x000000000800721a        0x2 
 .text.UTIL_SEQ_SetTask
                0x000000000800721c       0x24 ./Utilities/stm32_seq.o
                0x000000000800721c                UTIL_SEQ_SetTask
 .text.UTIL_SEQ_PreIdle
                0x0000000008007240        0x2 ./Utilities/stm32_seq.o
                0x0000000008007240                UTIL_SEQ_PreIdle
 .text.UTIL_SEQ_PostIdle
                0x0000000008007242        0x2 ./Utilities/stm32_seq.o
                0x0000000008007242                UTIL_SEQ_PostIdle
 .text.SEQ_BitPosition
                0x0000000008007244       0x34 ./Utilities/stm32_seq.o
                0x0000000008007244                SEQ_BitPosition
 .text.UTIL_SEQ_Run
                0x0000000008007278       0xcc ./Utilities/stm32_seq.o
                0x0000000008007278                UTIL_SEQ_Run
 .text.UTIL_SEQ_RegTask
                0x0000000008007344       0x20 ./Utilities/stm32_seq.o
                0x0000000008007344                UTIL_SEQ_RegTask
 .text.SysTimeGet
                0x0000000008007364       0x58 ./Utilities/stm32_systime.o
                0x0000000008007364                SysTimeGet
 .text.UTIL_TIMER_Init
                0x00000000080073bc       0x18 ./Utilities/stm32_timer.o
                0x00000000080073bc                UTIL_TIMER_Init
 .text.UTIL_TIMER_Create
                0x00000000080073d4       0x38 ./Utilities/stm32_timer.o
                0x00000000080073d4                UTIL_TIMER_Create
 .text.UTIL_TIMER_GetCurrentTime
                0x000000000800740c       0x14 ./Utilities/stm32_timer.o
                0x000000000800740c                UTIL_TIMER_GetCurrentTime
 .text.UTIL_TIMER_GetElapsedTime
                0x0000000008007420       0x20 ./Utilities/stm32_timer.o
                0x0000000008007420                UTIL_TIMER_GetElapsedTime
 .text.TimerExists
                0x0000000008007440       0x1c ./Utilities/stm32_timer.o
                0x0000000008007440                TimerExists
 .text.TimerSetTimeout
                0x000000000800745c       0x38 ./Utilities/stm32_timer.o
                0x000000000800745c                TimerSetTimeout
 .text.UTIL_TIMER_Stop
                0x0000000008007494       0x60 ./Utilities/stm32_timer.o
                0x0000000008007494                UTIL_TIMER_Stop
 .text.TimerInsertTimer
                0x00000000080074f4       0x2c ./Utilities/stm32_timer.o
                0x00000000080074f4                TimerInsertTimer
 .text.TimerInsertNewHeadTimer
                0x0000000008007520       0x1c ./Utilities/stm32_timer.o
                0x0000000008007520                TimerInsertNewHeadTimer
 .text.UTIL_TIMER_Start
                0x000000000800753c       0x84 ./Utilities/stm32_timer.o
                0x000000000800753c                UTIL_TIMER_Start
 .text.UTIL_TIMER_SetPeriod
                0x00000000080075c0       0x38 ./Utilities/stm32_timer.o
                0x00000000080075c0                UTIL_TIMER_SetPeriod
 .text.UTIL_TIMER_IRQ_Handler
                0x00000000080075f8       0x8c ./Utilities/stm32_timer.o
                0x00000000080075f8                UTIL_TIMER_IRQ_Handler
 .text.tiny_vsnprintf_like
                0x0000000008007684      0x254 ./Utilities/stm32_tiny_vsnprintf.o
                0x0000000008007684                tiny_vsnprintf_like
 .text.__libc_init_array
                0x00000000080078d8       0x48 c:/st/stm32cubeide_1.9.0/stm32cubeide/plugins/com.st.stm32cube.ide.mcu.externaltools.gnu-tools-for-stm32.10.3-2021.10.win32_1.0.0.202111181127/tools/bin/../lib/gcc/arm-none-eabi/10.3.1/../../../../arm-none-eabi/lib/thumb/v6-m/nofp\libc_nano.a(lib_a-init.o)
                0x00000000080078d8                __libc_init_array
 .text.memcpy   0x0000000008007920       0x12 c:/st/stm32cubeide_1.9.0/stm32cubeide/plugins/com.st.stm32cube.ide.mcu.externaltools.gnu-tools-for-stm32.10.3-2021.10.win32_1.0.0.202111181127/tools/bin/../lib/gcc/arm-none-eabi/10.3.1/../../../../arm-none-eabi/lib/thumb/v6-m/nofp\libc_nano.a(lib_a-memcpy-stub.o)
                0x0000000008007920                memcpy
 .text.memset   0x0000000008007932       0x10 c:/st/stm32cubeide_1.9.0/stm32cubeide/plugins/com.st.stm32cube.ide.mcu.externaltools.gnu-tools-for-stm32.10.3-2021.10.win32_1.0.0.202111181127/tools/bin/../lib/gcc/arm-none-eabi/10.3.1/../../../../arm-none-eabi/lib/thumb/v6-m/nofp\libc_nano.a(lib_a-memset.o)
                0x0000000008007932                memset
 .text.strncmp  0x0000000008007942       0x24 c:/st/stm32cubeide_1.9.0/stm32cubeide/plugins/com.st.stm32cube.ide.mcu.externaltools.gnu-tools-for-stm32.10.3-2021.10.win32_1.0.0.202111181127/tools/bin/../lib/gcc/arm-none-eabi/10.3.1/../../../../arm-none-eabi/lib/thumb/v6-m/nofp\libc_nano.a(lib_a-strncmp.o)
                0x0000000008007942                strncmp
 *(.glue_7)
 .glue_7        0x0000000008007966        0x0 linker stubs
 *(.glue_7t)
 .glue_7t       0x0000000008007966        0x0 linker stubs
 *(.eh_frame)
 *fill*         0x0000000008007966        0x2 
 .eh_frame      0x0000000008007968        0x0 c:/st/stm32cubeide_1.9.0/stm32cubeide/plugins/com.st.stm32cube.ide.mcu.externaltools.gnu-tools-for-stm32.10.3-2021.10.win32_1.0.0.202111181127/tools/bin/../lib/gcc/arm-none-eabi/10.3.1/thumb/v6-m/nofp/crtbegin.o
 *(.init)
 .init          0x0000000008007968        0x4 c:/st/stm32cubeide_1.9.0/stm32cubeide/plugins/com.st.stm32cube.ide.mcu.externaltools.gnu-tools-for-stm32.10.3-2021.10.win32_1.0.0.202111181127/tools/bin/../lib/gcc/arm-none-eabi/10.3.1/thumb/v6-m/nofp/crti.o
                0x0000000008007968                _init
 .init          0x000000000800796c        0x8 c:/st/stm32cubeide_1.9.0/stm32cubeide/plugins/com.st.stm32cube.ide.mcu.externaltools.gnu-tools-for-stm32.10.3-2021.10.win32_1.0.0.202111181127/tools/bin/../lib/gcc/arm-none-eabi/10.3.1/thumb/v6-m/nofp/crtn.o
 *(.fini)
 .fini          0x0000000008007974        0x4 c:/st/stm32cubeide_1.9.0/stm32cubeide/plugins/com.st.stm32cube.ide.mcu.externaltools.gnu-tools-for-stm32.10.3-2021.10.win32_1.0.0.202111181127/tools/bin/../lib/gcc/arm-none-eabi/10.3.1/thumb/v6-m/nofp/crti.o
                0x0000000008007974                _fini
 .fini          0x0000000008007978        0x8 c:/st/stm32cubeide_1.9.0/stm32cubeide/plugins/com.st.stm32cube.ide.mcu.externaltools.gnu-tools-for-stm32.10.3-2021.10.win32_1.0.0.202111181127/tools/bin/../lib/gcc/arm-none-eabi/10.3.1/thumb/v6-m/nofp/crtn.o
                0x0000000008007980                . = ALIGN (0x4)
                0x0000000008007980                _etext = .

.vfp11_veneer   0x0000000008007980        0x0
 .vfp11_veneer  0x0000000008007980        0x0 linker stubs

.v4_bx          0x0000000008007980        0x0
 .v4_bx         0x0000000008007980        0x0 linker stubs

.iplt           0x0000000008007980        0x0
 .iplt          0x0000000008007980        0x0 c:/st/stm32cubeide_1.9.0/stm32cubeide/plugins/com.st.stm32cube.ide.mcu.externaltools.gnu-tools-for-stm32.10.3-2021.10.win32_1.0.0.202111181127/tools/bin/../lib/gcc/arm-none-eabi/10.3.1/thumb/v6-m/nofp/crtbegin.o

.rodata         0x0000000008007980      0x42c
                0x0000000008007980                . = ALIGN (0x4)
 *(.rodata)
 .rodata        0x0000000008007980        0xa ./Application/App/subghz_phy_app.o
                0x0000000008007980                PongMsg
                0x0000000008007985                PingMsg
 *fill*         0x000000000800798a        0x2 
 .rodata        0x000000000800798c       0x58 ./Application/Core/rtc_if.o
                0x00000000080079a4                UTIL_SYSTIMDriver
                0x00000000080079b8                UTIL_TimerDriver
 .rodata        0x00000000080079e4       0x18 ./Application/Core/stm32_lpm_if.o
                0x00000000080079e4                UTIL_PowerDriver
 .rodata        0x00000000080079fc       0x10 ./Application/Core/usart_if.o
                0x00000000080079fc                UTIL_TraceDriver
 .rodata        0x0000000008007a0c       0x20 ./Application/Target/b_l072z_lrwan1_bus.o
 .rodata        0x0000000008007a2c        0xc ./Drivers/BSP/B-L072Z-LRWAN1/b-l072z-lrwan1.o
                0x0000000008007a2c                LED_PIN
                0x0000000008007a34                BUTTON_IRQn
                0x0000000008007a36                BUTTON_PIN
 .rodata        0x0000000008007a38       0x24 ./Drivers/BSP/CMWX1ZZABZ_0xx/cmwx1zzabz_0xx.o
 .rodata        0x0000000008007a5c       0x21 ./Drivers/CMSIS/system_stm32l0xx.o
                0x0000000008007a5c                PLLMulTable
                0x0000000008007a65                AHBPrescTable
                0x0000000008007a75                APBPrescTable
 .rodata        0x0000000008007a7d       0x10 ./Drivers/STM32L0xx_HAL_Driver/stm32l0xx_hal_uart.o
 *fill*         0x0000000008007a8d        0x3 
 .rodata        0x0000000008007a90      0x15c ./Middlewares/SubGHz_Phy/sx1276.o
                0x0000000008007aa0                RadioRegsInit
                0x0000000008007ad0                FskBandwidths
                0x0000000008007b80                Radio
 .rodata        0x0000000008007bec       0x10 ./Utilities/stm32_seq.o
 .rodata        0x0000000008007bfc       0x40 c:/st/stm32cubeide_1.9.0/stm32cubeide/plugins/com.st.stm32cube.ide.mcu.externaltools.gnu-tools-for-stm32.10.3-2021.10.win32_1.0.0.202111181127/tools/bin/../lib/gcc/arm-none-eabi/10.3.1/thumb/v6-m/nofp\libgcc.a(divdf3.o)
 .rodata        0x0000000008007c3c       0x40 c:/st/stm32cubeide_1.9.0/stm32cubeide/plugins/com.st.stm32cube.ide.mcu.externaltools.gnu-tools-for-stm32.10.3-2021.10.win32_1.0.0.202111181127/tools/bin/../lib/gcc/arm-none-eabi/10.3.1/thumb/v6-m/nofp\libgcc.a(muldf3.o)
 *(.rodata*)
 .rodata.str1.1
                0x0000000008007c7c       0xd2 ./Application/App/subghz_phy_app.o
                                         0xdd (size before relaxing)
 .rodata.str1.1
                0x0000000008007d4e        0x9 ./Application/Core/sys_app.o
 .rodata.cst1   0x0000000008007d57        0x1 ./Middlewares/SubGHz_Phy/sx1276.o
 .rodata.str1.1
                0x0000000008007d58       0x51 ./Utilities/stm32_tiny_vsnprintf.o
                0x0000000008007dac                . = ALIGN (0x4)
 *fill*         0x0000000008007da9        0x3 

.ARM.extab
 *(.ARM.extab* .gnu.linkonce.armextab.*)

.ARM            0x0000000008007dac        0x8
                0x0000000008007dac                __exidx_start = .
 *(.ARM.exidx*)
 .ARM.exidx     0x0000000008007dac        0x8 c:/st/stm32cubeide_1.9.0/stm32cubeide/plugins/com.st.stm32cube.ide.mcu.externaltools.gnu-tools-for-stm32.10.3-2021.10.win32_1.0.0.202111181127/tools/bin/../lib/gcc/arm-none-eabi/10.3.1/thumb/v6-m/nofp\libgcc.a(_udivmoddi4.o)
                0x0000000008007db4                __exidx_end = .

.rel.dyn        0x0000000008007db4        0x0
 .rel.iplt      0x0000000008007db4        0x0 c:/st/stm32cubeide_1.9.0/stm32cubeide/plugins/com.st.stm32cube.ide.mcu.externaltools.gnu-tools-for-stm32.10.3-2021.10.win32_1.0.0.202111181127/tools/bin/../lib/gcc/arm-none-eabi/10.3.1/thumb/v6-m/nofp/crtbegin.o

.preinit_array  0x0000000008007db4        0x0
                0x0000000008007db4                PROVIDE (__preinit_array_start = .)
 *(.preinit_array*)
                0x0000000008007db4                PROVIDE (__preinit_array_end = .)

.init_array     0x0000000008007db4        0x4
                0x0000000008007db4                PROVIDE (__init_array_start = .)
 *(SORT_BY_NAME(.init_array.*))
 *(.init_array*)
 .init_array    0x0000000008007db4        0x4 c:/st/stm32cubeide_1.9.0/stm32cubeide/plugins/com.st.stm32cube.ide.mcu.externaltools.gnu-tools-for-stm32.10.3-2021.10.win32_1.0.0.202111181127/tools/bin/../lib/gcc/arm-none-eabi/10.3.1/thumb/v6-m/nofp/crtbegin.o
                0x0000000008007db8                PROVIDE (__init_array_end = .)

.fini_array     0x0000000008007db8        0x4
                [!provide]                        PROVIDE (__fini_array_start = .)
 *(SORT_BY_NAME(.fini_array.*))
 *(.fini_array*)
 .fini_array    0x0000000008007db8        0x4 c:/st/stm32cubeide_1.9.0/stm32cubeide/plugins/com.st.stm32cube.ide.mcu.externaltools.gnu-tools-for-stm32.10.3-2021.10.win32_1.0.0.202111181127/tools/bin/../lib/gcc/arm-none-eabi/10.3.1/thumb/v6-m/nofp/crtbegin.o
                [!provide]                        PROVIDE (__fini_array_end = .)
                0x0000000008007dbc                _sidata = LOADADDR (.data)

.data           0x0000000020000000       0x44 load address 0x0000000008007dbc
                0x0000000020000000                . = ALIGN (0x4)
                0x0000000020000000                _sdata = .
 *(.data)
 .data          0x0000000020000000        0x3 ./Application/App/subghz_phy_app.o
                0x0000000020000000                BufferSize
                0x0000000020000002                isMaster
 *fill*         0x0000000020000003        0x1 
 .data          0x0000000020000004       0x14 ./Drivers/BSP/B-L072Z-LRWAN1/b-l072z-lrwan1.o
                0x0000000020000004                LED_PORT
                0x0000000020000014                BUTTON_PORT
 .data          0x0000000020000018        0x4 ./Drivers/CMSIS/system_stm32l0xx.o
                0x0000000020000018                SystemCoreClock
 .data          0x000000002000001c        0x8 ./Drivers/STM32L0xx_HAL_Driver/stm32l0xx_hal.o
                0x000000002000001c                uwTickFreq
                0x0000000020000020                uwTickPrio
 .data          0x0000000020000024       0x18 ./Middlewares/SubGHz_Phy/sx1276.o
                0x0000000020000024                DioIrq
 .data          0x000000002000003c        0x8 ./Utilities/stm32_seq.o
 *(.data*)
                0x0000000020000044                . = ALIGN (0x4)
                0x0000000020000044                _edata = .

.igot.plt       0x0000000020000044        0x0 load address 0x0000000008007e00
 .igot.plt      0x0000000020000044        0x0 c:/st/stm32cubeide_1.9.0/stm32cubeide/plugins/com.st.stm32cube.ide.mcu.externaltools.gnu-tools-for-stm32.10.3-2021.10.win32_1.0.0.202111181127/tools/bin/../lib/gcc/arm-none-eabi/10.3.1/thumb/v6-m/nofp/crtbegin.o
                0x0000000020000044                . = ALIGN (0x4)

.bss            0x0000000020000044      0x7cc load address 0x0000000008007e00
                0x0000000020000044                _sbss = .
                0x0000000020000044                __bss_start__ = _sbss
 *(.bss)
 .bss           0x0000000020000044       0x1c c:/st/stm32cubeide_1.9.0/stm32cubeide/plugins/com.st.stm32cube.ide.mcu.externaltools.gnu-tools-for-stm32.10.3-2021.10.win32_1.0.0.202111181127/tools/bin/../lib/gcc/arm-none-eabi/10.3.1/thumb/v6-m/nofp/crtbegin.o
 .bss           0x0000000020000060       0x78 ./Application/App/subghz_phy_app.o
                0x0000000020000078                State
                0x0000000020000079                Buffer
                0x00000000200000b9                RssiValue
                0x00000000200000ba                SnrValue
 .bss           0x00000000200000d8       0x24 ./Application/Core/rtc.o
                0x00000000200000d8                hrtc
 .bss           0x00000000200000fc       0x45 ./Application/Core/rtc_if.o
 *fill*         0x0000000020000141        0x3 
 .bss           0x0000000020000144       0xcc ./Application/Core/usart.o
                0x0000000020000144                hdma_tx
                0x000000002000018c                husart2
 .bss           0x0000000020000210        0x9 ./Application/Core/usart_if.o
                0x0000000020000218                charRx
 *fill*         0x0000000020000219        0x3 
 .bss           0x000000002000021c       0x58 ./Application/Target/b_l072z_lrwan1_bus.o
                0x000000002000021c                hspi1
 .bss           0x0000000020000274       0x20 ./Drivers/BSP/CMWX1ZZABZ_0xx/cmwx1zzabz_0xx.o
                0x0000000020000274                hRADIO_DIO_exti
 .bss           0x0000000020000294        0x4 ./Drivers/STM32L0xx_HAL_Driver/stm32l0xx_hal.o
                0x0000000020000294                uwTick
 .bss           0x0000000020000298      0x1b4 ./Middlewares/SubGHz_Phy/sx1276.o
                0x0000000020000298                SX1276
                0x0000000020000300                RxTimeoutSyncWord
                0x000000002000031c                RxTimeoutTimer
                0x0000000020000334                TxTimeoutTimer
 .bss           0x000000002000044c      0x318 ./Utilities/stm32_adv_trace.o
 .bss           0x0000000020000764        0x8 ./Utilities/stm32_lpm.o
 .bss           0x000000002000076c       0xa0 ./Utilities/stm32_seq.o
 .bss           0x000000002000080c        0x4 ./Utilities/stm32_timer.o
 *(.bss*)
 *(COMMON)
                0x0000000020000810                . = ALIGN (0x4)
                0x0000000020000810                _ebss = .
                0x0000000020000810                __bss_end__ = _ebss

._user_heap_stack
                0x0000000020000810      0x600 load address 0x0000000008007e00
                0x0000000020000810                . = ALIGN (0x8)
                0x0000000020000810                PROVIDE (end = .)
                [!provide]                        PROVIDE (_end = .)
                0x0000000020000a10                . = (. + _Min_Heap_Size)
 *fill*         0x0000000020000810      0x200 
                0x0000000020000e10                . = (. + _Min_Stack_Size)
 *fill*         0x0000000020000a10      0x400 
                0x0000000020000e10                . = ALIGN (0x8)

/DISCARD/
 libc.a(*)
 libm.a(*)
 libgcc.a(*)

.ARM.attributes
                0x0000000000000000       0x28
 *(.ARM.attributes)
 .ARM.attributes
                0x0000000000000000       0x1e c:/st/stm32cubeide_1.9.0/stm32cubeide/plugins/com.st.stm32cube.ide.mcu.externaltools.gnu-tools-for-stm32.10.3-2021.10.win32_1.0.0.202111181127/tools/bin/../lib/gcc/arm-none-eabi/10.3.1/thumb/v6-m/nofp/crti.o
 .ARM.attributes
                0x000000000000001e       0x2c c:/st/stm32cubeide_1.9.0/stm32cubeide/plugins/com.st.stm32cube.ide.mcu.externaltools.gnu-tools-for-stm32.10.3-2021.10.win32_1.0.0.202111181127/tools/bin/../lib/gcc/arm-none-eabi/10.3.1/thumb/v6-m/nofp/crtbegin.o
 .ARM.attributes
                0x000000000000004a       0x2c ./Application/App/app_subghz_phy.o
 .ARM.attributes
                0x0000000000000076       0x2c ./Application/App/subghz_phy_app.o
 .ARM.attributes
                0x00000000000000a2       0x2c ./Application/Core/dma.o
 .ARM.attributes
                0x00000000000000ce       0x2c ./Application/Core/main.o
 .ARM.attributes
                0x00000000000000fa       0x2c ./Application/Core/rtc.o
 .ARM.attributes
                0x0000000000000126       0x2c ./Application/Core/rtc_if.o
 .ARM.attributes
                0x0000000000000152       0x2c ./Application/Core/stm32_lpm_if.o
 .ARM.attributes
                0x000000000000017e       0x2c ./Application/Core/stm32l0xx_hal_msp.o
 .ARM.attributes
                0x00000000000001aa       0x2c ./Application/Core/stm32l0xx_it.o
 .ARM.attributes
                0x00000000000001d6       0x2c ./Application/Core/sys_app.o
 .ARM.attributes
                0x0000000000000202       0x2c ./Application/Core/sys_debug.o
 .ARM.attributes
                0x000000000000022e       0x2c ./Application/Core/usart.o
 .ARM.attributes
                0x000000000000025a       0x2c ./Application/Core/usart_if.o
 .ARM.attributes
                0x0000000000000286       0x22 ./Application/SW4STM32/startup_stm32l072xx.o
 .ARM.attributes
                0x00000000000002a8       0x2c ./Application/Target/b_l072z_lrwan1_bus.o
 .ARM.attributes
                0x00000000000002d4       0x2c ./Drivers/BSP/B-L072Z-LRWAN1/b-l072z-lrwan1.o
 .ARM.attributes
                0x0000000000000300       0x2c ./Drivers/BSP/CMWX1ZZABZ_0xx/cmwx1zzabz_0xx.o
 .ARM.attributes
                0x000000000000032c       0x2c ./Drivers/CMSIS/system_stm32l0xx.o
 .ARM.attributes
                0x0000000000000358       0x2c ./Drivers/STM32L0xx_HAL_Driver/stm32l0xx_hal.o
 .ARM.attributes
                0x0000000000000384       0x2c ./Drivers/STM32L0xx_HAL_Driver/stm32l0xx_hal_cortex.o
 .ARM.attributes
                0x00000000000003b0       0x2c ./Drivers/STM32L0xx_HAL_Driver/stm32l0xx_hal_dma.o
 .ARM.attributes
                0x00000000000003dc       0x2c ./Drivers/STM32L0xx_HAL_Driver/stm32l0xx_hal_exti.o
 .ARM.attributes
                0x0000000000000408       0x2c ./Drivers/STM32L0xx_HAL_Driver/stm32l0xx_hal_gpio.o
 .ARM.attributes
                0x0000000000000434       0x2c ./Drivers/STM32L0xx_HAL_Driver/stm32l0xx_hal_pwr.o
 .ARM.attributes
                0x0000000000000460       0x2c ./Drivers/STM32L0xx_HAL_Driver/stm32l0xx_hal_pwr_ex.o
 .ARM.attributes
                0x000000000000048c       0x2c ./Drivers/STM32L0xx_HAL_Driver/stm32l0xx_hal_rcc.o
 .ARM.attributes
                0x00000000000004b8       0x2c ./Drivers/STM32L0xx_HAL_Driver/stm32l0xx_hal_rcc_ex.o
 .ARM.attributes
                0x00000000000004e4       0x2c ./Drivers/STM32L0xx_HAL_Driver/stm32l0xx_hal_rtc.o
 .ARM.attributes
                0x0000000000000510       0x2c ./Drivers/STM32L0xx_HAL_Driver/stm32l0xx_hal_rtc_ex.o
 .ARM.attributes
                0x000000000000053c       0x2c ./Drivers/STM32L0xx_HAL_Driver/stm32l0xx_hal_spi.o
 .ARM.attributes
                0x0000000000000568       0x2c ./Drivers/STM32L0xx_HAL_Driver/stm32l0xx_hal_uart.o
 .ARM.attributes
                0x0000000000000594       0x2c ./Drivers/STM32L0xx_HAL_Driver/stm32l0xx_hal_uart_ex.o
 .ARM.attributes
                0x00000000000005c0       0x2c ./Middlewares/SubGHz_Phy/sx1276.o
 .ARM.attributes
                0x00000000000005ec       0x2c ./Utilities/stm32_adv_trace.o
 .ARM.attributes
                0x0000000000000618       0x2c ./Utilities/stm32_lpm.o
 .ARM.attributes
                0x0000000000000644       0x2c ./Utilities/stm32_mem.o
 .ARM.attributes
                0x0000000000000670       0x2c ./Utilities/stm32_seq.o
 .ARM.attributes
                0x000000000000069c       0x2c ./Utilities/stm32_systime.o
 .ARM.attributes
                0x00000000000006c8       0x2c ./Utilities/stm32_timer.o
 .ARM.attributes
                0x00000000000006f4       0x2c ./Utilities/stm32_tiny_vsnprintf.o
 .ARM.attributes
                0x0000000000000720       0x2c c:/st/stm32cubeide_1.9.0/stm32cubeide/plugins/com.st.stm32cube.ide.mcu.externaltools.gnu-tools-for-stm32.10.3-2021.10.win32_1.0.0.202111181127/tools/bin/../lib/gcc/arm-none-eabi/10.3.1/../../../../arm-none-eabi/lib/thumb/v6-m/nofp\libc_nano.a(lib_a-init.o)
 .ARM.attributes
                0x000000000000074c       0x2c c:/st/stm32cubeide_1.9.0/stm32cubeide/plugins/com.st.stm32cube.ide.mcu.externaltools.gnu-tools-for-stm32.10.3-2021.10.win32_1.0.0.202111181127/tools/bin/../lib/gcc/arm-none-eabi/10.3.1/../../../../arm-none-eabi/lib/thumb/v6-m/nofp\libc_nano.a(lib_a-memcpy-stub.o)
 .ARM.attributes
                0x0000000000000778       0x2c c:/st/stm32cubeide_1.9.0/stm32cubeide/plugins/com.st.stm32cube.ide.mcu.externaltools.gnu-tools-for-stm32.10.3-2021.10.win32_1.0.0.202111181127/tools/bin/../lib/gcc/arm-none-eabi/10.3.1/../../../../arm-none-eabi/lib/thumb/v6-m/nofp\libc_nano.a(lib_a-memset.o)
 .ARM.attributes
                0x00000000000007a4       0x1c c:/st/stm32cubeide_1.9.0/stm32cubeide/plugins/com.st.stm32cube.ide.mcu.externaltools.gnu-tools-for-stm32.10.3-2021.10.win32_1.0.0.202111181127/tools/bin/../lib/gcc/arm-none-eabi/10.3.1/../../../../arm-none-eabi/lib/thumb/v6-m/nofp\libc_nano.a(lib_a-strlen.o)
 .ARM.attributes
                0x00000000000007c0       0x2c c:/st/stm32cubeide_1.9.0/stm32cubeide/plugins/com.st.stm32cube.ide.mcu.externaltools.gnu-tools-for-stm32.10.3-2021.10.win32_1.0.0.202111181127/tools/bin/../lib/gcc/arm-none-eabi/10.3.1/../../../../arm-none-eabi/lib/thumb/v6-m/nofp\libc_nano.a(lib_a-strncmp.o)
 .ARM.attributes
                0x00000000000007ec       0x1e c:/st/stm32cubeide_1.9.0/stm32cubeide/plugins/com.st.stm32cube.ide.mcu.externaltools.gnu-tools-for-stm32.10.3-2021.10.win32_1.0.0.202111181127/tools/bin/../lib/gcc/arm-none-eabi/10.3.1/thumb/v6-m/nofp\libgcc.a(_thumb1_case_sqi.o)
 .ARM.attributes
                0x000000000000080a       0x1e c:/st/stm32cubeide_1.9.0/stm32cubeide/plugins/com.st.stm32cube.ide.mcu.externaltools.gnu-tools-for-stm32.10.3-2021.10.win32_1.0.0.202111181127/tools/bin/../lib/gcc/arm-none-eabi/10.3.1/thumb/v6-m/nofp\libgcc.a(_thumb1_case_uqi.o)
 .ARM.attributes
                0x0000000000000828       0x1e c:/st/stm32cubeide_1.9.0/stm32cubeide/plugins/com.st.stm32cube.ide.mcu.externaltools.gnu-tools-for-stm32.10.3-2021.10.win32_1.0.0.202111181127/tools/bin/../lib/gcc/arm-none-eabi/10.3.1/thumb/v6-m/nofp\libgcc.a(_thumb1_case_shi.o)
 .ARM.attributes
                0x0000000000000846       0x1e c:/st/stm32cubeide_1.9.0/stm32cubeide/plugins/com.st.stm32cube.ide.mcu.externaltools.gnu-tools-for-stm32.10.3-2021.10.win32_1.0.0.202111181127/tools/bin/../lib/gcc/arm-none-eabi/10.3.1/thumb/v6-m/nofp\libgcc.a(_thumb1_case_uhi.o)
 .ARM.attributes
                0x0000000000000864       0x1e c:/st/stm32cubeide_1.9.0/stm32cubeide/plugins/com.st.stm32cube.ide.mcu.externaltools.gnu-tools-for-stm32.10.3-2021.10.win32_1.0.0.202111181127/tools/bin/../lib/gcc/arm-none-eabi/10.3.1/thumb/v6-m/nofp\libgcc.a(_udivsi3.o)
 .ARM.attributes
                0x0000000000000882       0x1e c:/st/stm32cubeide_1.9.0/stm32cubeide/plugins/com.st.stm32cube.ide.mcu.externaltools.gnu-tools-for-stm32.10.3-2021.10.win32_1.0.0.202111181127/tools/bin/../lib/gcc/arm-none-eabi/10.3.1/thumb/v6-m/nofp\libgcc.a(_divsi3.o)
 .ARM.attributes
                0x00000000000008a0       0x1e c:/st/stm32cubeide_1.9.0/stm32cubeide/plugins/com.st.stm32cube.ide.mcu.externaltools.gnu-tools-for-stm32.10.3-2021.10.win32_1.0.0.202111181127/tools/bin/../lib/gcc/arm-none-eabi/10.3.1/thumb/v6-m/nofp\libgcc.a(_dvmd_tls.o)
 .ARM.attributes
                0x00000000000008be       0x1e c:/st/stm32cubeide_1.9.0/stm32cubeide/plugins/com.st.stm32cube.ide.mcu.externaltools.gnu-tools-for-stm32.10.3-2021.10.win32_1.0.0.202111181127/tools/bin/../lib/gcc/arm-none-eabi/10.3.1/thumb/v6-m/nofp\libgcc.a(_aeabi_uldivmod.o)
 .ARM.attributes
                0x00000000000008dc       0x2c c:/st/stm32cubeide_1.9.0/stm32cubeide/plugins/com.st.stm32cube.ide.mcu.externaltools.gnu-tools-for-stm32.10.3-2021.10.win32_1.0.0.202111181127/tools/bin/../lib/gcc/arm-none-eabi/10.3.1/thumb/v6-m/nofp\libgcc.a(_muldi3.o)
 .ARM.attributes
                0x0000000000000908       0x2c c:/st/stm32cubeide_1.9.0/stm32cubeide/plugins/com.st.stm32cube.ide.mcu.externaltools.gnu-tools-for-stm32.10.3-2021.10.win32_1.0.0.202111181127/tools/bin/../lib/gcc/arm-none-eabi/10.3.1/thumb/v6-m/nofp\libgcc.a(_fixunsdfsi.o)
 .ARM.attributes
                0x0000000000000934       0x2c c:/st/stm32cubeide_1.9.0/stm32cubeide/plugins/com.st.stm32cube.ide.mcu.externaltools.gnu-tools-for-stm32.10.3-2021.10.win32_1.0.0.202111181127/tools/bin/../lib/gcc/arm-none-eabi/10.3.1/thumb/v6-m/nofp\libgcc.a(_udivmoddi4.o)
 .ARM.attributes
                0x0000000000000960       0x2c c:/st/stm32cubeide_1.9.0/stm32cubeide/plugins/com.st.stm32cube.ide.mcu.externaltools.gnu-tools-for-stm32.10.3-2021.10.win32_1.0.0.202111181127/tools/bin/../lib/gcc/arm-none-eabi/10.3.1/thumb/v6-m/nofp\libgcc.a(divdf3.o)
 .ARM.attributes
                0x000000000000098c       0x2c c:/st/stm32cubeide_1.9.0/stm32cubeide/plugins/com.st.stm32cube.ide.mcu.externaltools.gnu-tools-for-stm32.10.3-2021.10.win32_1.0.0.202111181127/tools/bin/../lib/gcc/arm-none-eabi/10.3.1/thumb/v6-m/nofp\libgcc.a(muldf3.o)
 .ARM.attributes
                0x00000000000009b8       0x2c c:/st/stm32cubeide_1.9.0/stm32cubeide/plugins/com.st.stm32cube.ide.mcu.externaltools.gnu-tools-for-stm32.10.3-2021.10.win32_1.0.0.202111181127/tools/bin/../lib/gcc/arm-none-eabi/10.3.1/thumb/v6-m/nofp\libgcc.a(subdf3.o)
 .ARM.attributes
                0x00000000000009e4       0x2c c:/st/stm32cubeide_1.9.0/stm32cubeide/plugins/com.st.stm32cube.ide.mcu.externaltools.gnu-tools-for-stm32.10.3-2021.10.win32_1.0.0.202111181127/tools/bin/../lib/gcc/arm-none-eabi/10.3.1/thumb/v6-m/nofp\libgcc.a(fixdfsi.o)
 .ARM.attributes
                0x0000000000000a10       0x2c c:/st/stm32cubeide_1.9.0/stm32cubeide/plugins/com.st.stm32cube.ide.mcu.externaltools.gnu-tools-for-stm32.10.3-2021.10.win32_1.0.0.202111181127/tools/bin/../lib/gcc/arm-none-eabi/10.3.1/thumb/v6-m/nofp\libgcc.a(floatsidf.o)
 .ARM.attributes
                0x0000000000000a3c       0x2c c:/st/stm32cubeide_1.9.0/stm32cubeide/plugins/com.st.stm32cube.ide.mcu.externaltools.gnu-tools-for-stm32.10.3-2021.10.win32_1.0.0.202111181127/tools/bin/../lib/gcc/arm-none-eabi/10.3.1/thumb/v6-m/nofp\libgcc.a(floatunsidf.o)
 .ARM.attributes
                0x0000000000000a68       0x1e c:/st/stm32cubeide_1.9.0/stm32cubeide/plugins/com.st.stm32cube.ide.mcu.externaltools.gnu-tools-for-stm32.10.3-2021.10.win32_1.0.0.202111181127/tools/bin/../lib/gcc/arm-none-eabi/10.3.1/thumb/v6-m/nofp\libgcc.a(_arm_cmpdf2.o)
 .ARM.attributes
                0x0000000000000a86       0x1e c:/st/stm32cubeide_1.9.0/stm32cubeide/plugins/com.st.stm32cube.ide.mcu.externaltools.gnu-tools-for-stm32.10.3-2021.10.win32_1.0.0.202111181127/tools/bin/../lib/gcc/arm-none-eabi/10.3.1/thumb/v6-m/nofp\libgcc.a(_clzsi2.o)
 .ARM.attributes
                0x0000000000000aa4       0x1e c:/st/stm32cubeide_1.9.0/stm32cubeide/plugins/com.st.stm32cube.ide.mcu.externaltools.gnu-tools-for-stm32.10.3-2021.10.win32_1.0.0.202111181127/tools/bin/../lib/gcc/arm-none-eabi/10.3.1/thumb/v6-m/nofp\libgcc.a(_clzdi2.o)
 .ARM.attributes
                0x0000000000000ac2       0x2c c:/st/stm32cubeide_1.9.0/stm32cubeide/plugins/com.st.stm32cube.ide.mcu.externaltools.gnu-tools-for-stm32.10.3-2021.10.win32_1.0.0.202111181127/tools/bin/../lib/gcc/arm-none-eabi/10.3.1/thumb/v6-m/nofp\libgcc.a(eqdf2.o)
 .ARM.attributes
                0x0000000000000aee       0x2c c:/st/stm32cubeide_1.9.0/stm32cubeide/plugins/com.st.stm32cube.ide.mcu.externaltools.gnu-tools-for-stm32.10.3-2021.10.win32_1.0.0.202111181127/tools/bin/../lib/gcc/arm-none-eabi/10.3.1/thumb/v6-m/nofp\libgcc.a(gedf2.o)
 .ARM.attributes
                0x0000000000000b1a       0x2c c:/st/stm32cubeide_1.9.0/stm32cubeide/plugins/com.st.stm32cube.ide.mcu.externaltools.gnu-tools-for-stm32.10.3-2021.10.win32_1.0.0.202111181127/tools/bin/../lib/gcc/arm-none-eabi/10.3.1/thumb/v6-m/nofp\libgcc.a(ledf2.o)
 .ARM.attributes
                0x0000000000000b46       0x1e c:/st/stm32cubeide_1.9.0/stm32cubeide/plugins/com.st.stm32cube.ide.mcu.externaltools.gnu-tools-for-stm32.10.3-2021.10.win32_1.0.0.202111181127/tools/bin/../lib/gcc/arm-none-eabi/10.3.1/thumb/v6-m/nofp/crtn.o
OUTPUT(cmwx1zzabz_0xx.elf elf32-littlearm)
LOAD linker stubs
LOAD c:/st/stm32cubeide_1.9.0/stm32cubeide/plugins/com.st.stm32cube.ide.mcu.externaltools.gnu-tools-for-stm32.10.3-2021.10.win32_1.0.0.202111181127/tools/bin/../lib/gcc/arm-none-eabi/10.3.1/../../../../arm-none-eabi/lib/thumb/v6-m/nofp\libc.a
LOAD c:/st/stm32cubeide_1.9.0/stm32cubeide/plugins/com.st.stm32cube.ide.mcu.externaltools.gnu-tools-for-stm32.10.3-2021.10.win32_1.0.0.202111181127/tools/bin/../lib/gcc/arm-none-eabi/10.3.1/../../../../arm-none-eabi/lib/thumb/v6-m/nofp\libm.a
LOAD c:/st/stm32cubeide_1.9.0/stm32cubeide/plugins/com.st.stm32cube.ide.mcu.externaltools.gnu-tools-for-stm32.10.3-2021.10.win32_1.0.0.202111181127/tools/bin/../lib/gcc/arm-none-eabi/10.3.1/thumb/v6-m/nofp\libgcc.a

.debug_info     0x0000000000000000    0x1d407
 .debug_info    0x0000000000000000      0x110 ./Application/App/app_subghz_phy.o
 .debug_info    0x0000000000000110     0x128b ./Application/App/subghz_phy_app.o
 .debug_info    0x000000000000139b      0x344 ./Application/Core/dma.o
 .debug_info    0x00000000000016df      0x501 ./Application/Core/main.o
 .debug_info    0x0000000000001be0      0xad9 ./Application/Core/rtc.o
 .debug_info    0x00000000000026b9     0x1219 ./Application/Core/rtc_if.o
 .debug_info    0x00000000000038d2      0x4de ./Application/Core/stm32_lpm_if.o
 .debug_info    0x0000000000003db0      0x2e5 ./Application/Core/stm32l0xx_hal_msp.o
 .debug_info    0x0000000000004095      0xabe ./Application/Core/stm32l0xx_it.o
 .debug_info    0x0000000000004b53      0xa54 ./Application/Core/sys_app.o
 .debug_info    0x00000000000055a7      0x3c5 ./Application/Core/sys_debug.o
 .debug_info    0x000000000000596c      0xd7d ./Application/Core/usart.o
 .debug_info    0x00000000000066e9      0xd47 ./Application/Core/usart_if.o
 .debug_info    0x0000000000007430       0x22 ./Application/SW4STM32/startup_stm32l072xx.o
 .debug_info    0x0000000000007452      0xdff ./Application/Target/b_l072z_lrwan1_bus.o
 .debug_info    0x0000000000008251      0xa63 ./Drivers/BSP/B-L072Z-LRWAN1/b-l072z-lrwan1.o
 .debug_info    0x0000000000008cb4     0x1694 ./Drivers/BSP/CMWX1ZZABZ_0xx/cmwx1zzabz_0xx.o
 .debug_info    0x000000000000a348      0x3dd ./Drivers/CMSIS/system_stm32l0xx.o
 .debug_info    0x000000000000a725      0x9c8 ./Drivers/STM32L0xx_HAL_Driver/stm32l0xx_hal.o
 .debug_info    0x000000000000b0ed      0xa96 ./Drivers/STM32L0xx_HAL_Driver/stm32l0xx_hal_cortex.o
 .debug_info    0x000000000000bb83      0x897 ./Drivers/STM32L0xx_HAL_Driver/stm32l0xx_hal_dma.o
 .debug_info    0x000000000000c41a      0x5d4 ./Drivers/STM32L0xx_HAL_Driver/stm32l0xx_hal_exti.o
 .debug_info    0x000000000000c9ee      0x6f0 ./Drivers/STM32L0xx_HAL_Driver/stm32l0xx_hal_gpio.o
 .debug_info    0x000000000000d0de      0x679 ./Drivers/STM32L0xx_HAL_Driver/stm32l0xx_hal_pwr.o
 .debug_info    0x000000000000d757      0x1b7 ./Drivers/STM32L0xx_HAL_Driver/stm32l0xx_hal_pwr_ex.o
 .debug_info    0x000000000000d90e      0xd5a ./Drivers/STM32L0xx_HAL_Driver/stm32l0xx_hal_rcc.o
 .debug_info    0x000000000000e668      0x949 ./Drivers/STM32L0xx_HAL_Driver/stm32l0xx_hal_rcc_ex.o
 .debug_info    0x000000000000efb1      0xec5 ./Drivers/STM32L0xx_HAL_Driver/stm32l0xx_hal_rtc.o
 .debug_info    0x000000000000fe76     0x1186 ./Drivers/STM32L0xx_HAL_Driver/stm32l0xx_hal_rtc_ex.o
 .debug_info    0x0000000000010ffc     0x1f2e ./Drivers/STM32L0xx_HAL_Driver/stm32l0xx_hal_spi.o
 .debug_info    0x0000000000012f2a     0x204e ./Drivers/STM32L0xx_HAL_Driver/stm32l0xx_hal_uart.o
 .debug_info    0x0000000000014f78      0xc78 ./Drivers/STM32L0xx_HAL_Driver/stm32l0xx_hal_uart_ex.o
 .debug_info    0x0000000000015bf0     0x3a7d ./Middlewares/SubGHz_Phy/sx1276.o
 .debug_info    0x000000000001966d     0x1064 ./Utilities/stm32_adv_trace.o
 .debug_info    0x000000000001a6d1      0x4a9 ./Utilities/stm32_lpm.o
 .debug_info    0x000000000001ab7a      0x224 ./Utilities/stm32_mem.o
 .debug_info    0x000000000001ad9e      0xb37 ./Utilities/stm32_seq.o
 .debug_info    0x000000000001b8d5      0xa0c ./Utilities/stm32_systime.o
 .debug_info    0x000000000001c2e1      0xcc7 ./Utilities/stm32_timer.o
 .debug_info    0x000000000001cfa8      0x45f ./Utilities/stm32_tiny_vsnprintf.o

.debug_abbrev   0x0000000000000000     0x600a
 .debug_abbrev  0x0000000000000000       0xc3 ./Application/App/app_subghz_phy.o
 .debug_abbrev  0x00000000000000c3      0x2ae ./Application/App/subghz_phy_app.o
 .debug_abbrev  0x0000000000000371      0x11c ./Application/Core/dma.o
 .debug_abbrev  0x000000000000048d      0x1c5 ./Application/Core/main.o
 .debug_abbrev  0x0000000000000652      0x1ba ./Application/Core/rtc.o
 .debug_abbrev  0x000000000000080c      0x3de ./Application/Core/rtc_if.o
 .debug_abbrev  0x0000000000000bea      0x272 ./Application/Core/stm32_lpm_if.o
 .debug_abbrev  0x0000000000000e5c       0xe0 ./Application/Core/stm32l0xx_hal_msp.o
 .debug_abbrev  0x0000000000000f3c      0x1e6 ./Application/Core/stm32l0xx_it.o
 .debug_abbrev  0x0000000000001122      0x361 ./Application/Core/sys_app.o
 .debug_abbrev  0x0000000000001483      0x169 ./Application/Core/sys_debug.o
 .debug_abbrev  0x00000000000015ec      0x23a ./Application/Core/usart.o
 .debug_abbrev  0x0000000000001826      0x2a0 ./Application/Core/usart_if.o
 .debug_abbrev  0x0000000000001ac6       0x12 ./Application/SW4STM32/startup_stm32l072xx.o
 .debug_abbrev  0x0000000000001ad8      0x2e7 ./Application/Target/b_l072z_lrwan1_bus.o
 .debug_abbrev  0x0000000000001dbf      0x29d ./Drivers/BSP/B-L072Z-LRWAN1/b-l072z-lrwan1.o
 .debug_abbrev  0x000000000000205c      0x421 ./Drivers/BSP/CMWX1ZZABZ_0xx/cmwx1zzabz_0xx.o
 .debug_abbrev  0x000000000000247d      0x134 ./Drivers/CMSIS/system_stm32l0xx.o
 .debug_abbrev  0x00000000000025b1      0x301 ./Drivers/STM32L0xx_HAL_Driver/stm32l0xx_hal.o
 .debug_abbrev  0x00000000000028b2      0x2a1 ./Drivers/STM32L0xx_HAL_Driver/stm32l0xx_hal_cortex.o
 .debug_abbrev  0x0000000000002b53      0x20f ./Drivers/STM32L0xx_HAL_Driver/stm32l0xx_hal_dma.o
 .debug_abbrev  0x0000000000002d62      0x1e3 ./Drivers/STM32L0xx_HAL_Driver/stm32l0xx_hal_exti.o
 .debug_abbrev  0x0000000000002f45      0x1ec ./Drivers/STM32L0xx_HAL_Driver/stm32l0xx_hal_gpio.o
 .debug_abbrev  0x0000000000003131      0x17e ./Drivers/STM32L0xx_HAL_Driver/stm32l0xx_hal_pwr.o
 .debug_abbrev  0x00000000000032af      0x121 ./Drivers/STM32L0xx_HAL_Driver/stm32l0xx_hal_pwr_ex.o
 .debug_abbrev  0x00000000000033d0      0x2ea ./Drivers/STM32L0xx_HAL_Driver/stm32l0xx_hal_rcc.o
 .debug_abbrev  0x00000000000036ba      0x242 ./Drivers/STM32L0xx_HAL_Driver/stm32l0xx_hal_rcc_ex.o
 .debug_abbrev  0x00000000000038fc      0x220 ./Drivers/STM32L0xx_HAL_Driver/stm32l0xx_hal_rtc.o
 .debug_abbrev  0x0000000000003b1c      0x247 ./Drivers/STM32L0xx_HAL_Driver/stm32l0xx_hal_rtc_ex.o
 .debug_abbrev  0x0000000000003d63      0x366 ./Drivers/STM32L0xx_HAL_Driver/stm32l0xx_hal_spi.o
 .debug_abbrev  0x00000000000040c9      0x340 ./Drivers/STM32L0xx_HAL_Driver/stm32l0xx_hal_uart.o
 .debug_abbrev  0x0000000000004409      0x28f ./Drivers/STM32L0xx_HAL_Driver/stm32l0xx_hal_uart_ex.o
 .debug_abbrev  0x0000000000004698      0x535 ./Middlewares/SubGHz_Phy/sx1276.o
 .debug_abbrev  0x0000000000004bcd      0x450 ./Utilities/stm32_adv_trace.o
 .debug_abbrev  0x000000000000501d      0x21e ./Utilities/stm32_lpm.o
 .debug_abbrev  0x000000000000523b       0xe2 ./Utilities/stm32_mem.o
 .debug_abbrev  0x000000000000531d      0x325 ./Utilities/stm32_seq.o
 .debug_abbrev  0x0000000000005642      0x3c4 ./Utilities/stm32_systime.o
 .debug_abbrev  0x0000000000005a06      0x40c ./Utilities/stm32_timer.o
 .debug_abbrev  0x0000000000005e12      0x1f8 ./Utilities/stm32_tiny_vsnprintf.o

.debug_aranges  0x0000000000000000     0x1370
 .debug_aranges
                0x0000000000000000       0x28 ./Application/App/app_subghz_phy.o
 .debug_aranges
                0x0000000000000028       0x58 ./Application/App/subghz_phy_app.o
 .debug_aranges
                0x0000000000000080       0x20 ./Application/Core/dma.o
 .debug_aranges
                0x00000000000000a0       0x30 ./Application/Core/main.o
 .debug_aranges
                0x00000000000000d0       0x30 ./Application/Core/rtc.o
 .debug_aranges
                0x0000000000000100       0xa8 ./Application/Core/rtc_if.o
 .debug_aranges
                0x00000000000001a8       0x38 ./Application/Core/stm32_lpm_if.o
 .debug_aranges
                0x00000000000001e0       0x20 ./Application/Core/stm32l0xx_hal_msp.o
 .debug_aranges